Archive member included because of file (symbol)

C:\Users\ryuya\AppData\Local\arduino15\packages\arduino\hardware\sam\1.6.9\variants\arduino_due_x/libsam_sam3x8e_gcc_rel.a(pio.o)
                              C:\Users\ryuya\AppData\Local\Temp\VMicroBuilds\TestBunkatsu\arduino_due_x_dbg\variant\variant.cpp.o (PIO_Configure)
C:\Users\ryuya\AppData\Local\arduino15\packages\arduino\hardware\sam\1.6.9\variants\arduino_due_x/libsam_sam3x8e_gcc_rel.a(pmc.o)
                              C:\Users\ryuya\AppData\Local\Temp\VMicroBuilds\TestBunkatsu\arduino_due_x_dbg\variant\variant.cpp.o (pmc_enable_periph_clk)
C:\Users\ryuya\AppData\Local\arduino15\packages\arduino\hardware\sam\1.6.9\variants\arduino_due_x/libsam_sam3x8e_gcc_rel.a(system_sam3xa.o)
                              C:\Users\ryuya\AppData\Local\Temp\VMicroBuilds\TestBunkatsu\arduino_due_x_dbg\variant\variant.cpp.o (SystemInit)
C:\Users\ryuya\AppData\Local\arduino15\packages\arduino\hardware\sam\1.6.9\variants\arduino_due_x/libsam_sam3x8e_gcc_rel.a(startup_sam3xa.o)
                              (Reset_Handler)
C:\Users\ryuya\AppData\Local\arduino15\packages\arduino\hardware\sam\1.6.9\variants\arduino_due_x/libsam_sam3x8e_gcc_rel.a(adc.o)
                              C:\Users\ryuya\AppData\Local\Temp\VMicroBuilds\TestBunkatsu\arduino_due_x_dbg\variant\variant.cpp.o (adc_init)
C:\Users\ryuya\AppData\Local\arduino15\packages\arduino\hardware\sam\1.6.9\variants\arduino_due_x/libsam_sam3x8e_gcc_rel.a(uotghs.o)
                              C:\Users\ryuya\AppData\Local\arduino15\packages\arduino\hardware\sam\1.6.9\variants\arduino_due_x/libsam_sam3x8e_gcc_rel.a(startup_sam3xa.o) (UOTGHS_Handler)
C:\Users\ryuya\AppData\Local\Temp\VMicroBuilds\TestBunkatsu\arduino_due_x_dbg/core.a(cortex_handlers.c.o)
                              C:\Users\ryuya\AppData\Local\arduino15\packages\arduino\hardware\sam\1.6.9\variants\arduino_due_x/libsam_sam3x8e_gcc_rel.a(startup_sam3xa.o) (NMI_Handler)
C:\Users\ryuya\AppData\Local\Temp\VMicroBuilds\TestBunkatsu\arduino_due_x_dbg/core.a(hooks.c.o)
                              C:\Users\ryuya\AppData\Local\Temp\VMicroBuilds\TestBunkatsu\arduino_due_x_dbg/core.a(cortex_handlers.c.o) (sysTickHook)
C:\Users\ryuya\AppData\Local\Temp\VMicroBuilds\TestBunkatsu\arduino_due_x_dbg/core.a(syscalls_sam3.c.o)
                              (_sbrk)
C:\Users\ryuya\AppData\Local\Temp\VMicroBuilds\TestBunkatsu\arduino_due_x_dbg/core.a(wiring.c.o)
                              C:\Users\ryuya\AppData\Local\Temp\VMicroBuilds\TestBunkatsu\arduino_due_x_dbg\TestBunkatsu.cpp.o (delay)
C:\Users\ryuya\AppData\Local\Temp\VMicroBuilds\TestBunkatsu\arduino_due_x_dbg/core.a(wiring_analog.c.o)
                              C:\Users\ryuya\AppData\Local\Temp\VMicroBuilds\TestBunkatsu\arduino_due_x_dbg\variant\variant.cpp.o (analogOutputInit)
C:\Users\ryuya\AppData\Local\Temp\VMicroBuilds\TestBunkatsu\arduino_due_x_dbg/core.a(wiring_digital.c.o)
                              C:\Users\ryuya\AppData\Local\Temp\VMicroBuilds\TestBunkatsu\arduino_due_x_dbg\TestBunkatsu.cpp.o (pinMode)
C:\Users\ryuya\AppData\Local\Temp\VMicroBuilds\TestBunkatsu\arduino_due_x_dbg/core.a(main.cpp.o)
                              c:/users/ryuya/appdata/local/arduino15/packages/arduino/tools/arm-none-eabi-gcc/4.8.3-2014q1/bin/../lib/gcc/arm-none-eabi/4.8.3/../../../../arm-none-eabi/lib/armv7-m/crt0.o (main)
C:\Users\ryuya\AppData\Local\Temp\VMicroBuilds\TestBunkatsu\arduino_due_x_dbg/core.a(Print.cpp.o)
                              C:\Users\ryuya\AppData\Local\Temp\VMicroBuilds\TestBunkatsu\arduino_due_x_dbg\TestBunkatsu.cpp.o (Print::println(char const*))
C:\Users\ryuya\AppData\Local\Temp\VMicroBuilds\TestBunkatsu\arduino_due_x_dbg/core.a(Reset.cpp.o)
                              C:\Users\ryuya\AppData\Local\Temp\VMicroBuilds\TestBunkatsu\arduino_due_x_dbg/core.a(cortex_handlers.c.o) (tickReset)
C:\Users\ryuya\AppData\Local\Temp\VMicroBuilds\TestBunkatsu\arduino_due_x_dbg/core.a(RingBuffer.cpp.o)
                              C:\Users\ryuya\AppData\Local\Temp\VMicroBuilds\TestBunkatsu\arduino_due_x_dbg\variant\variant.cpp.o (RingBuffer::RingBuffer())
C:\Users\ryuya\AppData\Local\Temp\VMicroBuilds\TestBunkatsu\arduino_due_x_dbg/core.a(UARTClass.cpp.o)
                              C:\Users\ryuya\AppData\Local\Temp\VMicroBuilds\TestBunkatsu\arduino_due_x_dbg\variant\variant.cpp.o (UARTClass::available())
C:\Users\ryuya\AppData\Local\Temp\VMicroBuilds\TestBunkatsu\arduino_due_x_dbg/core.a(USARTClass.cpp.o)
                              C:\Users\ryuya\AppData\Local\Temp\VMicroBuilds\TestBunkatsu\arduino_due_x_dbg\variant\variant.cpp.o (USARTClass::USARTClass(Usart*, IRQn, unsigned long, RingBuffer*, RingBuffer*))
C:\Users\ryuya\AppData\Local\Temp\VMicroBuilds\TestBunkatsu\arduino_due_x_dbg/core.a(watchdog.cpp.o)
                              C:\Users\ryuya\AppData\Local\Temp\VMicroBuilds\TestBunkatsu\arduino_due_x_dbg/core.a(main.cpp.o) (watchdogSetup())
[...]
Memory Configuration

Name             Origin             Length             Attributes
rom              0x00080000         0x00080000         xr
sram0            0x20000000         0x00010000         xrw
sram1            0x20080000         0x00008000         xrw
ram              0x20070000         0x00018000         xrw
*default*        0x00000000         0xffffffff

Linker script and memory map

LOAD c:/users/ryuya/appdata/local/arduino15/packages/arduino/tools/arm-none-eabi-gcc/4.8.3-2014q1/bin/../lib/gcc/arm-none-eabi/4.8.3/armv7-m/crti.o
LOAD c:/users/ryuya/appdata/local/arduino15/packages/arduino/tools/arm-none-eabi-gcc/4.8.3-2014q1/bin/../lib/gcc/arm-none-eabi/4.8.3/armv7-m/crtbegin.o
LOAD c:/users/ryuya/appdata/local/arduino15/packages/arduino/tools/arm-none-eabi-gcc/4.8.3-2014q1/bin/../lib/gcc/arm-none-eabi/4.8.3/../../../../arm-none-eabi/lib/armv7-m/crt0.o
START GROUP
LOAD C:\Users\ryuya\AppData\Local\Temp\VMicroBuilds\TestBunkatsu\arduino_due_x_dbg\TestBunkatsu.cpp.o
LOAD C:\Users\ryuya\AppData\Local\Temp\VMicroBuilds\TestBunkatsu\arduino_due_x_dbg\led_toggle.cpp.o
LOAD C:\Users\ryuya\AppData\Local\Temp\VMicroBuilds\TestBunkatsu\arduino_due_x_dbg\variant\variant.cpp.o
LOAD C:\Users\ryuya\AppData\Local\arduino15\packages\arduino\hardware\sam\1.6.9\variants\arduino_due_x/libsam_sam3x8e_gcc_rel.a
LOAD C:\Users\ryuya\AppData\Local\Temp\VMicroBuilds\TestBunkatsu\arduino_due_x_dbg/core.a
END GROUP
LOAD c:/users/ryuya/appdata/local/arduino15/packages/arduino/tools/arm-none-eabi-gcc/4.8.3-2014q1/bin/../lib/gcc/arm-none-eabi/4.8.3/../../../../arm-none-eabi/lib/armv7-m\libm.a
START GROUP
LOAD c:/users/ryuya/appdata/local/arduino15/packages/arduino/tools/arm-none-eabi-gcc/4.8.3-2014q1/bin/../lib/gcc/arm-none-eabi/4.8.3/armv7-m\libgcc.a
LOAD c:/users/ryuya/appdata/local/arduino15/packages/arduino/tools/arm-none-eabi-gcc/4.8.3-2014q1/bin/../lib/gcc/arm-none-eabi/4.8.3/../../../../arm-none-eabi/lib/armv7-m\libg.a
LOAD c:/users/ryuya/appdata/local/arduino15/packages/arduino/tools/arm-none-eabi-gcc/4.8.3-2014q1/bin/../lib/gcc/arm-none-eabi/4.8.3/../../../../arm-none-eabi/lib/armv7-m\libc.a
END GROUP
LOAD c:/users/ryuya/appdata/local/arduino15/packages/arduino/tools/arm-none-eabi-gcc/4.8.3-2014q1/bin/../lib/gcc/arm-none-eabi/4.8.3/armv7-m/crtend.o
LOAD c:/users/ryuya/appdata/local/arduino15/packages/arduino/tools/arm-none-eabi-gcc/4.8.3-2014q1/bin/../lib/gcc/arm-none-eabi/4.8.3/armv7-m/crtn.o

.text           0x00080000     0x574c
                0x00080000                . = ALIGN (0x4)
                0x00080000                _sfixed = .
 *(.vectors .vectors.*)
 .vectors       0x00080000       0xf4 C:\Users\ryuya\AppData\Local\arduino15\packages\arduino\hardware\sam\1.6.9\variants\arduino_due_x/libsam_sam3x8e_gcc_rel.a(startup_sam3xa.o)
                0x00080000                exception_table
 *(.text .text.* .gnu.linkonce.t.*)
 .text          0x000800f4       0x54 c:/users/ryuya/appdata/local/arduino15/packages/arduino/tools/arm-none-eabi-gcc/4.8.3-2014q1/bin/../lib/gcc/arm-none-eabi/4.8.3/armv7-m/crtbegin.o
 .text.loop     0x00080148       0xa4 C:\Users\ryuya\AppData\Local\Temp\VMicroBuilds\TestBunkatsu\arduino_due_x_dbg\TestBunkatsu.cpp.o
                0x00080148                loop
 .text.setup    0x000801ec       0x38 C:\Users\ryuya\AppData\Local\Temp\VMicroBuilds\TestBunkatsu\arduino_due_x_dbg\TestBunkatsu.cpp.o
                0x000801ec                setup
 .text._Z11serialEventv
                0x00080224        0x2 C:\Users\ryuya\AppData\Local\Temp\VMicroBuilds\TestBunkatsu\arduino_due_x_dbg\variant\variant.cpp.o
                0x00080224                serialEvent()
 *fill*         0x00080226        0x2 
 .text.UART_Handler
                0x00080228        0xc C:\Users\ryuya\AppData\Local\Temp\VMicroBuilds\TestBunkatsu\arduino_due_x_dbg\variant\variant.cpp.o
                0x00080228                UART_Handler
 .text._Z12serialEvent1v
                0x00080234        0x2 C:\Users\ryuya\AppData\Local\Temp\VMicroBuilds\TestBunkatsu\arduino_due_x_dbg\variant\variant.cpp.o
                0x00080234                serialEvent1()
 .text._Z12serialEvent2v
                0x00080236        0x2 C:\Users\ryuya\AppData\Local\Temp\VMicroBuilds\TestBunkatsu\arduino_due_x_dbg\variant\variant.cpp.o
                0x00080236                serialEvent2()
 .text._Z12serialEvent3v
                0x00080238        0x2 C:\Users\ryuya\AppData\Local\Temp\VMicroBuilds\TestBunkatsu\arduino_due_x_dbg\variant\variant.cpp.o
                0x00080238                serialEvent3()
 *fill*         0x0008023a        0x2 
 .text.USART0_Handler
                0x0008023c        0xc C:\Users\ryuya\AppData\Local\Temp\VMicroBuilds\TestBunkatsu\arduino_due_x_dbg\variant\variant.cpp.o
                0x0008023c                USART0_Handler
 .text.USART1_Handler
                0x00080248        0xc C:\Users\ryuya\AppData\Local\Temp\VMicroBuilds\TestBunkatsu\arduino_due_x_dbg\variant\variant.cpp.o
                0x00080248                USART1_Handler
 .text.USART3_Handler
                0x00080254        0xc C:\Users\ryuya\AppData\Local\Temp\VMicroBuilds\TestBunkatsu\arduino_due_x_dbg\variant\variant.cpp.o
                0x00080254                USART3_Handler
 .text.init     0x00080260      0x128 C:\Users\ryuya\AppData\Local\Temp\VMicroBuilds\TestBunkatsu\arduino_due_x_dbg\variant\variant.cpp.o
                0x00080260                init
 .text.startup._GLOBAL__sub_I_g_APinDescription
                0x00080388       0xd4 C:\Users\ryuya\AppData\Local\Temp\VMicroBuilds\TestBunkatsu\arduino_due_x_dbg\variant\variant.cpp.o
 .text._Z14serialEventRunv
                0x0008045c       0x44 C:\Users\ryuya\AppData\Local\Temp\VMicroBuilds\TestBunkatsu\arduino_due_x_dbg\variant\variant.cpp.o
                0x0008045c                serialEventRun()
 .text.PIO_PullUp
                0x000804a0        0xa C:\Users\ryuya\AppData\Local\arduino15\packages\arduino\hardware\sam\1.6.9\variants\arduino_due_x/libsam_sam3x8e_gcc_rel.a(pio.o)
                0x000804a0                PIO_PullUp
 .text.PIO_SetPeripheral
                0x000804aa       0x26 C:\Users\ryuya\AppData\Local\arduino15\packages\arduino\hardware\sam\1.6.9\variants\arduino_due_x/libsam_sam3x8e_gcc_rel.a(pio.o)
                0x000804aa                PIO_SetPeripheral
 .text.PIO_SetInput
                0x000804d0       0x26 C:\Users\ryuya\AppData\Local\arduino15\packages\arduino\hardware\sam\1.6.9\variants\arduino_due_x/libsam_sam3x8e_gcc_rel.a(pio.o)
                0x000804d0                PIO_SetInput
 .text.PIO_SetOutput
                0x000804f6       0x24 C:\Users\ryuya\AppData\Local\arduino15\packages\arduino\hardware\sam\1.6.9\variants\arduino_due_x/libsam_sam3x8e_gcc_rel.a(pio.o)
                0x000804f6                PIO_SetOutput
 *fill*         0x0008051a        0x2 
 .text.PIO_Configure
                0x0008051c       0x64 C:\Users\ryuya\AppData\Local\arduino15\packages\arduino\hardware\sam\1.6.9\variants\arduino_due_x/libsam_sam3x8e_gcc_rel.a(pio.o)
                0x0008051c                PIO_Configure
 .text.PIO_GetOutputDataStatus
                0x00080580       0x14 C:\Users\ryuya\AppData\Local\arduino15\packages\arduino\hardware\sam\1.6.9\variants\arduino_due_x/libsam_sam3x8e_gcc_rel.a(pio.o)
                0x00080580                PIO_GetOutputDataStatus
 .text.pmc_enable_upll_clock
                0x00080594       0x14 C:\Users\ryuya\AppData\Local\arduino15\packages\arduino\hardware\sam\1.6.9\variants\arduino_due_x/libsam_sam3x8e_gcc_rel.a(pmc.o)
                0x00080594                pmc_enable_upll_clock
 .text.pmc_enable_periph_clk
                0x000805a8       0x44 C:\Users\ryuya\AppData\Local\arduino15\packages\arduino\hardware\sam\1.6.9\variants\arduino_due_x/libsam_sam3x8e_gcc_rel.a(pmc.o)
                0x000805a8                pmc_enable_periph_clk
 .text.pmc_disable_periph_clk
                0x000805ec       0x40 C:\Users\ryuya\AppData\Local\arduino15\packages\arduino\hardware\sam\1.6.9\variants\arduino_due_x/libsam_sam3x8e_gcc_rel.a(pmc.o)
                0x000805ec                pmc_disable_periph_clk
 .text.pmc_switch_udpck_to_upllck
                0x0008062c       0x14 C:\Users\ryuya\AppData\Local\arduino15\packages\arduino\hardware\sam\1.6.9\variants\arduino_due_x/libsam_sam3x8e_gcc_rel.a(pmc.o)
                0x0008062c                pmc_switch_udpck_to_upllck
 .text.pmc_enable_udpck
                0x00080640        0xc C:\Users\ryuya\AppData\Local\arduino15\packages\arduino\hardware\sam\1.6.9\variants\arduino_due_x/libsam_sam3x8e_gcc_rel.a(pmc.o)
                0x00080640                pmc_enable_udpck
 .text.SystemInit
                0x0008064c       0x88 C:\Users\ryuya\AppData\Local\arduino15\packages\arduino\hardware\sam\1.6.9\variants\arduino_due_x/libsam_sam3x8e_gcc_rel.a(system_sam3xa.o)
                0x0008064c                SystemInit
 .text.Reset_Handler
                0x000806d4       0x78 C:\Users\ryuya\AppData\Local\arduino15\packages\arduino\hardware\sam\1.6.9\variants\arduino_due_x/libsam_sam3x8e_gcc_rel.a(startup_sam3xa.o)
                0x000806d4                Reset_Handler
 .text.adc_init
                0x0008074c       0x98 C:\Users\ryuya\AppData\Local\arduino15\packages\arduino\hardware\sam\1.6.9\variants\arduino_due_x/libsam_sam3x8e_gcc_rel.a(adc.o)
                0x0008074c                adc_init
 .text.adc_configure_trigger
                0x000807e4        0xe C:\Users\ryuya\AppData\Local\arduino15\packages\arduino\hardware\sam\1.6.9\variants\arduino_due_x/libsam_sam3x8e_gcc_rel.a(adc.o)
                0x000807e4                adc_configure_trigger
 .text.adc_configure_timing
                0x000807f2       0x1a C:\Users\ryuya\AppData\Local\arduino15\packages\arduino\hardware\sam\1.6.9\variants\arduino_due_x/libsam_sam3x8e_gcc_rel.a(adc.o)
                0x000807f2                adc_configure_timing
 .text.adc_disable_channel
                0x0008080c        0xa C:\Users\ryuya\AppData\Local\arduino15\packages\arduino\hardware\sam\1.6.9\variants\arduino_due_x/libsam_sam3x8e_gcc_rel.a(adc.o)
                0x0008080c                adc_disable_channel
 .text.adc_disable_all_channel
                0x00080816        0x8 C:\Users\ryuya\AppData\Local\arduino15\packages\arduino\hardware\sam\1.6.9\variants\arduino_due_x/libsam_sam3x8e_gcc_rel.a(adc.o)
                0x00080816                adc_disable_all_channel
 .text.adc_disable_interrupt
                0x0008081e        0x4 C:\Users\ryuya\AppData\Local\arduino15\packages\arduino\hardware\sam\1.6.9\variants\arduino_due_x/libsam_sam3x8e_gcc_rel.a(adc.o)
                0x0008081e                adc_disable_interrupt
 *fill*         0x00080822        0x2 
 .text.UOTGHS_Handler
                0x00080824       0x10 C:\Users\ryuya\AppData\Local\arduino15\packages\arduino\hardware\sam\1.6.9\variants\arduino_due_x/libsam_sam3x8e_gcc_rel.a(uotghs.o)
                0x00080824                UOTGHS_Handler
 .text.__halt   0x00080834        0x2 C:\Users\ryuya\AppData\Local\Temp\VMicroBuilds\TestBunkatsu\arduino_due_x_dbg/core.a(cortex_handlers.c.o)
                0x00080834                DACC_Handler
                0x00080834                DebugMon_Handler
                0x00080834                DMAC_Handler
                0x00080834                TRNG_Handler
                0x00080834                HardFault_Handler
                0x00080834                TC2_Handler
                0x00080834                TWI1_Handler
                0x00080834                NMI_Handler
                0x00080834                TC7_Handler
                0x00080834                ADC_Handler
                0x00080834                SMC_Handler
                0x00080834                RTT_Handler
                0x00080834                EFC1_Handler
                0x00080834                PIOB_Handler
                0x00080834                RTC_Handler
                0x00080834                UsageFault_Handler
                0x00080834                TC6_Handler
                0x00080834                WDT_Handler
                0x00080834                CAN0_Handler
                0x00080834                TC4_Handler
                0x00080834                TC1_Handler
                0x00080834                HSMCI_Handler
                0x00080834                TC3_Handler
                0x00080834                TWI0_Handler
                0x00080834                PIOA_Handler
                0x00080834                SSC_Handler
                0x00080834                EFC0_Handler
                0x00080834                PMC_Handler
                0x00080834                PWM_Handler
                0x00080834                CAN1_Handler
                0x00080834                MemManage_Handler
                0x00080834                SUPC_Handler
                0x00080834                TC8_Handler
                0x00080834                USART2_Handler
                0x00080834                PIOD_Handler
                0x00080834                EMAC_Handler
                0x00080834                PIOC_Handler
                0x00080834                BusFault_Handler
                0x00080834                RSTC_Handler
                0x00080834                TC0_Handler
                0x00080834                TC5_Handler
                0x00080834                SPI0_Handler
 .text.SVC_Handler
                0x00080836        0x4 C:\Users\ryuya\AppData\Local\Temp\VMicroBuilds\TestBunkatsu\arduino_due_x_dbg/core.a(cortex_handlers.c.o)
                0x00080836                SVC_Handler
 .text.PendSV_Handler
                0x0008083a        0x4 C:\Users\ryuya\AppData\Local\Temp\VMicroBuilds\TestBunkatsu\arduino_due_x_dbg/core.a(cortex_handlers.c.o)
                0x0008083a                PendSV_Handler
 .text.SysTick_Handler
                0x0008083e       0x16 C:\Users\ryuya\AppData\Local\Temp\VMicroBuilds\TestBunkatsu\arduino_due_x_dbg/core.a(cortex_handlers.c.o)
                0x0008083e                SysTick_Handler
 .text.__empty  0x00080854        0x2 C:\Users\ryuya\AppData\Local\Temp\VMicroBuilds\TestBunkatsu\arduino_due_x_dbg/core.a(hooks.c.o)
                0x00080854                yield
 .text.__false  0x00080856        0x4 C:\Users\ryuya\AppData\Local\Temp\VMicroBuilds\TestBunkatsu\arduino_due_x_dbg/core.a(hooks.c.o)
                0x00080856                sysTickHook
 .text.__halt   0x0008085a        0x2 C:\Users\ryuya\AppData\Local\Temp\VMicroBuilds\TestBunkatsu\arduino_due_x_dbg/core.a(hooks.c.o)
                0x0008085a                svcHook
                0x0008085a                pendSVHook
 .text._sbrk    0x0008085c       0x1c C:\Users\ryuya\AppData\Local\Temp\VMicroBuilds\TestBunkatsu\arduino_due_x_dbg/core.a(syscalls_sam3.c.o)
                0x0008085c                _sbrk
 .text.link     0x00080878        0x6 C:\Users\ryuya\AppData\Local\Temp\VMicroBuilds\TestBunkatsu\arduino_due_x_dbg/core.a(syscalls_sam3.c.o)
                0x00080878                link
 .text._close   0x0008087e        0x6 C:\Users\ryuya\AppData\Local\Temp\VMicroBuilds\TestBunkatsu\arduino_due_x_dbg/core.a(syscalls_sam3.c.o)
                0x0008087e                _close
 .text._fstat   0x00080884        0xa C:\Users\ryuya\AppData\Local\Temp\VMicroBuilds\TestBunkatsu\arduino_due_x_dbg/core.a(syscalls_sam3.c.o)
                0x00080884                _fstat
 .text._isatty  0x0008088e        0x4 C:\Users\ryuya\AppData\Local\Temp\VMicroBuilds\TestBunkatsu\arduino_due_x_dbg/core.a(syscalls_sam3.c.o)
                0x0008088e                _isatty
 .text._lseek   0x00080892        0x4 C:\Users\ryuya\AppData\Local\Temp\VMicroBuilds\TestBunkatsu\arduino_due_x_dbg/core.a(syscalls_sam3.c.o)
                0x00080892                _lseek
 .text._read    0x00080896        0x4 C:\Users\ryuya\AppData\Local\Temp\VMicroBuilds\TestBunkatsu\arduino_due_x_dbg/core.a(syscalls_sam3.c.o)
                0x00080896                _read
 *fill*         0x0008089a        0x2 
 .text._write   0x0008089c       0x24 C:\Users\ryuya\AppData\Local\Temp\VMicroBuilds\TestBunkatsu\arduino_due_x_dbg/core.a(syscalls_sam3.c.o)
                0x0008089c                _write
 .text._exit    0x000808c0       0x10 C:\Users\ryuya\AppData\Local\Temp\VMicroBuilds\TestBunkatsu\arduino_due_x_dbg/core.a(syscalls_sam3.c.o)
                0x000808c0                _exit
 .text._kill    0x000808d0        0x2 C:\Users\ryuya\AppData\Local\Temp\VMicroBuilds\TestBunkatsu\arduino_due_x_dbg/core.a(syscalls_sam3.c.o)
                0x000808d0                _kill
 .text._getpid  0x000808d2        0x6 C:\Users\ryuya\AppData\Local\Temp\VMicroBuilds\TestBunkatsu\arduino_due_x_dbg/core.a(syscalls_sam3.c.o)
                0x000808d2                _getpid
 .text.delay    0x000808d8       0x1c C:\Users\ryuya\AppData\Local\Temp\VMicroBuilds\TestBunkatsu\arduino_due_x_dbg/core.a(wiring.c.o)
                0x000808d8                delay
 .text.analogOutputInit
                0x000808f4        0x2 C:\Users\ryuya\AppData\Local\Temp\VMicroBuilds\TestBunkatsu\arduino_due_x_dbg/core.a(wiring_analog.c.o)
                0x000808f4                analogOutputInit
 *fill*         0x000808f6        0x2 
 .text.pinMode  0x000808f8      0x108 C:\Users\ryuya\AppData\Local\Temp\VMicroBuilds\TestBunkatsu\arduino_due_x_dbg/core.a(wiring_digital.c.o)
                0x000808f8                pinMode
 .text.digitalWrite
                0x00080a00       0x70 C:\Users\ryuya\AppData\Local\Temp\VMicroBuilds\TestBunkatsu\arduino_due_x_dbg/core.a(wiring_digital.c.o)
                0x00080a00                digitalWrite
 .text.initVariant
                0x00080a70        0x2 C:\Users\ryuya\AppData\Local\Temp\VMicroBuilds\TestBunkatsu\arduino_due_x_dbg/core.a(main.cpp.o)
                0x00080a70                initVariant
 *fill*         0x00080a72        0x2 
 .text.startup.main
                0x00080a74       0x38 C:\Users\ryuya\AppData\Local\Temp\VMicroBuilds\TestBunkatsu\arduino_due_x_dbg/core.a(main.cpp.o)
                0x00080a74                main
 .text._ZN5Print5writeEPKhj
                0x00080aac       0x22 C:\Users\ryuya\AppData\Local\Temp\VMicroBuilds\TestBunkatsu\arduino_due_x_dbg/core.a(Print.cpp.o)
                0x00080aac                Print::write(unsigned char const*, unsigned int)
 .text._ZN5Print5writeEPKc
                0x00080ace       0x1e C:\Users\ryuya\AppData\Local\Temp\VMicroBuilds\TestBunkatsu\arduino_due_x_dbg/core.a(Print.cpp.o)
                0x00080ace                Print::write(char const*)
 .text._ZN5Print5printEc
                0x00080aec        0xa C:\Users\ryuya\AppData\Local\Temp\VMicroBuilds\TestBunkatsu\arduino_due_x_dbg/core.a(Print.cpp.o)
                0x00080aec                Print::print(char)
 *fill*         0x00080af6        0x2 
 .text._ZN5Print7printlnEv
                0x00080af8       0x10 C:\Users\ryuya\AppData\Local\Temp\VMicroBuilds\TestBunkatsu\arduino_due_x_dbg/core.a(Print.cpp.o)
                0x00080af8                Print::println()
 .text._ZN5Print7printlnEPKc
                0x00080b08       0x14 C:\Users\ryuya\AppData\Local\Temp\VMicroBuilds\TestBunkatsu\arduino_due_x_dbg/core.a(Print.cpp.o)
                0x00080b08                Print::println(char const*)
 .text._ZN5Print11printNumberEmh
                0x00080b1c       0x3e C:\Users\ryuya\AppData\Local\Temp\VMicroBuilds\TestBunkatsu\arduino_due_x_dbg/core.a(Print.cpp.o)
                0x00080b1c                Print::printNumber(unsigned long, unsigned char)
 .text._ZN5Print5printEli
                0x00080b5a       0x3c C:\Users\ryuya\AppData\Local\Temp\VMicroBuilds\TestBunkatsu\arduino_due_x_dbg/core.a(Print.cpp.o)
                0x00080b5a                Print::print(long, int)
 .text._ZN5Print7printlnEii
                0x00080b96       0x14 C:\Users\ryuya\AppData\Local\Temp\VMicroBuilds\TestBunkatsu\arduino_due_x_dbg/core.a(Print.cpp.o)
                0x00080b96                Print::println(int, int)
 *fill*         0x00080baa        0x2 
 .text.initiateReset
                0x00080bac        0xc C:\Users\ryuya\AppData\Local\Temp\VMicroBuilds\TestBunkatsu\arduino_due_x_dbg/core.a(Reset.cpp.o)
                0x00080bac                initiateReset
 .text.cancelReset
                0x00080bb8       0x10 C:\Users\ryuya\AppData\Local\Temp\VMicroBuilds\TestBunkatsu\arduino_due_x_dbg/core.a(Reset.cpp.o)
                0x00080bb8                cancelReset
 .text.tickReset
                0x00080bc8       0x20 C:\Users\ryuya\AppData\Local\Temp\VMicroBuilds\TestBunkatsu\arduino_due_x_dbg/core.a(Reset.cpp.o)
                0x00080bc8                tickReset
 .text._ZN10RingBufferC2Ev
                0x00080be8       0x1a C:\Users\ryuya\AppData\Local\Temp\VMicroBuilds\TestBunkatsu\arduino_due_x_dbg/core.a(RingBuffer.cpp.o)
                0x00080be8                RingBuffer::RingBuffer()
                0x00080be8                RingBuffer::RingBuffer()
 .text._ZN10RingBuffer10store_charEh
                0x00080c02       0x1e C:\Users\ryuya\AppData\Local\Temp\VMicroBuilds\TestBunkatsu\arduino_due_x_dbg/core.a(RingBuffer.cpp.o)
                0x00080c02                RingBuffer::store_char(unsigned char)
 .text._ZN9UARTClasscvbEv
                0x00080c20        0x4 C:\Users\ryuya\AppData\Local\Temp\VMicroBuilds\TestBunkatsu\arduino_due_x_dbg/core.a(UARTClass.cpp.o)
                0x00080c20                UARTClass::operator bool()
 .text._ZN9UARTClass9availableEv
                0x00080c24       0x12 C:\Users\ryuya\AppData\Local\Temp\VMicroBuilds\TestBunkatsu\arduino_due_x_dbg/core.a(UARTClass.cpp.o)
                0x00080c24                UARTClass::available()
 .text._ZN9UARTClass4peekEv
                0x00080c36       0x1c C:\Users\ryuya\AppData\Local\Temp\VMicroBuilds\TestBunkatsu\arduino_due_x_dbg/core.a(UARTClass.cpp.o)
                0x00080c36                UARTClass::peek()
 .text._ZN9UARTClass4readEv
                0x00080c52       0x2a C:\Users\ryuya\AppData\Local\Temp\VMicroBuilds\TestBunkatsu\arduino_due_x_dbg/core.a(UARTClass.cpp.o)
                0x00080c52                UARTClass::read()
 .text._ZN9UARTClass5flushEv
                0x00080c7c       0x18 C:\Users\ryuya\AppData\Local\Temp\VMicroBuilds\TestBunkatsu\arduino_due_x_dbg/core.a(UARTClass.cpp.o)
                0x00080c7c                UARTClass::flush()
 .text._ZN9UARTClass5writeEh
                0x00080c94       0x54 C:\Users\ryuya\AppData\Local\Temp\VMicroBuilds\TestBunkatsu\arduino_due_x_dbg/core.a(UARTClass.cpp.o)
                0x00080c94                UARTClass::write(unsigned char)
 .text._ZN9UARTClass3endEv
                0x00080ce8       0x3c C:\Users\ryuya\AppData\Local\Temp\VMicroBuilds\TestBunkatsu\arduino_due_x_dbg/core.a(UARTClass.cpp.o)
                0x00080ce8                UARTClass::end()
 .text._ZN9UARTClassC2EP4Uart4IRQnmP10RingBufferS4_
                0x00080d24       0x24 C:\Users\ryuya\AppData\Local\Temp\VMicroBuilds\TestBunkatsu\arduino_due_x_dbg/core.a(UARTClass.cpp.o)
                0x00080d24                UARTClass::UARTClass(Uart*, IRQn, unsigned long, RingBuffer*, RingBuffer*)
                0x00080d24                UARTClass::UARTClass(Uart*, IRQn, unsigned long, RingBuffer*, RingBuffer*)
 .text._ZN9UARTClass4initEmm
                0x00080d48       0x70 C:\Users\ryuya\AppData\Local\Temp\VMicroBuilds\TestBunkatsu\arduino_due_x_dbg/core.a(UARTClass.cpp.o)
                0x00080d48                UARTClass::init(unsigned long, unsigned long)
 .text._ZN9UARTClass5beginEm
                0x00080db8        0x8 C:\Users\ryuya\AppData\Local\Temp\VMicroBuilds\TestBunkatsu\arduino_due_x_dbg/core.a(UARTClass.cpp.o)
                0x00080db8                UARTClass::begin(unsigned long)
 .text._ZN9UARTClass10IrqHandlerEv
                0x00080dc0       0x5a C:\Users\ryuya\AppData\Local\Temp\VMicroBuilds\TestBunkatsu\arduino_due_x_dbg/core.a(UARTClass.cpp.o)
                0x00080dc0                UARTClass::IrqHandler()
 .text._ZN10USARTClass5beginEm
                0x00080e1a        0x8 C:\Users\ryuya\AppData\Local\Temp\VMicroBuilds\TestBunkatsu\arduino_due_x_dbg/core.a(USARTClass.cpp.o)
                0x00080e1a                USARTClass::begin(unsigned long)
 *fill*         0x00080e22        0x2 
 .text._ZN10USARTClassC2EP5Usart4IRQnmP10RingBufferS4_
                0x00080e24       0x24 C:\Users\ryuya\AppData\Local\Temp\VMicroBuilds\TestBunkatsu\arduino_due_x_dbg/core.a(USARTClass.cpp.o)
                0x00080e24                USARTClass::USARTClass(Usart*, IRQn, unsigned long, RingBuffer*, RingBuffer*)
                0x00080e24                USARTClass::USARTClass(Usart*, IRQn, unsigned long, RingBuffer*, RingBuffer*)
 .text._watchdogDefaultSetup
                0x00080e48        0xc C:\Users\ryuya\AppData\Local\Temp\VMicroBuilds\TestBunkatsu\arduino_due_x_dbg/core.a(watchdog.cpp.o)
                0x00080e48                _watchdogDefaultSetup
                0x00080e48                watchdogSetup()
 .text.unlikely._ZL11USB_SendZlpv
                0x00080e54       0x20 C:\Users\ryuya\AppData\Local\Temp\VMicroBuilds\TestBunkatsu\arduino_due_x_dbg/core.a(USBCore.cpp.o)
 .text._Z14USBD_Availablem
                0x00080e74       0x2c C:\Users\ryuya\AppData\Local\Temp\VMicroBuilds\TestBunkatsu\arduino_due_x_dbg/core.a(USBCore.cpp.o)
                0x00080e74                USBD_Available(unsigned long)
 .text._Z9USBD_RecvmPvm
                0x00080ea0       0x7c C:\Users\ryuya\AppData\Local\Temp\VMicroBuilds\TestBunkatsu\arduino_due_x_dbg/core.a(USBCore.cpp.o)
                0x00080ea0                USBD_Recv(unsigned long, void*, unsigned long)
 .text._Z9USBD_Recvm
                0x00080f1c       0x22 C:\Users\ryuya\AppData\Local\Temp\VMicroBuilds\TestBunkatsu\arduino_due_x_dbg/core.a(USBCore.cpp.o)
                0x00080f1c                USBD_Recv(unsigned long)
 *fill*         0x00080f3e        0x2 
 .text._Z9USBD_SendmPKvm
                0x00080f40       0x4c C:\Users\ryuya\AppData\Local\Temp\VMicroBuilds\TestBunkatsu\arduino_due_x_dbg/core.a(USBCore.cpp.o)
                0x00080f40                USBD_Send(unsigned long, void const*, unsigned long)
 .text._Z16USBD_SendControlhPKvm
                0x00080f8c       0x40 C:\Users\ryuya\AppData\Local\Temp\VMicroBuilds\TestBunkatsu\arduino_due_x_dbg/core.a(USBCore.cpp.o)
                0x00080f8c                USBD_SendControl(unsigned char, void const*, unsigned long)
 .text.unlikely._ZL24USB_SendStringDescriptorPKhi
                0x00080fcc       0x64 C:\Users\ryuya\AppData\Local\Temp\VMicroBuilds\TestBunkatsu\arduino_due_x_dbg/core.a(USBCore.cpp.o)
 .text._Z16USBD_RecvControlPvm
                0x00081030       0x1c C:\Users\ryuya\AppData\Local\Temp\VMicroBuilds\TestBunkatsu\arduino_due_x_dbg/core.a(USBCore.cpp.o)
                0x00081030                USBD_RecvControl(void*, unsigned long)
 .text._Z26USBD_ClassInterfaceRequestR8USBSetup
                0x0008104c       0x1e C:\Users\ryuya\AppData\Local\Temp\VMicroBuilds\TestBunkatsu\arduino_due_x_dbg/core.a(USBCore.cpp.o)
                0x0008104c                USBD_ClassInterfaceRequest(USBSetup&)
 .text._Z19USBD_SendInterfacesv
                0x0008106a       0x22 C:\Users\ryuya\AppData\Local\Temp\VMicroBuilds\TestBunkatsu\arduino_due_x_dbg/core.a(USBCore.cpp.o)
                0x0008106a                USBD_SendInterfaces()
 .text._Z24USBD_SendOtherInterfacesv
                0x0008108c       0x22 C:\Users\ryuya\AppData\Local\Temp\VMicroBuilds\TestBunkatsu\arduino_due_x_dbg/core.a(USBCore.cpp.o)
                0x0008108c                USBD_SendOtherInterfaces()
 .text._Z10USBD_Flushm
                0x000810ae       0x16 C:\Users\ryuya\AppData\Local\Temp\VMicroBuilds\TestBunkatsu\arduino_due_x_dbg/core.a(USBCore.cpp.o)
                0x000810ae                USBD_Flush(unsigned long)
 .text._ZN10USBDevice_C2Ev
                0x000810c4       0x24 C:\Users\ryuya\AppData\Local\Temp\VMicroBuilds\TestBunkatsu\arduino_due_x_dbg/core.a(USBCore.cpp.o)
                0x000810c4                USBDevice_::USBDevice_()
                0x000810c4                USBDevice_::USBDevice_()
 .text._ZN10USBDevice_6attachEv
                0x000810e8       0x20 C:\Users\ryuya\AppData\Local\Temp\VMicroBuilds\TestBunkatsu\arduino_due_x_dbg/core.a(USBCore.cpp.o)
                0x000810e8                USBDevice_::attach()
 .text.startup._GLOBAL__sub_I_EndPoints
                0x00081108        0xc C:\Users\ryuya\AppData\Local\Temp\VMicroBuilds\TestBunkatsu\arduino_due_x_dbg/core.a(USBCore.cpp.o)
 .text._ZL7USB_ISRv
                0x00081114      0x454 C:\Users\ryuya\AppData\Local\Temp\VMicroBuilds\TestBunkatsu\arduino_due_x_dbg/core.a(USBCore.cpp.o)
 .text._ZN7Serial_9availableEv
                0x00081568       0x18 C:\Users\ryuya\AppData\Local\Temp\VMicroBuilds\TestBunkatsu\arduino_due_x_dbg/core.a(CDC.cpp.o)
                0x00081568                Serial_::available()
 .text._ZN7Serial_17availableForWriteEv
                0x00081580        0x6 C:\Users\ryuya\AppData\Local\Temp\VMicroBuilds\TestBunkatsu\arduino_due_x_dbg/core.a(CDC.cpp.o)
                0x00081580                Serial_::availableForWrite()
 *fill*         0x00081586        0x2 
 .text._ZN7Serial_4peekEv
                0x00081588       0x20 C:\Users\ryuya\AppData\Local\Temp\VMicroBuilds\TestBunkatsu\arduino_due_x_dbg/core.a(CDC.cpp.o)
                0x00081588                Serial_::peek()
 .text._ZN7Serial_5writeEh
                0x000815a8       0x16 C:\Users\ryuya\AppData\Local\Temp\VMicroBuilds\TestBunkatsu\arduino_due_x_dbg/core.a(CDC.cpp.o)
                0x000815a8                Serial_::write(unsigned char)
 *fill*         0x000815be        0x2 
 .text._ZN7Serial_4readEv
                0x000815c0       0x44 C:\Users\ryuya\AppData\Local\Temp\VMicroBuilds\TestBunkatsu\arduino_due_x_dbg/core.a(CDC.cpp.o)
                0x000815c0                Serial_::read()
 .text._ZN7Serial_5flushEv
                0x00081604        0x6 C:\Users\ryuya\AppData\Local\Temp\VMicroBuilds\TestBunkatsu\arduino_due_x_dbg/core.a(CDC.cpp.o)
                0x00081604                Serial_::flush()
 *fill*         0x0008160a        0x2 
 .text._ZN7Serial_6acceptEv
                0x0008160c       0x70 C:\Users\ryuya\AppData\Local\Temp\VMicroBuilds\TestBunkatsu\arduino_due_x_dbg/core.a(CDC.cpp.o)
                0x0008160c                Serial_::accept()
 .text._ZN7Serial_5writeEPKhj
                0x0008167c       0x2c C:\Users\ryuya\AppData\Local\Temp\VMicroBuilds\TestBunkatsu\arduino_due_x_dbg/core.a(CDC.cpp.o)
                0x0008167c                Serial_::write(unsigned char const*, unsigned int)
 .text._Z16CDC_GetInterfacePh
                0x000816a8       0x14 C:\Users\ryuya\AppData\Local\Temp\VMicroBuilds\TestBunkatsu\arduino_due_x_dbg/core.a(CDC.cpp.o)
                0x000816a8                CDC_GetInterface(unsigned char*)
 .text._Z21CDC_GetOtherInterfacePh
                0x000816bc       0x14 C:\Users\ryuya\AppData\Local\Temp\VMicroBuilds\TestBunkatsu\arduino_due_x_dbg/core.a(CDC.cpp.o)
                0x000816bc                CDC_GetOtherInterface(unsigned char*)
 .text._Z9CDC_SetupR8USBSetup
                0x000816d0       0x78 C:\Users\ryuya\AppData\Local\Temp\VMicroBuilds\TestBunkatsu\arduino_due_x_dbg/core.a(CDC.cpp.o)
                0x000816d0                CDC_Setup(USBSetup&)
 .text.startup._GLOBAL__sub_I_cdc_rx_buffer
                0x00081748       0x1c C:\Users\ryuya\AppData\Local\Temp\VMicroBuilds\TestBunkatsu\arduino_due_x_dbg/core.a(CDC.cpp.o)
 .text._ZN13PluggableUSB_12getInterfaceEPh
                0x00081764       0x28 C:\Users\ryuya\AppData\Local\Temp\VMicroBuilds\TestBunkatsu\arduino_due_x_dbg/core.a(PluggableUSB.cpp.o)
                0x00081764                PluggableUSB_::getInterface(unsigned char*)
 .text._ZN13PluggableUSB_13getDescriptorER8USBSetup
                0x0008178c       0x1c C:\Users\ryuya\AppData\Local\Temp\VMicroBuilds\TestBunkatsu\arduino_due_x_dbg/core.a(PluggableUSB.cpp.o)
                0x0008178c                PluggableUSB_::getDescriptor(USBSetup&)
 .text._ZN13PluggableUSB_12getShortNameEPc
                0x000817a8       0x1c C:\Users\ryuya\AppData\Local\Temp\VMicroBuilds\TestBunkatsu\arduino_due_x_dbg/core.a(PluggableUSB.cpp.o)
                0x000817a8                PluggableUSB_::getShortName(char*)
 .text._ZN13PluggableUSB_5setupER8USBSetup
                0x000817c4       0x20 C:\Users\ryuya\AppData\Local\Temp\VMicroBuilds\TestBunkatsu\arduino_due_x_dbg/core.a(PluggableUSB.cpp.o)
                0x000817c4                PluggableUSB_::setup(USBSetup&)
 .text._Z12PluggableUSBv
                0x000817e4       0x28 C:\Users\ryuya\AppData\Local\Temp\VMicroBuilds\TestBunkatsu\arduino_due_x_dbg/core.a(PluggableUSB.cpp.o)
                0x000817e4                PluggableUSB()
 .text.TimeTick_Increment
                0x0008180c       0x10 C:\Users\ryuya\AppData\Local\arduino15\packages\arduino\hardware\sam\1.6.9\variants\arduino_due_x/libsam_sam3x8e_gcc_rel.a(timetick.o)
                0x0008180c                TimeTick_Increment
 .text.GetTickCount
                0x0008181c        0xc C:\Users\ryuya\AppData\Local\arduino15\packages\arduino\hardware\sam\1.6.9\variants\arduino_due_x/libsam_sam3x8e_gcc_rel.a(timetick.o)
                0x0008181c                GetTickCount
 .text.WDT_Disable
                0x00081828        0x8 C:\Users\ryuya\AppData\Local\arduino15\packages\arduino\hardware\sam\1.6.9\variants\arduino_due_x/libsam_sam3x8e_gcc_rel.a(wdt.o)
                0x00081828                WDT_Disable
 .text.UDD_SetStack
                0x00081830        0xc C:\Users\ryuya\AppData\Local\arduino15\packages\arduino\hardware\sam\1.6.9\variants\arduino_due_x/libsam_sam3x8e_gcc_rel.a(uotghs_device.o)
                0x00081830                UDD_SetStack
 .text.UDD_Init
                0x0008183c       0xd0 C:\Users\ryuya\AppData\Local\arduino15\packages\arduino\hardware\sam\1.6.9\variants\arduino_due_x/libsam_sam3x8e_gcc_rel.a(uotghs_device.o)
                0x0008183c                UDD_Init
 .text.UDD_Attach
                0x0008190c       0x50 C:\Users\ryuya\AppData\Local\arduino15\packages\arduino\hardware\sam\1.6.9\variants\arduino_due_x/libsam_sam3x8e_gcc_rel.a(uotghs_device.o)
                0x0008190c                UDD_Attach
 .text.UDD_InitEP
                0x0008195c       0x2c C:\Users\ryuya\AppData\Local\arduino15\packages\arduino\hardware\sam\1.6.9\variants\arduino_due_x/libsam_sam3x8e_gcc_rel.a(uotghs_device.o)
                0x0008195c                UDD_InitEP
 .text.UDD_InitEndpoints
                0x00081988       0x3c C:\Users\ryuya\AppData\Local\arduino15\packages\arduino\hardware\sam\1.6.9\variants\arduino_due_x/libsam_sam3x8e_gcc_rel.a(uotghs_device.o)
                0x00081988                UDD_InitEndpoints
 .text.UDD_WaitIN
                0x000819c4       0x10 C:\Users\ryuya\AppData\Local\arduino15\packages\arduino\hardware\sam\1.6.9\variants\arduino_due_x/libsam_sam3x8e_gcc_rel.a(uotghs_device.o)
                0x000819c4                UDD_WaitIN
 .text.UDD_WaitOUT
                0x000819d4       0x10 C:\Users\ryuya\AppData\Local\arduino15\packages\arduino\hardware\sam\1.6.9\variants\arduino_due_x/libsam_sam3x8e_gcc_rel.a(uotghs_device.o)
                0x000819d4                UDD_WaitOUT
 .text.UDD_ClearIN
                0x000819e4       0x18 C:\Users\ryuya\AppData\Local\arduino15\packages\arduino\hardware\sam\1.6.9\variants\arduino_due_x/libsam_sam3x8e_gcc_rel.a(uotghs_device.o)
                0x000819e4                UDD_ClearIN
 .text.UDD_ClearOUT
                0x000819fc       0x18 C:\Users\ryuya\AppData\Local\arduino15\packages\arduino\hardware\sam\1.6.9\variants\arduino_due_x/libsam_sam3x8e_gcc_rel.a(uotghs_device.o)
                0x000819fc                UDD_ClearOUT
 .text.UDD_ReceivedSetupInt
                0x00081a14       0x10 C:\Users\ryuya\AppData\Local\arduino15\packages\arduino\hardware\sam\1.6.9\variants\arduino_due_x/libsam_sam3x8e_gcc_rel.a(uotghs_device.o)
                0x00081a14                UDD_ReceivedSetupInt
 .text.UDD_ClearSetupInt
                0x00081a24       0x10 C:\Users\ryuya\AppData\Local\arduino15\packages\arduino\hardware\sam\1.6.9\variants\arduino_due_x/libsam_sam3x8e_gcc_rel.a(uotghs_device.o)
                0x00081a24                UDD_ClearSetupInt
 .text.UDD_Send
                0x00081a34       0x88 C:\Users\ryuya\AppData\Local\arduino15\packages\arduino\hardware\sam\1.6.9\variants\arduino_due_x/libsam_sam3x8e_gcc_rel.a(uotghs_device.o)
                0x00081a34                UDD_Send
 .text.UDD_Send8
                0x00081abc       0x24 C:\Users\ryuya\AppData\Local\arduino15\packages\arduino\hardware\sam\1.6.9\variants\arduino_due_x/libsam_sam3x8e_gcc_rel.a(uotghs_device.o)
                0x00081abc                UDD_Send8
 .text.UDD_Recv8
                0x00081ae0       0x28 C:\Users\ryuya\AppData\Local\arduino15\packages\arduino\hardware\sam\1.6.9\variants\arduino_due_x/libsam_sam3x8e_gcc_rel.a(uotghs_device.o)
                0x00081ae0                UDD_Recv8
 .text.UDD_Recv
                0x00081b08       0x34 C:\Users\ryuya\AppData\Local\arduino15\packages\arduino\hardware\sam\1.6.9\variants\arduino_due_x/libsam_sam3x8e_gcc_rel.a(uotghs_device.o)
                0x00081b08                UDD_Recv
 .text.UDD_Stall
                0x00081b3c       0x14 C:\Users\ryuya\AppData\Local\arduino15\packages\arduino\hardware\sam\1.6.9\variants\arduino_due_x/libsam_sam3x8e_gcc_rel.a(uotghs_device.o)
                0x00081b3c                UDD_Stall
 .text.UDD_FifoByteCount
                0x00081b50       0x14 C:\Users\ryuya\AppData\Local\arduino15\packages\arduino\hardware\sam\1.6.9\variants\arduino_due_x/libsam_sam3x8e_gcc_rel.a(uotghs_device.o)
                0x00081b50                UDD_FifoByteCount
 .text.UDD_ReleaseRX
                0x00081b64       0x28 C:\Users\ryuya\AppData\Local\arduino15\packages\arduino\hardware\sam\1.6.9\variants\arduino_due_x/libsam_sam3x8e_gcc_rel.a(uotghs_device.o)
                0x00081b64                UDD_ReleaseRX
 .text.UDD_ReleaseTX
                0x00081b8c       0x28 C:\Users\ryuya\AppData\Local\arduino15\packages\arduino\hardware\sam\1.6.9\variants\arduino_due_x/libsam_sam3x8e_gcc_rel.a(uotghs_device.o)
                0x00081b8c                UDD_ReleaseTX
 .text.UDD_SetAddress
                0x00081bb4       0x20 C:\Users\ryuya\AppData\Local\arduino15\packages\arduino\hardware\sam\1.6.9\variants\arduino_due_x/libsam_sam3x8e_gcc_rel.a(uotghs_device.o)
                0x00081bb4                UDD_SetAddress
 .text.__libc_init_array
                0x00081bd4       0x50 c:/users/ryuya/appdata/local/arduino15/packages/arduino/tools/arm-none-eabi-gcc/4.8.3-2014q1/bin/../lib/gcc/arm-none-eabi/4.8.3/../../../../arm-none-eabi/lib/armv7-m\libg.a(lib_a-init.o)
                0x00081bd4                __libc_init_array
 .text.iprintf  0x00081c24       0x28 c:/users/ryuya/appdata/local/arduino15/packages/arduino/tools/arm-none-eabi-gcc/4.8.3-2014q1/bin/../lib/gcc/arm-none-eabi/4.8.3/../../../../arm-none-eabi/lib/armv7-m\libg.a(lib_a-iprintf.o)
                0x00081c24                iprintf
 .text.memset   0x00081c4c       0x94 c:/users/ryuya/appdata/local/arduino15/packages/arduino/tools/arm-none-eabi-gcc/4.8.3-2014q1/bin/../lib/gcc/arm-none-eabi/4.8.3/../../../../arm-none-eabi/lib/armv7-m\libg.a(lib_a-memset.o)
                0x00081c4c                memset
 .text.strlen   0x00081ce0       0x60 c:/users/ryuya/appdata/local/arduino15/packages/arduino/tools/arm-none-eabi-gcc/4.8.3-2014q1/bin/../lib/gcc/arm-none-eabi/4.8.3/../../../../arm-none-eabi/lib/armv7-m\libg.a(lib_a-strlen.o)
                0x00081ce0                strlen
 .text.kill     0x00081d40       0x10 c:/users/ryuya/appdata/local/arduino15/packages/arduino/tools/arm-none-eabi-gcc/4.8.3-2014q1/bin/../lib/gcc/arm-none-eabi/4.8.3/../../../../arm-none-eabi/lib/armv7-m\libg.a(lib_a-syskill.o)
                0x00081d40                kill
 .text.__sprint_r.part.0
                0x00081d50       0x78 c:/users/ryuya/appdata/local/arduino15/packages/arduino/tools/arm-none-eabi-gcc/4.8.3-2014q1/bin/../lib/gcc/arm-none-eabi/4.8.3/../../../../arm-none-eabi/lib/armv7-m\libg.a(lib_a-vfiprintf.o)
 .text._vfiprintf_r
                0x00081dc8      0xc54 c:/users/ryuya/appdata/local/arduino15/packages/arduino/tools/arm-none-eabi-gcc/4.8.3-2014q1/bin/../lib/gcc/arm-none-eabi/4.8.3/../../../../arm-none-eabi/lib/armv7-m\libg.a(lib_a-vfiprintf.o)
                0x00081dc8                _vfiprintf_r
 .text.__sbprintf
                0x00082a1c       0x7c c:/users/ryuya/appdata/local/arduino15/packages/arduino/tools/arm-none-eabi-gcc/4.8.3-2014q1/bin/../lib/gcc/arm-none-eabi/4.8.3/../../../../arm-none-eabi/lib/armv7-m\libg.a(lib_a-vfiprintf.o)
 .text.__swsetup_r
                0x00082a98       0xc4 c:/users/ryuya/appdata/local/arduino15/packages/arduino/tools/arm-none-eabi-gcc/4.8.3-2014q1/bin/../lib/gcc/arm-none-eabi/4.8.3/../../../../arm-none-eabi/lib/armv7-m\libg.a(lib_a-wsetup.o)
                0x00082a98                __swsetup_r
 .text.startup.register_fini
                0x00082b5c       0x14 c:/users/ryuya/appdata/local/arduino15/packages/arduino/tools/arm-none-eabi-gcc/4.8.3-2014q1/bin/../lib/gcc/arm-none-eabi/4.8.3/../../../../arm-none-eabi/lib/armv7-m\libg.a(lib_a-__call_atexit.o)
 .text.atexit   0x00082b70        0xc c:/users/ryuya/appdata/local/arduino15/packages/arduino/tools/arm-none-eabi-gcc/4.8.3-2014q1/bin/../lib/gcc/arm-none-eabi/4.8.3/../../../../arm-none-eabi/lib/armv7-m\libg.a(lib_a-atexit.o)
                0x00082b70                atexit
 .text.__sflush_r
                0x00082b7c      0x148 c:/users/ryuya/appdata/local/arduino15/packages/arduino/tools/arm-none-eabi-gcc/4.8.3-2014q1/bin/../lib/gcc/arm-none-eabi/4.8.3/../../../../arm-none-eabi/lib/armv7-m\libg.a(lib_a-fflush.o)
                0x00082b7c                __sflush_r
 .text._fflush_r
                0x00082cc4       0x2c c:/users/ryuya/appdata/local/arduino15/packages/arduino/tools/arm-none-eabi-gcc/4.8.3-2014q1/bin/../lib/gcc/arm-none-eabi/4.8.3/../../../../arm-none-eabi/lib/armv7-m\libg.a(lib_a-fflush.o)
                0x00082cc4                _fflush_r
 .text._cleanup_r
                0x00082cf0        0xc c:/users/ryuya/appdata/local/arduino15/packages/arduino/tools/arm-none-eabi-gcc/4.8.3-2014q1/bin/../lib/gcc/arm-none-eabi/4.8.3/../../../../arm-none-eabi/lib/armv7-m\libg.a(lib_a-findfp.o)
                0x00082cf0                _cleanup_r
 .text.__sinit  0x00082cfc       0xf4 c:/users/ryuya/appdata/local/arduino15/packages/arduino/tools/arm-none-eabi-gcc/4.8.3-2014q1/bin/../lib/gcc/arm-none-eabi/4.8.3/../../../../arm-none-eabi/lib/armv7-m\libg.a(lib_a-findfp.o)
                0x00082cfc                __sinit
 .text.__sfp_lock_acquire
                0x00082df0        0x4 c:/users/ryuya/appdata/local/arduino15/packages/arduino/tools/arm-none-eabi-gcc/4.8.3-2014q1/bin/../lib/gcc/arm-none-eabi/4.8.3/../../../../arm-none-eabi/lib/armv7-m\libg.a(lib_a-findfp.o)
                0x00082df0                __sfp_lock_acquire
 .text.__sfp_lock_release
                0x00082df4        0x4 c:/users/ryuya/appdata/local/arduino15/packages/arduino/tools/arm-none-eabi-gcc/4.8.3-2014q1/bin/../lib/gcc/arm-none-eabi/4.8.3/../../../../arm-none-eabi/lib/armv7-m\libg.a(lib_a-findfp.o)
                0x00082df4                __sfp_lock_release
 .text.__libc_fini_array
                0x00082df8       0x30 c:/users/ryuya/appdata/local/arduino15/packages/arduino/tools/arm-none-eabi-gcc/4.8.3-2014q1/bin/../lib/gcc/arm-none-eabi/4.8.3/../../../../arm-none-eabi/lib/armv7-m\libg.a(lib_a-fini.o)
                0x00082df8                __libc_fini_array
 .text._fputwc_r
                0x00082e28       0xc0 c:/users/ryuya/appdata/local/arduino15/packages/arduino/tools/arm-none-eabi-gcc/4.8.3-2014q1/bin/../lib/gcc/arm-none-eabi/4.8.3/../../../../arm-none-eabi/lib/armv7-m\libg.a(lib_a-fputwc.o)
                0x00082e28                _fputwc_r
 .text._malloc_trim_r
                0x00082ee8       0x9c c:/users/ryuya/appdata/local/arduino15/packages/arduino/tools/arm-none-eabi-gcc/4.8.3-2014q1/bin/../lib/gcc/arm-none-eabi/4.8.3/../../../../arm-none-eabi/lib/armv7-m\libg.a(lib_a-freer.o)
                0x00082ee8                _malloc_trim_r
 .text._free_r  0x00082f84      0x198 c:/users/ryuya/appdata/local/arduino15/packages/arduino/tools/arm-none-eabi-gcc/4.8.3-2014q1/bin/../lib/gcc/arm-none-eabi/4.8.3/../../../../arm-none-eabi/lib/armv7-m\libg.a(lib_a-freer.o)
                0x00082f84                _free_r
 .text.__sfvwrite_r
                0x0008311c      0x314 c:/users/ryuya/appdata/local/arduino15/packages/arduino/tools/arm-none-eabi-gcc/4.8.3-2014q1/bin/../lib/gcc/arm-none-eabi/4.8.3/../../../../arm-none-eabi/lib/armv7-m\libg.a(lib_a-fvwrite.o)
                0x0008311c                __sfvwrite_r
 .text._fwalk   0x00083430       0x48 c:/users/ryuya/appdata/local/arduino15/packages/arduino/tools/arm-none-eabi-gcc/4.8.3-2014q1/bin/../lib/gcc/arm-none-eabi/4.8.3/../../../../arm-none-eabi/lib/armv7-m\libg.a(lib_a-fwalk.o)
                0x00083430                _fwalk
 .text.__locale_charset
                0x00083478        0x8 c:/users/ryuya/appdata/local/arduino15/packages/arduino/tools/arm-none-eabi-gcc/4.8.3-2014q1/bin/../lib/gcc/arm-none-eabi/4.8.3/../../../../arm-none-eabi/lib/armv7-m\libg.a(lib_a-locale.o)
                0x00083478                __locale_charset
 .text.__locale_mb_cur_max
                0x00083480        0xc c:/users/ryuya/appdata/local/arduino15/packages/arduino/tools/arm-none-eabi-gcc/4.8.3-2014q1/bin/../lib/gcc/arm-none-eabi/4.8.3/../../../../arm-none-eabi/lib/armv7-m\libg.a(lib_a-locale.o)
                0x00083480                __locale_mb_cur_max
 .text.__smakebuf_r
                0x0008348c       0xe0 c:/users/ryuya/appdata/local/arduino15/packages/arduino/tools/arm-none-eabi-gcc/4.8.3-2014q1/bin/../lib/gcc/arm-none-eabi/4.8.3/../../../../arm-none-eabi/lib/armv7-m\libg.a(lib_a-makebuf.o)
                0x0008348c                __smakebuf_r
 .text._malloc_r
                0x0008356c      0x538 c:/users/ryuya/appdata/local/arduino15/packages/arduino/tools/arm-none-eabi-gcc/4.8.3-2014q1/bin/../lib/gcc/arm-none-eabi/4.8.3/../../../../arm-none-eabi/lib/armv7-m\libg.a(lib_a-mallocr.o)
                0x0008356c                _malloc_r
 .text.memchr   0x00083aa4       0x94 c:/users/ryuya/appdata/local/arduino15/packages/arduino/tools/arm-none-eabi-gcc/4.8.3-2014q1/bin/../lib/gcc/arm-none-eabi/4.8.3/../../../../arm-none-eabi/lib/armv7-m\libg.a(lib_a-memchr-stub.o)
                0x00083aa4                memchr
 .text          0x00083b38       0xec c:/users/ryuya/appdata/local/arduino15/packages/arduino/tools/arm-none-eabi-gcc/4.8.3-2014q1/bin/../lib/gcc/arm-none-eabi/4.8.3/../../../../arm-none-eabi/lib/armv7-m\libg.a(lib_a-memcpy.o)
                0x00083b38                memcpy
 .text.memmove  0x00083c24       0xcc c:/users/ryuya/appdata/local/arduino15/packages/arduino/tools/arm-none-eabi-gcc/4.8.3-2014q1/bin/../lib/gcc/arm-none-eabi/4.8.3/../../../../arm-none-eabi/lib/armv7-m\libg.a(lib_a-memmove.o)
                0x00083c24                memmove
 .text.__malloc_lock
                0x00083cf0        0x4 c:/users/ryuya/appdata/local/arduino15/packages/arduino/tools/arm-none-eabi-gcc/4.8.3-2014q1/bin/../lib/gcc/arm-none-eabi/4.8.3/../../../../arm-none-eabi/lib/armv7-m\libg.a(lib_a-mlock.o)
                0x00083cf0                __malloc_lock
 .text.__malloc_unlock
                0x00083cf4        0x4 c:/users/ryuya/appdata/local/arduino15/packages/arduino/tools/arm-none-eabi-gcc/4.8.3-2014q1/bin/../lib/gcc/arm-none-eabi/4.8.3/../../../../arm-none-eabi/lib/armv7-m\libg.a(lib_a-mlock.o)
                0x00083cf4                __malloc_unlock
 .text._realloc_r
                0x00083cf8      0x3c0 c:/users/ryuya/appdata/local/arduino15/packages/arduino/tools/arm-none-eabi-gcc/4.8.3-2014q1/bin/../lib/gcc/arm-none-eabi/4.8.3/../../../../arm-none-eabi/lib/armv7-m\libg.a(lib_a-reallocr.o)
                0x00083cf8                _realloc_r
 .text._sbrk_r  0x000840b8       0x24 c:/users/ryuya/appdata/local/arduino15/packages/arduino/tools/arm-none-eabi-gcc/4.8.3-2014q1/bin/../lib/gcc/arm-none-eabi/4.8.3/../../../../arm-none-eabi/lib/armv7-m\libg.a(lib_a-sbrkr.o)
                0x000840b8                _sbrk_r
 .text._kill_r  0x000840dc       0x28 c:/users/ryuya/appdata/local/arduino15/packages/arduino/tools/arm-none-eabi-gcc/4.8.3-2014q1/bin/../lib/gcc/arm-none-eabi/4.8.3/../../../../arm-none-eabi/lib/armv7-m\libg.a(lib_a-signalr.o)
                0x000840dc                _kill_r
 .text.__sread  0x00084104       0x24 c:/users/ryuya/appdata/local/arduino15/packages/arduino/tools/arm-none-eabi-gcc/4.8.3-2014q1/bin/../lib/gcc/arm-none-eabi/4.8.3/../../../../arm-none-eabi/lib/armv7-m\libg.a(lib_a-stdio.o)
                0x00084104                __sread
 .text.__swrite
                0x00084128       0x38 c:/users/ryuya/appdata/local/arduino15/packages/arduino/tools/arm-none-eabi-gcc/4.8.3-2014q1/bin/../lib/gcc/arm-none-eabi/4.8.3/../../../../arm-none-eabi/lib/armv7-m\libg.a(lib_a-stdio.o)
                0x00084128                __swrite
 .text.__sseek  0x00084160       0x20 c:/users/ryuya/appdata/local/arduino15/packages/arduino/tools/arm-none-eabi-gcc/4.8.3-2014q1/bin/../lib/gcc/arm-none-eabi/4.8.3/../../../../arm-none-eabi/lib/armv7-m\libg.a(lib_a-stdio.o)
                0x00084160                __sseek
 .text.__sclose
                0x00084180        0x8 c:/users/ryuya/appdata/local/arduino15/packages/arduino/tools/arm-none-eabi-gcc/4.8.3-2014q1/bin/../lib/gcc/arm-none-eabi/4.8.3/../../../../arm-none-eabi/lib/armv7-m\libg.a(lib_a-stdio.o)
                0x00084180                __sclose
 .text.__swbuf_r
                0x00084188       0xa8 c:/users/ryuya/appdata/local/arduino15/packages/arduino/tools/arm-none-eabi-gcc/4.8.3-2014q1/bin/../lib/gcc/arm-none-eabi/4.8.3/../../../../arm-none-eabi/lib/armv7-m\libg.a(lib_a-wbuf.o)
                0x00084188                __swbuf_r
 .text._wcrtomb_r
                0x00084230       0x50 c:/users/ryuya/appdata/local/arduino15/packages/arduino/tools/arm-none-eabi-gcc/4.8.3-2014q1/bin/../lib/gcc/arm-none-eabi/4.8.3/../../../../arm-none-eabi/lib/armv7-m\libg.a(lib_a-wcrtomb.o)
                0x00084230                _wcrtomb_r
 .text.__ascii_wctomb
                0x00084280       0x1c c:/users/ryuya/appdata/local/arduino15/packages/arduino/tools/arm-none-eabi-gcc/4.8.3-2014q1/bin/../lib/gcc/arm-none-eabi/4.8.3/../../../../arm-none-eabi/lib/armv7-m\libg.a(lib_a-wctomb_r.o)
                0x00084280                __ascii_wctomb
 .text._write_r
                0x0008429c       0x28 c:/users/ryuya/appdata/local/arduino15/packages/arduino/tools/arm-none-eabi-gcc/4.8.3-2014q1/bin/../lib/gcc/arm-none-eabi/4.8.3/../../../../arm-none-eabi/lib/armv7-m\libg.a(lib_a-writer.o)
                0x0008429c                _write_r
 .text.__register_exitproc
                0x000842c4       0xa8 c:/users/ryuya/appdata/local/arduino15/packages/arduino/tools/arm-none-eabi-gcc/4.8.3-2014q1/bin/../lib/gcc/arm-none-eabi/4.8.3/../../../../arm-none-eabi/lib/armv7-m\libg.a(lib_a-__atexit.o)
                0x000842c4                __register_exitproc
 .text._close_r
                0x0008436c       0x24 c:/users/ryuya/appdata/local/arduino15/packages/arduino/tools/arm-none-eabi-gcc/4.8.3-2014q1/bin/../lib/gcc/arm-none-eabi/4.8.3/../../../../arm-none-eabi/lib/armv7-m\libg.a(lib_a-closer.o)
                0x0008436c                _close_r
 .text._fclose_r
                0x00084390       0x80 c:/users/ryuya/appdata/local/arduino15/packages/arduino/tools/arm-none-eabi-gcc/4.8.3-2014q1/bin/../lib/gcc/arm-none-eabi/4.8.3/../../../../arm-none-eabi/lib/armv7-m\libg.a(lib_a-fclose.o)
                0x00084390                _fclose_r
 .text.fclose   0x00084410       0x10 c:/users/ryuya/appdata/local/arduino15/packages/arduino/tools/arm-none-eabi-gcc/4.8.3-2014q1/bin/../lib/gcc/arm-none-eabi/4.8.3/../../../../arm-none-eabi/lib/armv7-m\libg.a(lib_a-fclose.o)
                0x00084410                fclose
 .text._fstat_r
                0x00084420       0x28 c:/users/ryuya/appdata/local/arduino15/packages/arduino/tools/arm-none-eabi-gcc/4.8.3-2014q1/bin/../lib/gcc/arm-none-eabi/4.8.3/../../../../arm-none-eabi/lib/armv7-m\libg.a(lib_a-fstatr.o)
                0x00084420                _fstat_r
 .text._isatty_r
                0x00084448       0x24 c:/users/ryuya/appdata/local/arduino15/packages/arduino/tools/arm-none-eabi-gcc/4.8.3-2014q1/bin/../lib/gcc/arm-none-eabi/4.8.3/../../../../arm-none-eabi/lib/armv7-m\libg.a(lib_a-isattyr.o)
                0x00084448                _isatty_r
 .text._lseek_r
                0x0008446c       0x28 c:/users/ryuya/appdata/local/arduino15/packages/arduino/tools/arm-none-eabi-gcc/4.8.3-2014q1/bin/../lib/gcc/arm-none-eabi/4.8.3/../../../../arm-none-eabi/lib/armv7-m\libg.a(lib_a-lseekr.o)
                0x0008446c                _lseek_r
 .text._read_r  0x00084494       0x28 c:/users/ryuya/appdata/local/arduino15/packages/arduino/tools/arm-none-eabi-gcc/4.8.3-2014q1/bin/../lib/gcc/arm-none-eabi/4.8.3/../../../../arm-none-eabi/lib/armv7-m\libg.a(lib_a-readr.o)
                0x00084494                _read_r
 .text          0x000844bc       0x2c c:/users/ryuya/appdata/local/arduino15/packages/arduino/tools/arm-none-eabi-gcc/4.8.3-2014q1/bin/../lib/gcc/arm-none-eabi/4.8.3/armv7-m\libgcc.a(_aeabi_uldivmod.o)
                0x000844bc                __aeabi_uldivmod
 .text          0x000844e8       0x60 c:/users/ryuya/appdata/local/arduino15/packages/arduino/tools/arm-none-eabi-gcc/4.8.3-2014q1/bin/../lib/gcc/arm-none-eabi/4.8.3/armv7-m\libgcc.a(bpabi.o)
                0x000844e8                __gnu_ldivmod_helper
                0x00084518                __gnu_uldivmod_helper
 .text          0x00084548        0x4 c:/users/ryuya/appdata/local/arduino15/packages/arduino/tools/arm-none-eabi-gcc/4.8.3-2014q1/bin/../lib/gcc/arm-none-eabi/4.8.3/armv7-m\libgcc.a(_dvmd_tls.o)
                0x00084548                __aeabi_idiv0
                0x00084548                __aeabi_ldiv0
 .text          0x0008454c      0x2a0 c:/users/ryuya/appdata/local/arduino15/packages/arduino/tools/arm-none-eabi-gcc/4.8.3-2014q1/bin/../lib/gcc/arm-none-eabi/4.8.3/armv7-m\libgcc.a(_divdi3.o)
                0x0008454c                __divdi3
 .text          0x000847ec      0x290 c:/users/ryuya/appdata/local/arduino15/packages/arduino/tools/arm-none-eabi-gcc/4.8.3-2014q1/bin/../lib/gcc/arm-none-eabi/4.8.3/armv7-m\libgcc.a(_udivdi3.o)
                0x000847ec                __udivdi3
 *(.glue_7t)
 .glue_7t       0x00000000        0x0 linker stubs
 *(.glue_7)
 .glue_7        0x00000000        0x0 linker stubs
 *(.rodata .rodata* .gnu.linkonce.r.*)
 .rodata.str1.1
                0x00084a7c       0x1e C:\Users\ryuya\AppData\Local\Temp\VMicroBuilds\TestBunkatsu\arduino_due_x_dbg\TestBunkatsu.cpp.o
 *fill*         0x00084a9a        0x2 
 .rodata.g_APinDescription
                0x00084a9c      0xa2c C:\Users\ryuya\AppData\Local\Temp\VMicroBuilds\TestBunkatsu\arduino_due_x_dbg\variant\variant.cpp.o
                0x00084a9c                g_APinDescription
 .rodata        0x000854c8       0x40 C:\Users\ryuya\AppData\Local\arduino15\packages\arduino\hardware\sam\1.6.9\variants\arduino_due_x/libsam_sam3x8e_gcc_rel.a(adc.o)
 .rodata.str1.1
                0x00085508       0x19 C:\Users\ryuya\AppData\Local\Temp\VMicroBuilds\TestBunkatsu\arduino_due_x_dbg/core.a(syscalls_sam3.c.o)
 .rodata.str1.1
                0x00085521       0x11 C:\Users\ryuya\AppData\Local\Temp\VMicroBuilds\TestBunkatsu\arduino_due_x_dbg/core.a(Print.cpp.o)
 *fill*         0x00085532        0x6 
 .rodata._ZTV9UARTClass
                0x00085538       0x30 C:\Users\ryuya\AppData\Local\Temp\VMicroBuilds\TestBunkatsu\arduino_due_x_dbg/core.a(UARTClass.cpp.o)
                0x00085538                vtable for UARTClass
 .rodata._ZTV10USARTClass
                0x00085568       0x30 C:\Users\ryuya\AppData\Local\Temp\VMicroBuilds\TestBunkatsu\arduino_due_x_dbg/core.a(USARTClass.cpp.o)
                0x00085568                vtable for USARTClass
 .rodata.STRING_PRODUCT
                0x00085598        0xc C:\Users\ryuya\AppData\Local\Temp\VMicroBuilds\TestBunkatsu\arduino_due_x_dbg/core.a(USBCore.cpp.o)
                0x00085598                STRING_PRODUCT
 .rodata.USB_DeviceDescriptor
                0x000855a4       0x12 C:\Users\ryuya\AppData\Local\Temp\VMicroBuilds\TestBunkatsu\arduino_due_x_dbg/core.a(USBCore.cpp.o)
                0x000855a4                USB_DeviceDescriptor
 .rodata.STRING_LANGUAGE
                0x000855b6        0x4 C:\Users\ryuya\AppData\Local\Temp\VMicroBuilds\TestBunkatsu\arduino_due_x_dbg/core.a(USBCore.cpp.o)
                0x000855b6                STRING_LANGUAGE
 .rodata._ZL18test_packet_buffer
                0x000855ba       0x35 C:\Users\ryuya\AppData\Local\Temp\VMicroBuilds\TestBunkatsu\arduino_due_x_dbg/core.a(USBCore.cpp.o)
 .rodata.STRING_MANUFACTURER
                0x000855ef        0xc C:\Users\ryuya\AppData\Local\Temp\VMicroBuilds\TestBunkatsu\arduino_due_x_dbg/core.a(USBCore.cpp.o)
                0x000855ef                STRING_MANUFACTURER
 .rodata.USB_DeviceDescriptorA
                0x000855fb       0x12 C:\Users\ryuya\AppData\Local\Temp\VMicroBuilds\TestBunkatsu\arduino_due_x_dbg/core.a(USBCore.cpp.o)
                0x000855fb                USB_DeviceDescriptorA
 .rodata._ZL19USB_DeviceQualifier
                0x0008560d        0x9 C:\Users\ryuya\AppData\Local\Temp\VMicroBuilds\TestBunkatsu\arduino_due_x_dbg/core.a(USBCore.cpp.o)
 *fill*         0x00085616        0x2 
 .rodata._ZTV7Serial_
                0x00085618       0x28 C:\Users\ryuya\AppData\Local\Temp\VMicroBuilds\TestBunkatsu\arduino_due_x_dbg/core.a(CDC.cpp.o)
                0x00085618                vtable for Serial_
 .rodata._ZL18_cdcOtherInterface
                0x00085640       0x42 C:\Users\ryuya\AppData\Local\Temp\VMicroBuilds\TestBunkatsu\arduino_due_x_dbg/core.a(CDC.cpp.o)
 .rodata._ZL13_cdcInterface
                0x00085682       0x42 C:\Users\ryuya\AppData\Local\Temp\VMicroBuilds\TestBunkatsu\arduino_due_x_dbg/core.a(CDC.cpp.o)
 .rodata.str1.4
                0x000856c4        0x2 c:/users/ryuya/appdata/local/arduino15/packages/arduino/tools/arm-none-eabi-gcc/4.8.3-2014q1/bin/../lib/gcc/arm-none-eabi/4.8.3/../../../../arm-none-eabi/lib/armv7-m\libg.a(lib_a-impure.o)
                                  0x4 (size before relaxing)
 *fill*         0x000856c6        0x2 
 .rodata._global_impure_ptr
                0x000856c8        0x4 c:/users/ryuya/appdata/local/arduino15/packages/arduino/tools/arm-none-eabi-gcc/4.8.3-2014q1/bin/../lib/gcc/arm-none-eabi/4.8.3/../../../../arm-none-eabi/lib/armv7-m\libg.a(lib_a-impure.o)
                0x000856c8                _global_impure_ptr
 .rodata.blanks.6717
                0x000856cc       0x10 c:/users/ryuya/appdata/local/arduino15/packages/arduino/tools/arm-none-eabi-gcc/4.8.3-2014q1/bin/../lib/gcc/arm-none-eabi/4.8.3/../../../../arm-none-eabi/lib/armv7-m\libg.a(lib_a-vfiprintf.o)
 .rodata.str1.4
                0x000856dc       0x30 c:/users/ryuya/appdata/local/arduino15/packages/arduino/tools/arm-none-eabi-gcc/4.8.3-2014q1/bin/../lib/gcc/arm-none-eabi/4.8.3/../../../../arm-none-eabi/lib/armv7-m\libg.a(lib_a-vfiprintf.o)
 .rodata.zeroes.6718
                0x0008570c       0x10 c:/users/ryuya/appdata/local/arduino15/packages/arduino/tools/arm-none-eabi-gcc/4.8.3-2014q1/bin/../lib/gcc/arm-none-eabi/4.8.3/../../../../arm-none-eabi/lib/armv7-m\libg.a(lib_a-vfiprintf.o)
 *(.ARM.extab* .gnu.linkonce.armextab.*)
                0x0008571c                . = ALIGN (0x4)
 *(.init)
 .init          0x0008571c        0x4 c:/users/ryuya/appdata/local/arduino15/packages/arduino/tools/arm-none-eabi-gcc/4.8.3-2014q1/bin/../lib/gcc/arm-none-eabi/4.8.3/armv7-m/crti.o
                0x0008571c                _init
 .init          0x00085720        0x8 c:/users/ryuya/appdata/local/arduino15/packages/arduino/tools/arm-none-eabi-gcc/4.8.3-2014q1/bin/../lib/gcc/arm-none-eabi/4.8.3/armv7-m/crtn.o
                0x00085728                . = ALIGN (0x4)
                0x00085728                __preinit_array_start = .
 *(.preinit_array)
                0x00085728                __preinit_array_end = .
                0x00085728                . = ALIGN (0x4)
                0x00085728                __init_array_start = .
 *(SORT(.init_array.*))
 .init_array.00000
                0x00085728        0x4 c:/users/ryuya/appdata/local/arduino15/packages/arduino/tools/arm-none-eabi-gcc/4.8.3-2014q1/bin/../lib/gcc/arm-none-eabi/4.8.3/../../../../arm-none-eabi/lib/armv7-m\libg.a(lib_a-__call_atexit.o)
 *(.init_array)
 .init_array    0x0008572c        0x4 c:/users/ryuya/appdata/local/arduino15/packages/arduino/tools/arm-none-eabi-gcc/4.8.3-2014q1/bin/../lib/gcc/arm-none-eabi/4.8.3/armv7-m/crtbegin.o
 .init_array    0x00085730        0x4 C:\Users\ryuya\AppData\Local\Temp\VMicroBuilds\TestBunkatsu\arduino_due_x_dbg\variant\variant.cpp.o
 .init_array    0x00085734        0x4 C:\Users\ryuya\AppData\Local\Temp\VMicroBuilds\TestBunkatsu\arduino_due_x_dbg/core.a(USBCore.cpp.o)
 .init_array    0x00085738        0x4 C:\Users\ryuya\AppData\Local\Temp\VMicroBuilds\TestBunkatsu\arduino_due_x_dbg/core.a(CDC.cpp.o)
                0x0008573c                __init_array_end = .
                0x0008573c                . = ALIGN (0x4)
 *crtbegin.o(.ctors)
 *(EXCLUDE_FILE(*crtend.o) .ctors)
 *(SORT(.ctors.*))
 *crtend.o(.ctors)
                0x0008573c                . = ALIGN (0x4)
 *(.fini)
 .fini          0x0008573c        0x4 c:/users/ryuya/appdata/local/arduino15/packages/arduino/tools/arm-none-eabi-gcc/4.8.3-2014q1/bin/../lib/gcc/arm-none-eabi/4.8.3/armv7-m/crti.o
                0x0008573c                _fini
 .fini          0x00085740        0x8 c:/users/ryuya/appdata/local/arduino15/packages/arduino/tools/arm-none-eabi-gcc/4.8.3-2014q1/bin/../lib/gcc/arm-none-eabi/4.8.3/armv7-m/crtn.o
                0x00085748                . = ALIGN (0x4)
                0x00085748                __fini_array_start = .
 *(.fini_array)
 .fini_array    0x00085748        0x4 c:/users/ryuya/appdata/local/arduino15/packages/arduino/tools/arm-none-eabi-gcc/4.8.3-2014q1/bin/../lib/gcc/arm-none-eabi/4.8.3/armv7-m/crtbegin.o
 *(SORT(.fini_array.*))
                0x0008574c                __fini_array_end = .
 *crtbegin.o(.dtors)
 *(EXCLUDE_FILE(*crtend.o) .dtors)
 *(SORT(.dtors.*))
 *crtend.o(.dtors)
                0x0008574c                . = ALIGN (0x4)
                0x0008574c                _efixed = .
                0x0008574c                PROVIDE (__exidx_start, .)

.vfp11_veneer   0x0008574c        0x0
 .vfp11_veneer  0x00000000        0x0 linker stubs

.v4_bx          0x0008574c        0x0
 .v4_bx         0x00000000        0x0 linker stubs

.iplt           0x0008574c        0x0
 .iplt          0x00000000        0x0 c:/users/ryuya/appdata/local/arduino15/packages/arduino/tools/arm-none-eabi-gcc/4.8.3-2014q1/bin/../lib/gcc/arm-none-eabi/4.8.3/armv7-m/crtbegin.o

.ARM.exidx      0x0008574c        0x8
 *(.ARM.exidx* .gnu.linkonce.armexidx.*)
 .ARM.exidx     0x0008574c        0x8 c:/users/ryuya/appdata/local/arduino15/packages/arduino/tools/arm-none-eabi-gcc/4.8.3-2014q1/bin/../lib/gcc/arm-none-eabi/4.8.3/armv7-m\libgcc.a(_divdi3.o)
 .ARM.exidx     0x00085754        0x0 c:/users/ryuya/appdata/local/arduino15/packages/arduino/tools/arm-none-eabi-gcc/4.8.3-2014q1/bin/../lib/gcc/arm-none-eabi/4.8.3/armv7-m\libgcc.a(_udivdi3.o)
                                  0x8 (size before relaxing)
                0x00085754                PROVIDE (__exidx_end, .)

.eh_frame       0x00085754        0x0
 .eh_frame      0x00085754        0x0 c:/users/ryuya/appdata/local/arduino15/packages/arduino/tools/arm-none-eabi-gcc/4.8.3-2014q1/bin/../lib/gcc/arm-none-eabi/4.8.3/armv7-m/crtbegin.o

.rel.dyn        0x00085754        0x0
 .rel.iplt      0x00000000        0x0 c:/users/ryuya/appdata/local/arduino15/packages/arduino/tools/arm-none-eabi-gcc/4.8.3-2014q1/bin/../lib/gcc/arm-none-eabi/4.8.3/armv7-m/crtbegin.o

.jcr            0x00085754        0x0
 .jcr           0x00085754        0x0 c:/users/ryuya/appdata/local/arduino15/packages/arduino/tools/arm-none-eabi-gcc/4.8.3-2014q1/bin/../lib/gcc/arm-none-eabi/4.8.3/armv7-m/crtbegin.o

.igot.plt       0x00085754        0x0
 .igot.plt      0x00000000        0x0 c:/users/ryuya/appdata/local/arduino15/packages/arduino/tools/arm-none-eabi-gcc/4.8.3-2014q1/bin/../lib/gcc/arm-none-eabi/4.8.3/armv7-m/crtbegin.o
                0x00085754                . = ALIGN (0x4)
                0x00085754                _etext = .

.relocate       0x20070000      0x8dc load address 0x00085754
                0x20070000                . = ALIGN (0x4)
                0x20070000                _srelocate = .
 *(.ramfunc .ramfunc.*)
 .ramfunc       0x20070000       0x2c C:\Users\ryuya\AppData\Local\Temp\VMicroBuilds\TestBunkatsu\arduino_due_x_dbg/core.a(Reset.cpp.o)
                0x20070000                banzai
 *(.data .data.*)
 .data.pins     0x2007002c        0xc C:\Users\ryuya\AppData\Local\Temp\VMicroBuilds\TestBunkatsu\arduino_due_x_dbg\TestBunkatsu.cpp.o
                0x2007002c                pins
 .data.SystemCoreClock
                0x20070038        0x4 C:\Users\ryuya\AppData\Local\arduino15\packages\arduino\hardware\sam\1.6.9\variants\arduino_due_x/libsam_sam3x8e_gcc_rel.a(system_sam3xa.o)
                0x20070038                SystemCoreClock
 .data._ZL5ticks
                0x2007003c        0x4 C:\Users\ryuya\AppData\Local\Temp\VMicroBuilds\TestBunkatsu\arduino_due_x_dbg/core.a(Reset.cpp.o)
 .data.EndPoints
                0x20070040       0x28 C:\Users\ryuya\AppData\Local\Temp\VMicroBuilds\TestBunkatsu\arduino_due_x_dbg/core.a(USBCore.cpp.o)
                0x20070040                EndPoints
 .data._ZL10breakValue
                0x20070068        0x4 C:\Users\ryuya\AppData\Local\Temp\VMicroBuilds\TestBunkatsu\arduino_due_x_dbg/core.a(CDC.cpp.o)
 .data._ZL12_usbLineInfo
                0x2007006c        0x8 C:\Users\ryuya\AppData\Local\Temp\VMicroBuilds\TestBunkatsu\arduino_due_x_dbg/core.a(CDC.cpp.o)
 .data.g_interrupt_enabled
                0x20070074        0x4 C:\Users\ryuya\AppData\Local\arduino15\packages\arduino\hardware\sam\1.6.9\variants\arduino_due_x/libsam_sam3x8e_gcc_rel.a(interrupt_sam_nvic.o)
                0x20070074                g_interrupt_enabled
 .data.impure_data
                0x20070078      0x428 c:/users/ryuya/appdata/local/arduino15/packages/arduino/tools/arm-none-eabi-gcc/4.8.3-2014q1/bin/../lib/gcc/arm-none-eabi/4.8.3/../../../../arm-none-eabi/lib/armv7-m\libg.a(lib_a-impure.o)
 .data._impure_ptr
                0x200704a0        0x4 c:/users/ryuya/appdata/local/arduino15/packages/arduino/tools/arm-none-eabi-gcc/4.8.3-2014q1/bin/../lib/gcc/arm-none-eabi/4.8.3/../../../../arm-none-eabi/lib/armv7-m\libg.a(lib_a-impure.o)
                0x200704a0                _impure_ptr
 .data.lc_ctype_charset
                0x200704a4       0x20 c:/users/ryuya/appdata/local/arduino15/packages/arduino/tools/arm-none-eabi-gcc/4.8.3-2014q1/bin/../lib/gcc/arm-none-eabi/4.8.3/../../../../arm-none-eabi/lib/armv7-m\libg.a(lib_a-locale.o)
 .data.__mb_cur_max
                0x200704c4        0x4 c:/users/ryuya/appdata/local/arduino15/packages/arduino/tools/arm-none-eabi-gcc/4.8.3-2014q1/bin/../lib/gcc/arm-none-eabi/4.8.3/../../../../arm-none-eabi/lib/armv7-m\libg.a(lib_a-locale.o)
                0x200704c4                __mb_cur_max
 .data.__malloc_av_
                0x200704c8      0x408 c:/users/ryuya/appdata/local/arduino15/packages/arduino/tools/arm-none-eabi-gcc/4.8.3-2014q1/bin/../lib/gcc/arm-none-eabi/4.8.3/../../../../arm-none-eabi/lib/armv7-m\libg.a(lib_a-mallocr.o)
                0x200704c8                __malloc_av_
 .data.__malloc_trim_threshold
                0x200708d0        0x4 c:/users/ryuya/appdata/local/arduino15/packages/arduino/tools/arm-none-eabi-gcc/4.8.3-2014q1/bin/../lib/gcc/arm-none-eabi/4.8.3/../../../../arm-none-eabi/lib/armv7-m\libg.a(lib_a-mallocr.o)
                0x200708d0                __malloc_trim_threshold
 .data.__malloc_sbrk_base
                0x200708d4        0x4 c:/users/ryuya/appdata/local/arduino15/packages/arduino/tools/arm-none-eabi-gcc/4.8.3-2014q1/bin/../lib/gcc/arm-none-eabi/4.8.3/../../../../arm-none-eabi/lib/armv7-m\libg.a(lib_a-mallocr.o)
                0x200708d4                __malloc_sbrk_base
 .data.__wctomb
                0x200708d8        0x4 c:/users/ryuya/appdata/local/arduino15/packages/arduino/tools/arm-none-eabi-gcc/4.8.3-2014q1/bin/../lib/gcc/arm-none-eabi/4.8.3/../../../../arm-none-eabi/lib/armv7-m\libg.a(lib_a-wctomb_r.o)
                0x200708d8                __wctomb
                0x200708dc                . = ALIGN (0x4)
                0x200708dc                _erelocate = .

.bss            0x200708dc      0x82c load address 0x00086030
                0x200708dc                . = ALIGN (0x4)
                0x200708dc                _sbss = .
                0x200708dc                _szero = .
 *(.bss .bss.*)
 .bss           0x200708dc       0x1c c:/users/ryuya/appdata/local/arduino15/packages/arduino/tools/arm-none-eabi-gcc/4.8.3-2014q1/bin/../lib/gcc/arm-none-eabi/4.8.3/armv7-m/crtbegin.o
 .bss.count     0x200708f8        0x4 C:\Users\ryuya\AppData\Local\Temp\VMicroBuilds\TestBunkatsu\arduino_due_x_dbg\TestBunkatsu.cpp.o
                0x200708f8                count
 .bss.tx_buffer2
                0x200708fc       0x88 C:\Users\ryuya\AppData\Local\Temp\VMicroBuilds\TestBunkatsu\arduino_due_x_dbg\variant\variant.cpp.o
                0x200708fc                tx_buffer2
 .bss.tx_buffer1
                0x20070984       0x88 C:\Users\ryuya\AppData\Local\Temp\VMicroBuilds\TestBunkatsu\arduino_due_x_dbg\variant\variant.cpp.o
                0x20070984                tx_buffer1
 .bss.Serial    0x20070a0c       0x24 C:\Users\ryuya\AppData\Local\Temp\VMicroBuilds\TestBunkatsu\arduino_due_x_dbg\variant\variant.cpp.o
                0x20070a0c                Serial
 .bss.rx_buffer1
                0x20070a30       0x88 C:\Users\ryuya\AppData\Local\Temp\VMicroBuilds\TestBunkatsu\arduino_due_x_dbg\variant\variant.cpp.o
                0x20070a30                rx_buffer1
 .bss.Serial1   0x20070ab8       0x28 C:\Users\ryuya\AppData\Local\Temp\VMicroBuilds\TestBunkatsu\arduino_due_x_dbg\variant\variant.cpp.o
                0x20070ab8                Serial1
 .bss.Serial2   0x20070ae0       0x28 C:\Users\ryuya\AppData\Local\Temp\VMicroBuilds\TestBunkatsu\arduino_due_x_dbg\variant\variant.cpp.o
                0x20070ae0                Serial2
 .bss.Serial3   0x20070b08       0x28 C:\Users\ryuya\AppData\Local\Temp\VMicroBuilds\TestBunkatsu\arduino_due_x_dbg\variant\variant.cpp.o
                0x20070b08                Serial3
 .bss.tx_buffer3
                0x20070b30       0x88 C:\Users\ryuya\AppData\Local\Temp\VMicroBuilds\TestBunkatsu\arduino_due_x_dbg\variant\variant.cpp.o
                0x20070b30                tx_buffer3
 .bss.tx_buffer4
                0x20070bb8       0x88 C:\Users\ryuya\AppData\Local\Temp\VMicroBuilds\TestBunkatsu\arduino_due_x_dbg\variant\variant.cpp.o
                0x20070bb8                tx_buffer4
 .bss.g_pinStatus
                0x20070c40       0x4f C:\Users\ryuya\AppData\Local\Temp\VMicroBuilds\TestBunkatsu\arduino_due_x_dbg\variant\variant.cpp.o
                0x20070c40                g_pinStatus
 *fill*         0x20070c8f        0x1 
 .bss.rx_buffer2
                0x20070c90       0x88 C:\Users\ryuya\AppData\Local\Temp\VMicroBuilds\TestBunkatsu\arduino_due_x_dbg\variant\variant.cpp.o
                0x20070c90                rx_buffer2
 .bss.rx_buffer3
                0x20070d18       0x88 C:\Users\ryuya\AppData\Local\Temp\VMicroBuilds\TestBunkatsu\arduino_due_x_dbg\variant\variant.cpp.o
                0x20070d18                rx_buffer3
 .bss.rx_buffer4
                0x20070da0       0x88 C:\Users\ryuya\AppData\Local\Temp\VMicroBuilds\TestBunkatsu\arduino_due_x_dbg\variant\variant.cpp.o
                0x20070da0                rx_buffer4
 .bss.gpf_isr   0x20070e28        0x4 C:\Users\ryuya\AppData\Local\arduino15\packages\arduino\hardware\sam\1.6.9\variants\arduino_due_x/libsam_sam3x8e_gcc_rel.a(uotghs.o)
                0x20070e28                gpf_isr
 .bss.heap.6420
                0x20070e2c        0x4 C:\Users\ryuya\AppData\Local\Temp\VMicroBuilds\TestBunkatsu\arduino_due_x_dbg/core.a(syscalls_sam3.c.o)
 .bss._cmark    0x20070e30        0x2 C:\Users\ryuya\AppData\Local\Temp\VMicroBuilds\TestBunkatsu\arduino_due_x_dbg/core.a(USBCore.cpp.o)
                0x20070e30                _cmark
 .bss._ZL14isEndpointHalt
                0x20070e32        0x1 C:\Users\ryuya\AppData\Local\Temp\VMicroBuilds\TestBunkatsu\arduino_due_x_dbg/core.a(USBCore.cpp.o)
 *fill*         0x20070e33        0x1 
 .bss._cdcComposite
                0x20070e34        0x4 C:\Users\ryuya\AppData\Local\Temp\VMicroBuilds\TestBunkatsu\arduino_due_x_dbg/core.a(USBCore.cpp.o)
                0x20070e34                _cdcComposite
 .bss._ZL21isRemoteWakeUpEnabled
                0x20070e38        0x1 C:\Users\ryuya\AppData\Local\Temp\VMicroBuilds\TestBunkatsu\arduino_due_x_dbg/core.a(USBCore.cpp.o)
 *fill*         0x20070e39        0x3 
 .bss._usbInitialized
                0x20070e3c        0x4 C:\Users\ryuya\AppData\Local\Temp\VMicroBuilds\TestBunkatsu\arduino_due_x_dbg/core.a(USBCore.cpp.o)
                0x20070e3c                _usbInitialized
 .bss.USBDevice
                0x20070e40        0x1 C:\Users\ryuya\AppData\Local\Temp\VMicroBuilds\TestBunkatsu\arduino_due_x_dbg/core.a(USBCore.cpp.o)
                0x20070e40                USBDevice
 *fill*         0x20070e41        0x3 
 .bss._usbSetInterface
                0x20070e44        0x4 C:\Users\ryuya\AppData\Local\Temp\VMicroBuilds\TestBunkatsu\arduino_due_x_dbg/core.a(USBCore.cpp.o)
                0x20070e44                _usbSetInterface
 .bss._cend     0x20070e48        0x2 C:\Users\ryuya\AppData\Local\Temp\VMicroBuilds\TestBunkatsu\arduino_due_x_dbg/core.a(USBCore.cpp.o)
                0x20070e48                _cend
 *fill*         0x20070e4a        0x2 
 .bss._usbConfiguration
                0x20070e4c        0x4 C:\Users\ryuya\AppData\Local\Temp\VMicroBuilds\TestBunkatsu\arduino_due_x_dbg/core.a(USBCore.cpp.o)
                0x20070e4c                _usbConfiguration
 .bss.cdc_rx_buffer
                0x20070e50      0x208 C:\Users\ryuya\AppData\Local\Temp\VMicroBuilds\TestBunkatsu\arduino_due_x_dbg/core.a(CDC.cpp.o)
                0x20070e50                cdc_rx_buffer
 .bss._ZZN7Serial_6acceptEvE5guard
                0x20071058        0x4 C:\Users\ryuya\AppData\Local\Temp\VMicroBuilds\TestBunkatsu\arduino_due_x_dbg/core.a(CDC.cpp.o)
 .bss.SerialUSB
                0x2007105c       0x14 C:\Users\ryuya\AppData\Local\Temp\VMicroBuilds\TestBunkatsu\arduino_due_x_dbg/core.a(CDC.cpp.o)
                0x2007105c                SerialUSB
 .bss._ZZ12PluggableUSBvE3obj
                0x20071070        0x8 C:\Users\ryuya\AppData\Local\Temp\VMicroBuilds\TestBunkatsu\arduino_due_x_dbg/core.a(PluggableUSB.cpp.o)
 .bss._ZGVZ12PluggableUSBvE3obj
                0x20071078        0x4 C:\Users\ryuya\AppData\Local\Temp\VMicroBuilds\TestBunkatsu\arduino_due_x_dbg/core.a(PluggableUSB.cpp.o)
 .bss._dwTickCount
                0x2007107c        0x4 C:\Users\ryuya\AppData\Local\arduino15\packages\arduino\hardware\sam\1.6.9\variants\arduino_due_x/libsam_sam3x8e_gcc_rel.a(timetick.o)
 .bss.ul_recv_fifo_ptr
                0x20071080       0x28 C:\Users\ryuya\AppData\Local\arduino15\packages\arduino\hardware\sam\1.6.9\variants\arduino_due_x/libsam_sam3x8e_gcc_rel.a(uotghs_device.o)
 .bss.ul_send_fifo_ptr
                0x200710a8       0x28 C:\Users\ryuya\AppData\Local\arduino15\packages\arduino\hardware\sam\1.6.9\variants\arduino_due_x/libsam_sam3x8e_gcc_rel.a(uotghs_device.o)
 .bss.__malloc_max_total_mem
                0x200710d0        0x4 c:/users/ryuya/appdata/local/arduino15/packages/arduino/tools/arm-none-eabi-gcc/4.8.3-2014q1/bin/../lib/gcc/arm-none-eabi/4.8.3/../../../../arm-none-eabi/lib/armv7-m\libg.a(lib_a-mallocr.o)
                0x200710d0                __malloc_max_total_mem
 .bss.__malloc_max_sbrked_mem
                0x200710d4        0x4 c:/users/ryuya/appdata/local/arduino15/packages/arduino/tools/arm-none-eabi-gcc/4.8.3-2014q1/bin/../lib/gcc/arm-none-eabi/4.8.3/../../../../arm-none-eabi/lib/armv7-m\libg.a(lib_a-mallocr.o)
                0x200710d4                __malloc_max_sbrked_mem
 .bss.__malloc_top_pad
                0x200710d8        0x4 c:/users/ryuya/appdata/local/arduino15/packages/arduino/tools/arm-none-eabi-gcc/4.8.3-2014q1/bin/../lib/gcc/arm-none-eabi/4.8.3/../../../../arm-none-eabi/lib/armv7-m\libg.a(lib_a-mallocr.o)
                0x200710d8                __malloc_top_pad
 .bss.__malloc_current_mallinfo
                0x200710dc       0x28 c:/users/ryuya/appdata/local/arduino15/packages/arduino/tools/arm-none-eabi-gcc/4.8.3-2014q1/bin/../lib/gcc/arm-none-eabi/4.8.3/../../../../arm-none-eabi/lib/armv7-m\libg.a(lib_a-mallocr.o)
                0x200710dc                __malloc_current_mallinfo
 *(COMMON)
 COMMON         0x20071104        0x4 c:/users/ryuya/appdata/local/arduino15/packages/arduino/tools/arm-none-eabi-gcc/4.8.3-2014q1/bin/../lib/gcc/arm-none-eabi/4.8.3/../../../../arm-none-eabi/lib/armv7-m\libg.a(lib_a-reent.o)
                0x20071104                errno
                0x20071108                . = ALIGN (0x4)
                0x20071108                _ebss = .
                0x20071108                _ezero = .
                0x20071108                . = ALIGN (0x4)
                0x20071108                _end = .

.stack_dummy    0x20071108        0x0
 *(.stack*)
                0x20088000                __StackTop = (ORIGIN (ram) + 0x18000)
                0x20088000                __StackLimit = (__StackTop - SIZEOF (.stack_dummy))
                0x20088000                PROVIDE (_sstack, __StackLimit)
                0x20088000                PROVIDE (_estack, __StackTop)
OUTPUT(C:\Users\ryuya\AppData\Local\Temp\VMicroBuilds\TestBunkatsu\arduino_due_x_dbg/TestBunkatsu.ino.elf elf32-littlearm)

.ARM.attributes
                0x00000000       0x29
 .ARM.attributes
                0x00000000       0x1d c:/users/ryuya/appdata/local/arduino15/packages/arduino/tools/arm-none-eabi-gcc/4.8.3-2014q1/bin/../lib/gcc/arm-none-eabi/4.8.3/armv7-m/crti.o
 .ARM.attributes
                0x0000001d       0x2d c:/users/ryuya/appdata/local/arduino15/packages/arduino/tools/arm-none-eabi-gcc/4.8.3-2014q1/bin/../lib/gcc/arm-none-eabi/4.8.3/armv7-m/crtbegin.o
 .ARM.attributes
                0x0000004a       0x33 C:\Users\ryuya\AppData\Local\Temp\VMicroBuilds\TestBunkatsu\arduino_due_x_dbg\TestBunkatsu.cpp.o
 .ARM.attributes
                0x0000007d       0x33 C:\Users\ryuya\AppData\Local\Temp\VMicroBuilds\TestBunkatsu\arduino_due_x_dbg\variant\variant.cpp.o
 .ARM.attributes
                0x000000b0       0x33 C:\Users\ryuya\AppData\Local\arduino15\packages\arduino\hardware\sam\1.6.9\variants\arduino_due_x/libsam_sam3x8e_gcc_rel.a(pio.o)
 .ARM.attributes
                0x000000e3       0x33 C:\Users\ryuya\AppData\Local\arduino15\packages\arduino\hardware\sam\1.6.9\variants\arduino_due_x/libsam_sam3x8e_gcc_rel.a(pmc.o)
 .ARM.attributes
                0x00000116       0x33 C:\Users\ryuya\AppData\Local\arduino15\packages\arduino\hardware\sam\1.6.9\variants\arduino_due_x/libsam_sam3x8e_gcc_rel.a(system_sam3xa.o)
 .ARM.attributes
                0x00000149       0x33 C:\Users\ryuya\AppData\Local\arduino15\packages\arduino\hardware\sam\1.6.9\variants\arduino_due_x/libsam_sam3x8e_gcc_rel.a(startup_sam3xa.o)
 .ARM.attributes
                0x0000017c       0x33 C:\Users\ryuya\AppData\Local\arduino15\packages\arduino\hardware\sam\1.6.9\variants\arduino_due_x/libsam_sam3x8e_gcc_rel.a(adc.o)
 .ARM.attributes
                0x000001af       0x33 C:\Users\ryuya\AppData\Local\arduino15\packages\arduino\hardware\sam\1.6.9\variants\arduino_due_x/libsam_sam3x8e_gcc_rel.a(uotghs.o)
 .ARM.attributes
                0x000001e2       0x33 C:\Users\ryuya\AppData\Local\Temp\VMicroBuilds\TestBunkatsu\arduino_due_x_dbg/core.a(cortex_handlers.c.o)
 .ARM.attributes
                0x00000215       0x33 C:\Users\ryuya\AppData\Local\Temp\VMicroBuilds\TestBunkatsu\arduino_due_x_dbg/core.a(hooks.c.o)
 .ARM.attributes
                0x00000248       0x33 C:\Users\ryuya\AppData\Local\Temp\VMicroBuilds\TestBunkatsu\arduino_due_x_dbg/core.a(syscalls_sam3.c.o)
 .ARM.attributes
                0x0000027b       0x33 C:\Users\ryuya\AppData\Local\Temp\VMicroBuilds\TestBunkatsu\arduino_due_x_dbg/core.a(wiring.c.o)
 .ARM.attributes
                0x000002ae       0x33 C:\Users\ryuya\AppData\Local\Temp\VMicroBuilds\TestBunkatsu\arduino_due_x_dbg/core.a(wiring_analog.c.o)
 .ARM.attributes
                0x000002e1       0x33 C:\Users\ryuya\AppData\Local\Temp\VMicroBuilds\TestBunkatsu\arduino_due_x_dbg/core.a(wiring_digital.c.o)
 .ARM.attributes
                0x00000314       0x33 C:\Users\ryuya\AppData\Local\Temp\VMicroBuilds\TestBunkatsu\arduino_due_x_dbg/core.a(main.cpp.o)
 .ARM.attributes
                0x00000347       0x33 C:\Users\ryuya\AppData\Local\Temp\VMicroBuilds\TestBunkatsu\arduino_due_x_dbg/core.a(Print.cpp.o)
 .ARM.attributes
                0x0000037a       0x33 C:\Users\ryuya\AppData\Local\Temp\VMicroBuilds\TestBunkatsu\arduino_due_x_dbg/core.a(Reset.cpp.o)
 .ARM.attributes
                0x000003ad       0x33 C:\Users\ryuya\AppData\Local\Temp\VMicroBuilds\TestBunkatsu\arduino_due_x_dbg/core.a(RingBuffer.cpp.o)
 .ARM.attributes
                0x000003e0       0x33 C:\Users\ryuya\AppData\Local\Temp\VMicroBuilds\TestBunkatsu\arduino_due_x_dbg/core.a(UARTClass.cpp.o)
 .ARM.attributes
                0x00000413       0x33 C:\Users\ryuya\AppData\Local\Temp\VMicroBuilds\TestBunkatsu\arduino_due_x_dbg/core.a(USARTClass.cpp.o)
 .ARM.attributes
                0x00000446       0x33 C:\Users\ryuya\AppData\Local\Temp\VMicroBuilds\TestBunkatsu\arduino_due_x_dbg/core.a(watchdog.cpp.o)
 .ARM.attributes
                0x00000479       0x33 C:\Users\ryuya\AppData\Local\Temp\VMicroBuilds\TestBunkatsu\arduino_due_x_dbg/core.a(USBCore.cpp.o)
 .ARM.attributes
                0x000004ac       0x33 C:\Users\ryuya\AppData\Local\Temp\VMicroBuilds\TestBunkatsu\arduino_due_x_dbg/core.a(CDC.cpp.o)
 .ARM.attributes
                0x000004df       0x33 C:\Users\ryuya\AppData\Local\Temp\VMicroBuilds\TestBunkatsu\arduino_due_x_dbg/core.a(PluggableUSB.cpp.o)
 .ARM.attributes
                0x00000512       0x33 C:\Users\ryuya\AppData\Local\arduino15\packages\arduino\hardware\sam\1.6.9\variants\arduino_due_x/libsam_sam3x8e_gcc_rel.a(timetick.o)
 .ARM.attributes
                0x00000545       0x33 C:\Users\ryuya\AppData\Local\arduino15\packages\arduino\hardware\sam\1.6.9\variants\arduino_due_x/libsam_sam3x8e_gcc_rel.a(wdt.o)
 .ARM.attributes
                0x00000578       0x33 C:\Users\ryuya\AppData\Local\arduino15\packages\arduino\hardware\sam\1.6.9\variants\arduino_due_x/libsam_sam3x8e_gcc_rel.a(interrupt_sam_nvic.o)
 .ARM.attributes
                0x000005ab       0x33 C:\Users\ryuya\AppData\Local\arduino15\packages\arduino\hardware\sam\1.6.9\variants\arduino_due_x/libsam_sam3x8e_gcc_rel.a(uotghs_device.o)
 .ARM.attributes
                0x000005de       0x2d c:/users/ryuya/appdata/local/arduino15/packages/arduino/tools/arm-none-eabi-gcc/4.8.3-2014q1/bin/../lib/gcc/arm-none-eabi/4.8.3/../../../../arm-none-eabi/lib/armv7-m\libg.a(lib_a-impure.o)
 .ARM.attributes
                0x0000060b       0x2d c:/users/ryuya/appdata/local/arduino15/packages/arduino/tools/arm-none-eabi-gcc/4.8.3-2014q1/bin/../lib/gcc/arm-none-eabi/4.8.3/../../../../arm-none-eabi/lib/armv7-m\libg.a(lib_a-init.o)
 .ARM.attributes
                0x00000638       0x2d c:/users/ryuya/appdata/local/arduino15/packages/arduino/tools/arm-none-eabi-gcc/4.8.3-2014q1/bin/../lib/gcc/arm-none-eabi/4.8.3/../../../../arm-none-eabi/lib/armv7-m\libg.a(lib_a-iprintf.o)
 .ARM.attributes
                0x00000665       0x2d c:/users/ryuya/appdata/local/arduino15/packages/arduino/tools/arm-none-eabi-gcc/4.8.3-2014q1/bin/../lib/gcc/arm-none-eabi/4.8.3/../../../../arm-none-eabi/lib/armv7-m\libg.a(lib_a-memset.o)
 .ARM.attributes
                0x00000692       0x2d c:/users/ryuya/appdata/local/arduino15/packages/arduino/tools/arm-none-eabi-gcc/4.8.3-2014q1/bin/../lib/gcc/arm-none-eabi/4.8.3/../../../../arm-none-eabi/lib/armv7-m\libg.a(lib_a-strlen.o)
 .ARM.attributes
                0x000006bf       0x2d c:/users/ryuya/appdata/local/arduino15/packages/arduino/tools/arm-none-eabi-gcc/4.8.3-2014q1/bin/../lib/gcc/arm-none-eabi/4.8.3/../../../../arm-none-eabi/lib/armv7-m\libg.a(lib_a-syskill.o)
 .ARM.attributes
                0x000006ec       0x2d c:/users/ryuya/appdata/local/arduino15/packages/arduino/tools/arm-none-eabi-gcc/4.8.3-2014q1/bin/../lib/gcc/arm-none-eabi/4.8.3/../../../../arm-none-eabi/lib/armv7-m\libg.a(lib_a-vfiprintf.o)
 .ARM.attributes
                0x00000719       0x2d c:/users/ryuya/appdata/local/arduino15/packages/arduino/tools/arm-none-eabi-gcc/4.8.3-2014q1/bin/../lib/gcc/arm-none-eabi/4.8.3/../../../../arm-none-eabi/lib/armv7-m\libg.a(lib_a-wsetup.o)
 .ARM.attributes
                0x00000746       0x2d c:/users/ryuya/appdata/local/arduino15/packages/arduino/tools/arm-none-eabi-gcc/4.8.3-2014q1/bin/../lib/gcc/arm-none-eabi/4.8.3/../../../../arm-none-eabi/lib/armv7-m\libg.a(lib_a-__call_atexit.o)
 .ARM.attributes
                0x00000773       0x2d c:/users/ryuya/appdata/local/arduino15/packages/arduino/tools/arm-none-eabi-gcc/4.8.3-2014q1/bin/../lib/gcc/arm-none-eabi/4.8.3/../../../../arm-none-eabi/lib/armv7-m\libg.a(lib_a-atexit.o)
 .ARM.attributes
                0x000007a0       0x2d c:/users/ryuya/appdata/local/arduino15/packages/arduino/tools/arm-none-eabi-gcc/4.8.3-2014q1/bin/../lib/gcc/arm-none-eabi/4.8.3/../../../../arm-none-eabi/lib/armv7-m\libg.a(lib_a-fflush.o)
 .ARM.attributes
                0x000007cd       0x2d c:/users/ryuya/appdata/local/arduino15/packages/arduino/tools/arm-none-eabi-gcc/4.8.3-2014q1/bin/../lib/gcc/arm-none-eabi/4.8.3/../../../../arm-none-eabi/lib/armv7-m\libg.a(lib_a-findfp.o)
 .ARM.attributes
                0x000007fa       0x2d c:/users/ryuya/appdata/local/arduino15/packages/arduino/tools/arm-none-eabi-gcc/4.8.3-2014q1/bin/../lib/gcc/arm-none-eabi/4.8.3/../../../../arm-none-eabi/lib/armv7-m\libg.a(lib_a-fini.o)
 .ARM.attributes
                0x00000827       0x2d c:/users/ryuya/appdata/local/arduino15/packages/arduino/tools/arm-none-eabi-gcc/4.8.3-2014q1/bin/../lib/gcc/arm-none-eabi/4.8.3/../../../../arm-none-eabi/lib/armv7-m\libg.a(lib_a-fputwc.o)
 .ARM.attributes
                0x00000854       0x2d c:/users/ryuya/appdata/local/arduino15/packages/arduino/tools/arm-none-eabi-gcc/4.8.3-2014q1/bin/../lib/gcc/arm-none-eabi/4.8.3/../../../../arm-none-eabi/lib/armv7-m\libg.a(lib_a-freer.o)
 .ARM.attributes
                0x00000881       0x2d c:/users/ryuya/appdata/local/arduino15/packages/arduino/tools/arm-none-eabi-gcc/4.8.3-2014q1/bin/../lib/gcc/arm-none-eabi/4.8.3/../../../../arm-none-eabi/lib/armv7-m\libg.a(lib_a-fvwrite.o)
 .ARM.attributes
                0x000008ae       0x2d c:/users/ryuya/appdata/local/arduino15/packages/arduino/tools/arm-none-eabi-gcc/4.8.3-2014q1/bin/../lib/gcc/arm-none-eabi/4.8.3/../../../../arm-none-eabi/lib/armv7-m\libg.a(lib_a-fwalk.o)
 .ARM.attributes
                0x000008db       0x2d c:/users/ryuya/appdata/local/arduino15/packages/arduino/tools/arm-none-eabi-gcc/4.8.3-2014q1/bin/../lib/gcc/arm-none-eabi/4.8.3/../../../../arm-none-eabi/lib/armv7-m\libg.a(lib_a-locale.o)
 .ARM.attributes
                0x00000908       0x2d c:/users/ryuya/appdata/local/arduino15/packages/arduino/tools/arm-none-eabi-gcc/4.8.3-2014q1/bin/../lib/gcc/arm-none-eabi/4.8.3/../../../../arm-none-eabi/lib/armv7-m\libg.a(lib_a-makebuf.o)
 .ARM.attributes
                0x00000935       0x2d c:/users/ryuya/appdata/local/arduino15/packages/arduino/tools/arm-none-eabi-gcc/4.8.3-2014q1/bin/../lib/gcc/arm-none-eabi/4.8.3/../../../../arm-none-eabi/lib/armv7-m\libg.a(lib_a-mallocr.o)
 .ARM.attributes
                0x00000962       0x2d c:/users/ryuya/appdata/local/arduino15/packages/arduino/tools/arm-none-eabi-gcc/4.8.3-2014q1/bin/../lib/gcc/arm-none-eabi/4.8.3/../../../../arm-none-eabi/lib/armv7-m\libg.a(lib_a-memchr-stub.o)
 .ARM.attributes
                0x0000098f       0x1b c:/users/ryuya/appdata/local/arduino15/packages/arduino/tools/arm-none-eabi-gcc/4.8.3-2014q1/bin/../lib/gcc/arm-none-eabi/4.8.3/../../../../arm-none-eabi/lib/armv7-m\libg.a(lib_a-memcpy.o)
 .ARM.attributes
                0x000009aa       0x2d c:/users/ryuya/appdata/local/arduino15/packages/arduino/tools/arm-none-eabi-gcc/4.8.3-2014q1/bin/../lib/gcc/arm-none-eabi/4.8.3/../../../../arm-none-eabi/lib/armv7-m\libg.a(lib_a-memmove.o)
 .ARM.attributes
                0x000009d7       0x2d c:/users/ryuya/appdata/local/arduino15/packages/arduino/tools/arm-none-eabi-gcc/4.8.3-2014q1/bin/../lib/gcc/arm-none-eabi/4.8.3/../../../../arm-none-eabi/lib/armv7-m\libg.a(lib_a-mlock.o)
 .ARM.attributes
                0x00000a04       0x2d c:/users/ryuya/appdata/local/arduino15/packages/arduino/tools/arm-none-eabi-gcc/4.8.3-2014q1/bin/../lib/gcc/arm-none-eabi/4.8.3/../../../../arm-none-eabi/lib/armv7-m\libg.a(lib_a-reallocr.o)
 .ARM.attributes
                0x00000a31       0x2d c:/users/ryuya/appdata/local/arduino15/packages/arduino/tools/arm-none-eabi-gcc/4.8.3-2014q1/bin/../lib/gcc/arm-none-eabi/4.8.3/../../../../arm-none-eabi/lib/armv7-m\libg.a(lib_a-sbrkr.o)
 .ARM.attributes
                0x00000a5e       0x2d c:/users/ryuya/appdata/local/arduino15/packages/arduino/tools/arm-none-eabi-gcc/4.8.3-2014q1/bin/../lib/gcc/arm-none-eabi/4.8.3/../../../../arm-none-eabi/lib/armv7-m\libg.a(lib_a-signalr.o)
 .ARM.attributes
                0x00000a8b       0x2d c:/users/ryuya/appdata/local/arduino15/packages/arduino/tools/arm-none-eabi-gcc/4.8.3-2014q1/bin/../lib/gcc/arm-none-eabi/4.8.3/../../../../arm-none-eabi/lib/armv7-m\libg.a(lib_a-stdio.o)
 .ARM.attributes
                0x00000ab8       0x2d c:/users/ryuya/appdata/local/arduino15/packages/arduino/tools/arm-none-eabi-gcc/4.8.3-2014q1/bin/../lib/gcc/arm-none-eabi/4.8.3/../../../../arm-none-eabi/lib/armv7-m\libg.a(lib_a-wbuf.o)
 .ARM.attributes
                0x00000ae5       0x2d c:/users/ryuya/appdata/local/arduino15/packages/arduino/tools/arm-none-eabi-gcc/4.8.3-2014q1/bin/../lib/gcc/arm-none-eabi/4.8.3/../../../../arm-none-eabi/lib/armv7-m\libg.a(lib_a-wcrtomb.o)
 .ARM.attributes
                0x00000b12       0x2d c:/users/ryuya/appdata/local/arduino15/packages/arduino/tools/arm-none-eabi-gcc/4.8.3-2014q1/bin/../lib/gcc/arm-none-eabi/4.8.3/../../../../arm-none-eabi/lib/armv7-m\libg.a(lib_a-wctomb_r.o)
 .ARM.attributes
                0x00000b3f       0x2d c:/users/ryuya/appdata/local/arduino15/packages/arduino/tools/arm-none-eabi-gcc/4.8.3-2014q1/bin/../lib/gcc/arm-none-eabi/4.8.3/../../../../arm-none-eabi/lib/armv7-m\libg.a(lib_a-writer.o)
 .ARM.attributes
                0x00000b6c       0x2d c:/users/ryuya/appdata/local/arduino15/packages/arduino/tools/arm-none-eabi-gcc/4.8.3-2014q1/bin/../lib/gcc/arm-none-eabi/4.8.3/../../../../arm-none-eabi/lib/armv7-m\libg.a(lib_a-__atexit.o)
 .ARM.attributes
                0x00000b99       0x2d c:/users/ryuya/appdata/local/arduino15/packages/arduino/tools/arm-none-eabi-gcc/4.8.3-2014q1/bin/../lib/gcc/arm-none-eabi/4.8.3/../../../../arm-none-eabi/lib/armv7-m\libg.a(lib_a-closer.o)
 .ARM.attributes
                0x00000bc6       0x2d c:/users/ryuya/appdata/local/arduino15/packages/arduino/tools/arm-none-eabi-gcc/4.8.3-2014q1/bin/../lib/gcc/arm-none-eabi/4.8.3/../../../../arm-none-eabi/lib/armv7-m\libg.a(lib_a-fclose.o)
 .ARM.attributes
                0x00000bf3       0x2d c:/users/ryuya/appdata/local/arduino15/packages/arduino/tools/arm-none-eabi-gcc/4.8.3-2014q1/bin/../lib/gcc/arm-none-eabi/4.8.3/../../../../arm-none-eabi/lib/armv7-m\libg.a(lib_a-fstatr.o)
 .ARM.attributes
                0x00000c20       0x2d c:/users/ryuya/appdata/local/arduino15/packages/arduino/tools/arm-none-eabi-gcc/4.8.3-2014q1/bin/../lib/gcc/arm-none-eabi/4.8.3/../../../../arm-none-eabi/lib/armv7-m\libg.a(lib_a-isattyr.o)
 .ARM.attributes
                0x00000c4d       0x2d c:/users/ryuya/appdata/local/arduino15/packages/arduino/tools/arm-none-eabi-gcc/4.8.3-2014q1/bin/../lib/gcc/arm-none-eabi/4.8.3/../../../../arm-none-eabi/lib/armv7-m\libg.a(lib_a-lseekr.o)
 .ARM.attributes
                0x00000c7a       0x2d c:/users/ryuya/appdata/local/arduino15/packages/arduino/tools/arm-none-eabi-gcc/4.8.3-2014q1/bin/../lib/gcc/arm-none-eabi/4.8.3/../../../../arm-none-eabi/lib/armv7-m\libg.a(lib_a-readr.o)
 .ARM.attributes
                0x00000ca7       0x2d c:/users/ryuya/appdata/local/arduino15/packages/arduino/tools/arm-none-eabi-gcc/4.8.3-2014q1/bin/../lib/gcc/arm-none-eabi/4.8.3/../../../../arm-none-eabi/lib/armv7-m\libg.a(lib_a-reent.o)
 .ARM.attributes
                0x00000cd4       0x1d c:/users/ryuya/appdata/local/arduino15/packages/arduino/tools/arm-none-eabi-gcc/4.8.3-2014q1/bin/../lib/gcc/arm-none-eabi/4.8.3/armv7-m\libgcc.a(_aeabi_uldivmod.o)
 .ARM.attributes
                0x00000cf1       0x2d c:/users/ryuya/appdata/local/arduino15/packages/arduino/tools/arm-none-eabi-gcc/4.8.3-2014q1/bin/../lib/gcc/arm-none-eabi/4.8.3/armv7-m\libgcc.a(bpabi.o)
 .ARM.attributes
                0x00000d1e       0x1d c:/users/ryuya/appdata/local/arduino15/packages/arduino/tools/arm-none-eabi-gcc/4.8.3-2014q1/bin/../lib/gcc/arm-none-eabi/4.8.3/armv7-m\libgcc.a(_dvmd_tls.o)
 .ARM.attributes
                0x00000d3b       0x2d c:/users/ryuya/appdata/local/arduino15/packages/arduino/tools/arm-none-eabi-gcc/4.8.3-2014q1/bin/../lib/gcc/arm-none-eabi/4.8.3/armv7-m\libgcc.a(_divdi3.o)
 .ARM.attributes
                0x00000d68       0x2d c:/users/ryuya/appdata/local/arduino15/packages/arduino/tools/arm-none-eabi-gcc/4.8.3-2014q1/bin/../lib/gcc/arm-none-eabi/4.8.3/armv7-m\libgcc.a(_udivdi3.o)
 .ARM.attributes