Archive member included because of file (symbol)

C:\Users\ryuya\AppData\Local\arduino15\packages\arduino\hardware\sam\1.6.9\variants\arduino_due_x/libsam_sam3x8e_gcc_rel.a(pio.o)
                              C:\Users\ryuya\AppData\Local\Temp\VMicroBuilds\TestPlayer\arduino_due_x_dbg\SPI\SPI.cpp.o (PIO_Configure)
C:\Users\ryuya\AppData\Local\arduino15\packages\arduino\hardware\sam\1.6.9\variants\arduino_due_x/libsam_sam3x8e_gcc_rel.a(pmc.o)
                              C:\Users\ryuya\AppData\Local\Temp\VMicroBuilds\TestPlayer\arduino_due_x_dbg\Audio\DAC.cpp.o (pmc_enable_periph_clk)
C:\Users\ryuya\AppData\Local\arduino15\packages\arduino\hardware\sam\1.6.9\variants\arduino_due_x/libsam_sam3x8e_gcc_rel.a(spi.o)
                              C:\Users\ryuya\AppData\Local\Temp\VMicroBuilds\TestPlayer\arduino_due_x_dbg\SPI\SPI.cpp.o (SPI_Enable)
C:\Users\ryuya\AppData\Local\arduino15\packages\arduino\hardware\sam\1.6.9\variants\arduino_due_x/libsam_sam3x8e_gcc_rel.a(tc.o)
                              C:\Users\ryuya\AppData\Local\Temp\VMicroBuilds\TestPlayer\arduino_due_x_dbg\Audio\DAC.cpp.o (TC_Configure)
C:\Users\ryuya\AppData\Local\arduino15\packages\arduino\hardware\sam\1.6.9\variants\arduino_due_x/libsam_sam3x8e_gcc_rel.a(system_sam3xa.o)
                              C:\Users\ryuya\AppData\Local\Temp\VMicroBuilds\TestPlayer\arduino_due_x_dbg\variant\variant.cpp.o (SystemInit)
C:\Users\ryuya\AppData\Local\arduino15\packages\arduino\hardware\sam\1.6.9\variants\arduino_due_x/libsam_sam3x8e_gcc_rel.a(startup_sam3xa.o)
                              (Reset_Handler)
C:\Users\ryuya\AppData\Local\arduino15\packages\arduino\hardware\sam\1.6.9\variants\arduino_due_x/libsam_sam3x8e_gcc_rel.a(adc.o)
                              C:\Users\ryuya\AppData\Local\Temp\VMicroBuilds\TestPlayer\arduino_due_x_dbg\variant\variant.cpp.o (adc_init)
C:\Users\ryuya\AppData\Local\arduino15\packages\arduino\hardware\sam\1.6.9\variants\arduino_due_x/libsam_sam3x8e_gcc_rel.a(uotghs.o)
                              C:\Users\ryuya\AppData\Local\arduino15\packages\arduino\hardware\sam\1.6.9\variants\arduino_due_x/libsam_sam3x8e_gcc_rel.a(startup_sam3xa.o) (UOTGHS_Handler)
C:\Users\ryuya\AppData\Local\arduino15\packages\arduino\hardware\sam\1.6.9\variants\arduino_due_x/libsam_sam3x8e_gcc_rel.a(dacc.o)
                              C:\Users\ryuya\AppData\Local\Temp\VMicroBuilds\TestPlayer\arduino_due_x_dbg\Audio\DAC.cpp.o (dacc_reset)
C:\Users\ryuya\AppData\Local\Temp\VMicroBuilds\TestPlayer\arduino_due_x_dbg/core.a(cortex_handlers.c.o)
                              C:\Users\ryuya\AppData\Local\arduino15\packages\arduino\hardware\sam\1.6.9\variants\arduino_due_x/libsam_sam3x8e_gcc_rel.a(startup_sam3xa.o) (NMI_Handler)
C:\Users\ryuya\AppData\Local\Temp\VMicroBuilds\TestPlayer\arduino_due_x_dbg/core.a(hooks.c.o)
                              C:\Users\ryuya\AppData\Local\Temp\VMicroBuilds\TestPlayer\arduino_due_x_dbg/core.a(cortex_handlers.c.o) (sysTickHook)
C:\Users\ryuya\AppData\Local\Temp\VMicroBuilds\TestPlayer\arduino_due_x_dbg/core.a(syscalls_sam3.c.o)
                              (_sbrk)
C:\Users\ryuya\AppData\Local\Temp\VMicroBuilds\TestPlayer\arduino_due_x_dbg/core.a(wiring.c.o)
                              C:\Users\ryuya\AppData\Local\Temp\VMicroBuilds\TestPlayer\arduino_due_x_dbg\SD\utility\Sd2Card.cpp.o (millis)
C:\Users\ryuya\AppData\Local\Temp\VMicroBuilds\TestPlayer\arduino_due_x_dbg/core.a(wiring_analog.c.o)
                              C:\Users\ryuya\AppData\Local\Temp\VMicroBuilds\TestPlayer\arduino_due_x_dbg\variant\variant.cpp.o (analogOutputInit)
C:\Users\ryuya\AppData\Local\Temp\VMicroBuilds\TestPlayer\arduino_due_x_dbg/core.a(wiring_digital.c.o)
                              C:\Users\ryuya\AppData\Local\Temp\VMicroBuilds\TestPlayer\arduino_due_x_dbg\SPI\SPI.cpp.o (pinMode)
C:\Users\ryuya\AppData\Local\Temp\VMicroBuilds\TestPlayer\arduino_due_x_dbg/core.a(abi.cpp.o)
                              C:\Users\ryuya\AppData\Local\Temp\VMicroBuilds\TestPlayer\arduino_due_x_dbg\SD\File.cpp.o (__cxa_pure_virtual)
C:\Users\ryuya\AppData\Local\Temp\VMicroBuilds\TestPlayer\arduino_due_x_dbg/core.a(main.cpp.o)
                              c:/users/ryuya/appdata/local/arduino15/packages/arduino/tools/arm-none-eabi-gcc/4.8.3-2014q1/bin/../lib/gcc/arm-none-eabi/4.8.3/../../../../arm-none-eabi/lib/armv7-m/crt0.o (main)
C:\Users\ryuya\AppData\Local\Temp\VMicroBuilds\TestPlayer\arduino_due_x_dbg/core.a(Print.cpp.o)
                              C:\Users\ryuya\AppData\Local\Temp\VMicroBuilds\TestPlayer\arduino_due_x_dbg\SD\File.cpp.o (Print::write(unsigned char const*, unsigned int))
C:\Users\ryuya\AppData\Local\Temp\VMicroBuilds\TestPlayer\arduino_due_x_dbg/core.a(Reset.cpp.o)
                              C:\Users\ryuya\AppData\Local\Temp\VMicroBuilds\TestPlayer\arduino_due_x_dbg/core.a(cortex_handlers.c.o) (tickReset)
C:\Users\ryuya\AppData\Local\Temp\VMicroBuilds\TestPlayer\arduino_due_x_dbg/core.a(RingBuffer.cpp.o)
[...]
Memory Configuration

Name             Origin             Length             Attributes
rom              0x00080000         0x00080000         xr
sram0            0x20000000         0x00010000         xrw
sram1            0x20080000         0x00008000         xrw
ram              0x20070000         0x00018000         xrw
*default*        0x00000000         0xffffffff

Linker script and memory map

LOAD c:/users/ryuya/appdata/local/arduino15/packages/arduino/tools/arm-none-eabi-gcc/4.8.3-2014q1/bin/../lib/gcc/arm-none-eabi/4.8.3/armv7-m/crti.o
LOAD c:/users/ryuya/appdata/local/arduino15/packages/arduino/tools/arm-none-eabi-gcc/4.8.3-2014q1/bin/../lib/gcc/arm-none-eabi/4.8.3/armv7-m/crtbegin.o
LOAD c:/users/ryuya/appdata/local/arduino15/packages/arduino/tools/arm-none-eabi-gcc/4.8.3-2014q1/bin/../lib/gcc/arm-none-eabi/4.8.3/../../../../arm-none-eabi/lib/armv7-m/crt0.o
START GROUP
LOAD C:\Users\ryuya\AppData\Local\Temp\VMicroBuilds\TestPlayer\arduino_due_x_dbg\TestPlayer.cpp.o
LOAD C:\Users\ryuya\AppData\Local\Temp\VMicroBuilds\TestPlayer\arduino_due_x_dbg\SPI\SPI.cpp.o
LOAD C:\Users\ryuya\AppData\Local\Temp\VMicroBuilds\TestPlayer\arduino_due_x_dbg\SD\File.cpp.o
LOAD C:\Users\ryuya\AppData\Local\Temp\VMicroBuilds\TestPlayer\arduino_due_x_dbg\SD\SD.cpp.o
LOAD C:\Users\ryuya\AppData\Local\Temp\VMicroBuilds\TestPlayer\arduino_due_x_dbg\SD\utility\Sd2Card.cpp.o
LOAD C:\Users\ryuya\AppData\Local\Temp\VMicroBuilds\TestPlayer\arduino_due_x_dbg\SD\utility\SdFile.cpp.o
LOAD C:\Users\ryuya\AppData\Local\Temp\VMicroBuilds\TestPlayer\arduino_due_x_dbg\SD\utility\SdVolume.cpp.o
LOAD C:\Users\ryuya\AppData\Local\Temp\VMicroBuilds\TestPlayer\arduino_due_x_dbg\Audio\Audio.cpp.o
LOAD C:\Users\ryuya\AppData\Local\Temp\VMicroBuilds\TestPlayer\arduino_due_x_dbg\Audio\DAC.cpp.o
LOAD C:\Users\ryuya\AppData\Local\Temp\VMicroBuilds\TestPlayer\arduino_due_x_dbg\variant\variant.cpp.o
LOAD C:\Users\ryuya\AppData\Local\arduino15\packages\arduino\hardware\sam\1.6.9\variants\arduino_due_x/libsam_sam3x8e_gcc_rel.a
LOAD C:\Users\ryuya\AppData\Local\Temp\VMicroBuilds\TestPlayer\arduino_due_x_dbg/core.a
END GROUP
LOAD c:/users/ryuya/appdata/local/arduino15/packages/arduino/tools/arm-none-eabi-gcc/4.8.3-2014q1/bin/../lib/gcc/arm-none-eabi/4.8.3/../../../../arm-none-eabi/lib/armv7-m\libm.a
START GROUP
LOAD c:/users/ryuya/appdata/local/arduino15/packages/arduino/tools/arm-none-eabi-gcc/4.8.3-2014q1/bin/../lib/gcc/arm-none-eabi/4.8.3/armv7-m\libgcc.a
LOAD c:/users/ryuya/appdata/local/arduino15/packages/arduino/tools/arm-none-eabi-gcc/4.8.3-2014q1/bin/../lib/gcc/arm-none-eabi/4.8.3/../../../../arm-none-eabi/lib/armv7-m\libg.a
LOAD c:/users/ryuya/appdata/local/arduino15/packages/arduino/tools/arm-none-eabi-gcc/4.8.3-2014q1/bin/../lib/gcc/arm-none-eabi/4.8.3/../../../../arm-none-eabi/lib/armv7-m\libc.a
END GROUP
LOAD c:/users/ryuya/appdata/local/arduino15/packages/arduino/tools/arm-none-eabi-gcc/4.8.3-2014q1/bin/../lib/gcc/arm-none-eabi/4.8.3/armv7-m/crtend.o
LOAD c:/users/ryuya/appdata/local/arduino15/packages/arduino/tools/arm-none-eabi-gcc/4.8.3-2014q1/bin/../lib/gcc/arm-none-eabi/4.8.3/armv7-m/crtn.o

.text           0x00080000     0x7b48
                0x00080000                . = ALIGN (0x4)
                0x00080000                _sfixed = .
 *(.vectors .vectors.*)
 .vectors       0x00080000       0xf4 C:\Users\ryuya\AppData\Local\arduino15\packages\arduino\hardware\sam\1.6.9\variants\arduino_due_x/libsam_sam3x8e_gcc_rel.a(startup_sam3xa.o)
                0x00080000                exception_table
 *(.text .text.* .gnu.linkonce.t.*)
 .text          0x000800f4       0x54 c:/users/ryuya/appdata/local/arduino15/packages/arduino/tools/arm-none-eabi-gcc/4.8.3-2014q1/bin/../lib/gcc/arm-none-eabi/4.8.3/armv7-m/crtbegin.o
 .text._Z14printDirectoryN5SDLib4FileE
                0x00080148       0x48 C:\Users\ryuya\AppData\Local\Temp\VMicroBuilds\TestPlayer\arduino_due_x_dbg\TestPlayer.cpp.o
                0x00080148                printDirectory(SDLib::File)
 .text._Z10initPlayerv
                0x00080190       0x80 C:\Users\ryuya\AppData\Local\Temp\VMicroBuilds\TestPlayer\arduino_due_x_dbg\TestPlayer.cpp.o
                0x00080190                initPlayer()
 .text.setup    0x00080210       0x48 C:\Users\ryuya\AppData\Local\Temp\VMicroBuilds\TestPlayer\arduino_due_x_dbg\TestPlayer.cpp.o
                0x00080210                setup
 .text.loop     0x00080258      0x130 C:\Users\ryuya\AppData\Local\Temp\VMicroBuilds\TestPlayer\arduino_due_x_dbg\TestPlayer.cpp.o
                0x00080258                loop
 .text._ZL10SPI_0_Initv
                0x00080388       0x48 C:\Users\ryuya\AppData\Local\Temp\VMicroBuilds\TestPlayer\arduino_due_x_dbg\SPI\SPI.cpp.o
 .text._ZN8SPIClass4initEv
                0x000803d0       0x36 C:\Users\ryuya\AppData\Local\Temp\VMicroBuilds\TestPlayer\arduino_due_x_dbg\SPI\SPI.cpp.o
                0x000803d0                SPIClass::init()
 *fill*         0x00080406        0x2 
 .text._ZN8SPIClass16beginTransactionEh11SPISettings
                0x00080408       0x98 C:\Users\ryuya\AppData\Local\Temp\VMicroBuilds\TestPlayer\arduino_due_x_dbg\SPI\SPI.cpp.o
                0x00080408                SPIClass::beginTransaction(unsigned char, SPISettings)
 .text._ZN8SPIClass14endTransactionEv
                0x000804a0       0x50 C:\Users\ryuya\AppData\Local\Temp\VMicroBuilds\TestPlayer\arduino_due_x_dbg\SPI\SPI.cpp.o
                0x000804a0                SPIClass::endTransaction()
 .text._ZN8SPIClass11setDataModeEhh
                0x000804f0       0x34 C:\Users\ryuya\AppData\Local\Temp\VMicroBuilds\TestPlayer\arduino_due_x_dbg\SPI\SPI.cpp.o
                0x000804f0                SPIClass::setDataMode(unsigned char, unsigned char)
 .text._ZN8SPIClass15setClockDividerEhh
                0x00080524       0x2e C:\Users\ryuya\AppData\Local\Temp\VMicroBuilds\TestPlayer\arduino_due_x_dbg\SPI\SPI.cpp.o
                0x00080524                SPIClass::setClockDivider(unsigned char, unsigned char)
 .text._ZN8SPIClass5beginEv
                0x00080552       0x22 C:\Users\ryuya\AppData\Local\Temp\VMicroBuilds\TestPlayer\arduino_due_x_dbg\SPI\SPI.cpp.o
                0x00080552                SPIClass::begin()
 .text._ZN8SPIClass8transferEhh15SPITransferMode
                0x00080574       0x5e C:\Users\ryuya\AppData\Local\Temp\VMicroBuilds\TestPlayer\arduino_due_x_dbg\SPI\SPI.cpp.o
                0x00080574                SPIClass::transfer(unsigned char, unsigned char, SPITransferMode)
 *fill*         0x000805d2        0x2 
 .text.startup._GLOBAL__sub_I__ZN8SPIClassC2EP3SpimPFvvE
                0x000805d4       0x24 C:\Users\ryuya\AppData\Local\Temp\VMicroBuilds\TestPlayer\arduino_due_x_dbg\SPI\SPI.cpp.o
 .text._ZN5SDLib4File5writeEh
                0x000805f8       0x16 C:\Users\ryuya\AppData\Local\Temp\VMicroBuilds\TestPlayer\arduino_due_x_dbg\SD\File.cpp.o
                0x000805f8                SDLib::File::write(unsigned char)
 .text._ZN5SDLib4File5writeEPKhj
                0x0008060e       0x26 C:\Users\ryuya\AppData\Local\Temp\VMicroBuilds\TestPlayer\arduino_due_x_dbg\SD\File.cpp.o
                0x0008060e                SDLib::File::write(unsigned char const*, unsigned int)
 .text._ZN5SDLib4File5flushEv
                0x00080634        0xa C:\Users\ryuya\AppData\Local\Temp\VMicroBuilds\TestPlayer\arduino_due_x_dbg\SD\File.cpp.o
                0x00080634                SDLib::File::flush()
 .text._ZN6SdFile4readEv
                0x0008063e       0x20 C:\Users\ryuya\AppData\Local\Temp\VMicroBuilds\TestPlayer\arduino_due_x_dbg\SD\File.cpp.o
                0x0008063e                SdFile::read()
 .text._ZN5SDLib4File4readEv
                0x0008065e       0x12 C:\Users\ryuya\AppData\Local\Temp\VMicroBuilds\TestPlayer\arduino_due_x_dbg\SD\File.cpp.o
                0x0008065e                SDLib::File::read()
 .text._ZN5SDLib4File4peekEv
                0x00080670       0x20 C:\Users\ryuya\AppData\Local\Temp\VMicroBuilds\TestPlayer\arduino_due_x_dbg\SD\File.cpp.o
                0x00080670                SDLib::File::peek()
 .text._ZN5SDLib4FileC2E6SdFilePKc
                0x00080690       0x50 C:\Users\ryuya\AppData\Local\Temp\VMicroBuilds\TestPlayer\arduino_due_x_dbg\SD\File.cpp.o
                0x00080690                SDLib::File::File(SdFile, char const*)
                0x00080690                SDLib::File::File(SdFile, char const*)
 .text._ZN5SDLib4FileC2Ev
                0x000806e0       0x18 C:\Users\ryuya\AppData\Local\Temp\VMicroBuilds\TestPlayer\arduino_due_x_dbg\SD\File.cpp.o
                0x000806e0                SDLib::File::File()
                0x000806e0                SDLib::File::File()
 .text._ZN5SDLib4File4nameEv
                0x000806f8        0x4 C:\Users\ryuya\AppData\Local\Temp\VMicroBuilds\TestPlayer\arduino_due_x_dbg\SD\File.cpp.o
                0x000806f8                SDLib::File::name()
 .text._ZN5SDLib4File4readEPvt
                0x000806fc        0xc C:\Users\ryuya\AppData\Local\Temp\VMicroBuilds\TestPlayer\arduino_due_x_dbg\SD\File.cpp.o
                0x000806fc                SDLib::File::read(void*, unsigned short)
 .text._ZN5SDLib4File8positionEv
                0x00080708        0xe C:\Users\ryuya\AppData\Local\Temp\VMicroBuilds\TestPlayer\arduino_due_x_dbg\SD\File.cpp.o
                0x00080708                SDLib::File::position()
 .text._ZN5SDLib4File4sizeEv
                0x00080716        0x8 C:\Users\ryuya\AppData\Local\Temp\VMicroBuilds\TestPlayer\arduino_due_x_dbg\SD\File.cpp.o
                0x00080716                SDLib::File::size()
 .text._ZN5SDLib4File9availableEv
                0x0008071e       0x26 C:\Users\ryuya\AppData\Local\Temp\VMicroBuilds\TestPlayer\arduino_due_x_dbg\SD\File.cpp.o
                0x0008071e                SDLib::File::available()
 .text._ZN5SDLib4File5closeEv
                0x00080744       0x18 C:\Users\ryuya\AppData\Local\Temp\VMicroBuilds\TestPlayer\arduino_due_x_dbg\SD\File.cpp.o
                0x00080744                SDLib::File::close()
 .text._ZN5SDLib4FilecvbEv
                0x0008075c        0xe C:\Users\ryuya\AppData\Local\Temp\VMicroBuilds\TestPlayer\arduino_due_x_dbg\SD\File.cpp.o
                0x0008075c                SDLib::File::operator bool()
 .text._ZN5SDLib7SDClass5beginEh
                0x0008076a       0x44 C:\Users\ryuya\AppData\Local\Temp\VMicroBuilds\TestPlayer\arduino_due_x_dbg\SD\SD.cpp.o
                0x0008076a                SDLib::SDClass::begin(unsigned char)
 *fill*         0x000807ae        0x2 
 .text._ZN6SdFileC2ERKS_
                0x000807b0       0x34 C:\Users\ryuya\AppData\Local\Temp\VMicroBuilds\TestPlayer\arduino_due_x_dbg\SD\SD.cpp.o
                0x000807b0                SdFile::SdFile(SdFile const&)
                0x000807b0                SdFile::SdFile(SdFile const&)
 .text._ZN5SDLib7SDClass12getParentDirEPKcPi
                0x000807e4       0xac C:\Users\ryuya\AppData\Local\Temp\VMicroBuilds\TestPlayer\arduino_due_x_dbg\SD\SD.cpp.o
                0x000807e4                SDLib::SDClass::getParentDir(char const*, int*)
 .text._ZN5SDLib7SDClass4openEPKch
                0x00080890       0xa4 C:\Users\ryuya\AppData\Local\Temp\VMicroBuilds\TestPlayer\arduino_due_x_dbg\SD\SD.cpp.o
                0x00080890                SDLib::SDClass::open(char const*, unsigned char)
 .text._ZN5SDLib4File12openNextFileEh
                0x00080934       0x78 C:\Users\ryuya\AppData\Local\Temp\VMicroBuilds\TestPlayer\arduino_due_x_dbg\SD\SD.cpp.o
                0x00080934                SDLib::File::openNextFile(unsigned char)
 .text.startup._GLOBAL__sub_I__ZN5SDLib20getNextPathComponentEPKcPjPc
                0x000809ac       0x28 C:\Users\ryuya\AppData\Local\Temp\VMicroBuilds\TestPlayer\arduino_due_x_dbg\SD\SD.cpp.o
 .text._ZL7spiSendh
                0x000809d4       0x10 C:\Users\ryuya\AppData\Local\Temp\VMicroBuilds\TestPlayer\arduino_due_x_dbg\SD\utility\Sd2Card.cpp.o
 .text._ZL6spiRecv
                0x000809e4       0x10 C:\Users\ryuya\AppData\Local\Temp\VMicroBuilds\TestPlayer\arduino_due_x_dbg\SD\utility\Sd2Card.cpp.o
 .text._ZN7Sd2Card14chipSelectHighEv
                0x000809f4       0x28 C:\Users\ryuya\AppData\Local\Temp\VMicroBuilds\TestPlayer\arduino_due_x_dbg\SD\utility\Sd2Card.cpp.o
                0x000809f4                Sd2Card::chipSelectHigh()
 .text._ZN7Sd2Card13chipSelectLowEv
                0x00080a1c       0x40 C:\Users\ryuya\AppData\Local\Temp\VMicroBuilds\TestPlayer\arduino_due_x_dbg\SD\utility\Sd2Card.cpp.o
                0x00080a1c                Sd2Card::chipSelectLow()
 .text._ZN7Sd2Card7readEndEv
                0x00080a5c       0x2a C:\Users\ryuya\AppData\Local\Temp\VMicroBuilds\TestPlayer\arduino_due_x_dbg\SD\utility\Sd2Card.cpp.o
                0x00080a5c                Sd2Card::readEnd()
 *fill*         0x00080a86        0x2 
 .text._ZN7Sd2Card10setSckRateEh
                0x00080a88       0x58 C:\Users\ryuya\AppData\Local\Temp\VMicroBuilds\TestPlayer\arduino_due_x_dbg\SD\utility\Sd2Card.cpp.o
                0x00080a88                Sd2Card::setSckRate(unsigned char)
 .text._ZN7Sd2Card11waitNotBusyEt
                0x00080ae0       0x28 C:\Users\ryuya\AppData\Local\Temp\VMicroBuilds\TestPlayer\arduino_due_x_dbg\SD\utility\Sd2Card.cpp.o
                0x00080ae0                Sd2Card::waitNotBusy(unsigned short)
 .text._ZN7Sd2Card11cardCommandEhm
                0x00080b08       0x60 C:\Users\ryuya\AppData\Local\Temp\VMicroBuilds\TestPlayer\arduino_due_x_dbg\SD\utility\Sd2Card.cpp.o
                0x00080b08                Sd2Card::cardCommand(unsigned char, unsigned long)
 .text._ZN7Sd2Card4initEhh
                0x00080b68      0x150 C:\Users\ryuya\AppData\Local\Temp\VMicroBuilds\TestPlayer\arduino_due_x_dbg\SD\utility\Sd2Card.cpp.o
                0x00080b68                Sd2Card::init(unsigned char, unsigned char)
 .text._ZN7Sd2Card14waitStartBlockEv
                0x00080cb8       0x3e C:\Users\ryuya\AppData\Local\Temp\VMicroBuilds\TestPlayer\arduino_due_x_dbg\SD\utility\Sd2Card.cpp.o
                0x00080cb8                Sd2Card::waitStartBlock()
 .text._ZN7Sd2Card8readDataEmttPh
                0x00080cf6       0xa4 C:\Users\ryuya\AppData\Local\Temp\VMicroBuilds\TestPlayer\arduino_due_x_dbg\SD\utility\Sd2Card.cpp.o
                0x00080cf6                Sd2Card::readData(unsigned long, unsigned short, unsigned short, unsigned char*)
 .text._ZN7Sd2Card9readBlockEmPh
                0x00080d9a       0x14 C:\Users\ryuya\AppData\Local\Temp\VMicroBuilds\TestPlayer\arduino_due_x_dbg\SD\utility\Sd2Card.cpp.o
                0x00080d9a                Sd2Card::readBlock(unsigned long, unsigned char*)
 .text._ZN7Sd2Card9writeDataEhPKh
                0x00080dae       0x48 C:\Users\ryuya\AppData\Local\Temp\VMicroBuilds\TestPlayer\arduino_due_x_dbg\SD\utility\Sd2Card.cpp.o
                0x00080dae                Sd2Card::writeData(unsigned char, unsigned char const*)
 .text._ZN7Sd2Card10writeBlockEmPKh
                0x00080df6       0x6c C:\Users\ryuya\AppData\Local\Temp\VMicroBuilds\TestPlayer\arduino_due_x_dbg\SD\utility\Sd2Card.cpp.o
                0x00080df6                Sd2Card::writeBlock(unsigned long, unsigned char const*)
 *fill*         0x00080e62        0x2 
 .text.startup._GLOBAL__sub_I__ZN7Sd2Card11cardCommandEhm
                0x00080e64       0x14 C:\Users\ryuya\AppData\Local\Temp\VMicroBuilds\TestPlayer\arduino_due_x_dbg\SD\utility\Sd2Card.cpp.o
 .text._ZN6SdFile10addClusterEv
                0x00080e78       0x26 C:\Users\ryuya\AppData\Local\Temp\VMicroBuilds\TestPlayer\arduino_due_x_dbg\SD\utility\SdFile.cpp.o
                0x00080e78                SdFile::addCluster()
 .text._ZN6SdFile13addDirClusterEv
                0x00080e9e       0x46 C:\Users\ryuya\AppData\Local\Temp\VMicroBuilds\TestPlayer\arduino_due_x_dbg\SD\utility\SdFile.cpp.o
                0x00080e9e                SdFile::addDirCluster()
 .text._ZN6SdFile13cacheDirEntryEh
                0x00080ee4       0x1c C:\Users\ryuya\AppData\Local\Temp\VMicroBuilds\TestPlayer\arduino_due_x_dbg\SD\utility\SdFile.cpp.o
                0x00080ee4                SdFile::cacheDirEntry(unsigned char)
 .text._ZN6SdFile7dirNameERK14directoryEntryPc
                0x00080f00       0x2e C:\Users\ryuya\AppData\Local\Temp\VMicroBuilds\TestPlayer\arduino_due_x_dbg\SD\utility\SdFile.cpp.o
                0x00080f00                SdFile::dirName(directoryEntry const&, char*)
 *fill*         0x00080f2e        0x2 
 .text._ZN6SdFile10make83NameEPKcPh
                0x00080f30       0x98 C:\Users\ryuya\AppData\Local\Temp\VMicroBuilds\TestPlayer\arduino_due_x_dbg\SD\utility\SdFile.cpp.o
                0x00080f30                SdFile::make83Name(char const*, unsigned char*)
 .text._ZN6SdFile8openRootEP8SdVolume
                0x00080fc8       0x50 C:\Users\ryuya\AppData\Local\Temp\VMicroBuilds\TestPlayer\arduino_due_x_dbg\SD\utility\SdFile.cpp.o
                0x00080fc8                SdFile::openRoot(SdVolume*)
 .text._ZN6SdFile4readEPvt
                0x00081018      0x104 C:\Users\ryuya\AppData\Local\Temp\VMicroBuilds\TestPlayer\arduino_due_x_dbg\SD\utility\SdFile.cpp.o
                0x00081018                SdFile::read(void*, unsigned short)
 .text._ZN6SdFile7readDirEP14directoryEntry
                0x0008111c       0x48 C:\Users\ryuya\AppData\Local\Temp\VMicroBuilds\TestPlayer\arduino_due_x_dbg\SD\utility\SdFile.cpp.o
                0x0008111c                SdFile::readDir(directoryEntry*)
 .text._ZN6SdFile12readDirCacheEv
                0x00081164       0x44 C:\Users\ryuya\AppData\Local\Temp\VMicroBuilds\TestPlayer\arduino_due_x_dbg\SD\utility\SdFile.cpp.o
                0x00081164                SdFile::readDirCache()
 .text._ZN6SdFile7seekSetEm
                0x000811a8       0x5e C:\Users\ryuya\AppData\Local\Temp\VMicroBuilds\TestPlayer\arduino_due_x_dbg\SD\utility\SdFile.cpp.o
                0x000811a8                SdFile::seekSet(unsigned long)
 *fill*         0x00081206        0x2 
 .text._ZN6SdFile4syncEv
                0x00081208       0x58 C:\Users\ryuya\AppData\Local\Temp\VMicroBuilds\TestPlayer\arduino_due_x_dbg\SD\utility\SdFile.cpp.o
                0x00081208                SdFile::sync()
 .text._ZN6SdFile5closeEv
                0x00081260       0x12 C:\Users\ryuya\AppData\Local\Temp\VMicroBuilds\TestPlayer\arduino_due_x_dbg\SD\utility\SdFile.cpp.o
                0x00081260                SdFile::close()
 *fill*         0x00081272        0x2 
 .text._ZN6SdFile8truncateEm
                0x00081274       0xb0 C:\Users\ryuya\AppData\Local\Temp\VMicroBuilds\TestPlayer\arduino_due_x_dbg\SD\utility\SdFile.cpp.o
                0x00081274                SdFile::truncate(unsigned long)
 .text._ZN6SdFile15openCachedEntryEhh
                0x00081324       0x7c C:\Users\ryuya\AppData\Local\Temp\VMicroBuilds\TestPlayer\arduino_due_x_dbg\SD\utility\SdFile.cpp.o
                0x00081324                SdFile::openCachedEntry(unsigned char, unsigned char)
 .text._ZN6SdFile4openEPS_PKch
                0x000813a0      0x110 C:\Users\ryuya\AppData\Local\Temp\VMicroBuilds\TestPlayer\arduino_due_x_dbg\SD\utility\SdFile.cpp.o
                0x000813a0                SdFile::open(SdFile*, char const*, unsigned char)
 .text._ZN6SdFile5writeEPKvt
                0x000814b0      0x194 C:\Users\ryuya\AppData\Local\Temp\VMicroBuilds\TestPlayer\arduino_due_x_dbg\SD\utility\SdFile.cpp.o
                0x000814b0                SdFile::write(void const*, unsigned short)
 .text._ZN6SdFile5writeEh
                0x00081644       0x16 C:\Users\ryuya\AppData\Local\Temp\VMicroBuilds\TestPlayer\arduino_due_x_dbg\SD\utility\SdFile.cpp.o
                0x00081644                SdFile::write(unsigned char)
 *fill*         0x0008165a        0x2 
 .text._ZN8SdVolume10cacheFlushEv
                0x0008165c       0x4c C:\Users\ryuya\AppData\Local\Temp\VMicroBuilds\TestPlayer\arduino_due_x_dbg\SD\utility\SdVolume.cpp.o
                0x0008165c                SdVolume::cacheFlush()
 .text._ZN8SdVolume13cacheRawBlockEmh
                0x000816a8       0x48 C:\Users\ryuya\AppData\Local\Temp\VMicroBuilds\TestPlayer\arduino_due_x_dbg\SD\utility\SdVolume.cpp.o
                0x000816a8                SdVolume::cacheRawBlock(unsigned long, unsigned char)
 .text._ZN8SdVolume14cacheZeroBlockEm
                0x000816f0       0x38 C:\Users\ryuya\AppData\Local\Temp\VMicroBuilds\TestPlayer\arduino_due_x_dbg\SD\utility\SdVolume.cpp.o
                0x000816f0                SdVolume::cacheZeroBlock(unsigned long)
 .text._ZNK8SdVolume6fatGetEmPm
                0x00081728       0x64 C:\Users\ryuya\AppData\Local\Temp\VMicroBuilds\TestPlayer\arduino_due_x_dbg\SD\utility\SdVolume.cpp.o
                0x00081728                SdVolume::fatGet(unsigned long, unsigned long*) const
 .text._ZNK8SdVolume9chainSizeEmPm
                0x0008178c       0x44 C:\Users\ryuya\AppData\Local\Temp\VMicroBuilds\TestPlayer\arduino_due_x_dbg\SD\utility\SdVolume.cpp.o
                0x0008178c                SdVolume::chainSize(unsigned long, unsigned long*) const
 .text._ZN8SdVolume6fatPutEmm
                0x000817d0       0x84 C:\Users\ryuya\AppData\Local\Temp\VMicroBuilds\TestPlayer\arduino_due_x_dbg\SD\utility\SdVolume.cpp.o
                0x000817d0                SdVolume::fatPut(unsigned long, unsigned long)
 .text._ZN8SdVolume15allocContiguousEmPm
                0x00081854       0xb4 C:\Users\ryuya\AppData\Local\Temp\VMicroBuilds\TestPlayer\arduino_due_x_dbg\SD\utility\SdVolume.cpp.o
                0x00081854                SdVolume::allocContiguous(unsigned long, unsigned long*)
 .text._ZN8SdVolume9freeChainEm
                0x00081908       0x48 C:\Users\ryuya\AppData\Local\Temp\VMicroBuilds\TestPlayer\arduino_due_x_dbg\SD\utility\SdVolume.cpp.o
                0x00081908                SdVolume::freeChain(unsigned long)
 .text._ZN8SdVolume4initEP7Sd2Cardh
                0x00081950       0xf4 C:\Users\ryuya\AppData\Local\Temp\VMicroBuilds\TestPlayer\arduino_due_x_dbg\SD\utility\SdVolume.cpp.o
                0x00081950                SdVolume::init(Sd2Card*, unsigned char)
 .text._ZN10AudioClass5writeEh
                0x00081a44        0x2 C:\Users\ryuya\AppData\Local\Temp\VMicroBuilds\TestPlayer\arduino_due_x_dbg\Audio\Audio.cpp.o
                0x00081a44                AudioClass::write(unsigned char)
 .text._ZN10AudioClass5writeEPKhj
                0x00081a46        0xe C:\Users\ryuya\AppData\Local\Temp\VMicroBuilds\TestPlayer\arduino_due_x_dbg\Audio\Audio.cpp.o
                0x00081a46                AudioClass::write(unsigned char const*, unsigned int)
 .text._ZN10AudioClass5writeEPKtj
                0x00081a54        0xe C:\Users\ryuya\AppData\Local\Temp\VMicroBuilds\TestPlayer\arduino_due_x_dbg\Audio\Audio.cpp.o
                0x00081a54                AudioClass::write(unsigned short const*, unsigned int)
 .text._ZN10AudioClass5writeEPKsj
                0x00081a62        0xe C:\Users\ryuya\AppData\Local\Temp\VMicroBuilds\TestPlayer\arduino_due_x_dbg\Audio\Audio.cpp.o
                0x00081a62                AudioClass::write(short const*, unsigned int)
 .text._ZN10AudioClass13onTransmitEndEPv
                0x00081a70        0xe C:\Users\ryuya\AppData\Local\Temp\VMicroBuilds\TestPlayer\arduino_due_x_dbg\Audio\Audio.cpp.o
                0x00081a70                AudioClass::onTransmitEnd(void*)
 *fill*         0x00081a7e        0x2 
 .text._ZN10AudioClass5beginEmm
                0x00081a80       0x5c C:\Users\ryuya\AppData\Local\Temp\VMicroBuilds\TestPlayer\arduino_due_x_dbg\Audio\Audio.cpp.o
                0x00081a80                AudioClass::begin(unsigned long, unsigned long)
 .text._ZN10AudioClass3endEv
                0x00081adc       0x14 C:\Users\ryuya\AppData\Local\Temp\VMicroBuilds\TestPlayer\arduino_due_x_dbg\Audio\Audio.cpp.o
                0x00081adc                AudioClass::end()
 .text._ZN10AudioClass7prepareEPsii
                0x00081af0       0x28 C:\Users\ryuya\AppData\Local\Temp\VMicroBuilds\TestPlayer\arduino_due_x_dbg\Audio\Audio.cpp.o
                0x00081af0                AudioClass::prepare(short*, int, int)
 .text._ZN10AudioClass7enqueueEv
                0x00081b18       0x30 C:\Users\ryuya\AppData\Local\Temp\VMicroBuilds\TestPlayer\arduino_due_x_dbg\Audio\Audio.cpp.o
                0x00081b18                AudioClass::enqueue()
 .text._ZN10AudioClass5writeEPKmj
                0x00081b48       0x46 C:\Users\ryuya\AppData\Local\Temp\VMicroBuilds\TestPlayer\arduino_due_x_dbg\Audio\Audio.cpp.o
                0x00081b48                AudioClass::write(unsigned long const*, unsigned int)
 *fill*         0x00081b8e        0x2 
 .text.startup._GLOBAL__sub_I__ZN10AudioClass5beginEmm
                0x00081b90       0x1c C:\Users\ryuya\AppData\Local\Temp\VMicroBuilds\TestPlayer\arduino_due_x_dbg\Audio\Audio.cpp.o
 .text._ZN8DACClass5beginEm
                0x00081bac      0x128 C:\Users\ryuya\AppData\Local\Temp\VMicroBuilds\TestPlayer\arduino_due_x_dbg\Audio\DAC.cpp.o
                0x00081bac                DACClass::begin(unsigned long)
 .text._ZN8DACClass3endEv
                0x00081cd4       0x40 C:\Users\ryuya\AppData\Local\Temp\VMicroBuilds\TestPlayer\arduino_due_x_dbg\Audio\DAC.cpp.o
                0x00081cd4                DACClass::end()
 .text._ZN8DACClass8canQueueEv
                0x00081d14       0x10 C:\Users\ryuya\AppData\Local\Temp\VMicroBuilds\TestPlayer\arduino_due_x_dbg\Audio\DAC.cpp.o
                0x00081d14                DACClass::canQueue()
 .text._ZN8DACClass11queueBufferEPKmj
                0x00081d24       0x46 C:\Users\ryuya\AppData\Local\Temp\VMicroBuilds\TestPlayer\arduino_due_x_dbg\Audio\DAC.cpp.o
                0x00081d24                DACClass::queueBuffer(unsigned long const*, unsigned int)
 .text._ZN8DACClass19setOnTransmitEnd_CBEPFvPvES0_
                0x00081d6a       0x10 C:\Users\ryuya\AppData\Local\Temp\VMicroBuilds\TestPlayer\arduino_due_x_dbg\Audio\DAC.cpp.o
                0x00081d6a                DACClass::setOnTransmitEnd_CB(void (*)(void*), void*)
 .text._ZN8DACClass9onServiceEv
                0x00081d7a       0x1c C:\Users\ryuya\AppData\Local\Temp\VMicroBuilds\TestPlayer\arduino_due_x_dbg\Audio\DAC.cpp.o
                0x00081d7a                DACClass::onService()
 *fill*         0x00081d96        0x2 
 .text.DACC_Handler
                0x00081d98        0xc C:\Users\ryuya\AppData\Local\Temp\VMicroBuilds\TestPlayer\arduino_due_x_dbg\Audio\DAC.cpp.o
                0x00081d98                DACC_Handler
 .text.startup._GLOBAL__sub_I__ZN8DACClass5beginEm
                0x00081da4       0x1c C:\Users\ryuya\AppData\Local\Temp\VMicroBuilds\TestPlayer\arduino_due_x_dbg\Audio\DAC.cpp.o
 .text._Z11serialEventv
                0x00081dc0        0x2 C:\Users\ryuya\AppData\Local\Temp\VMicroBuilds\TestPlayer\arduino_due_x_dbg\variant\variant.cpp.o
                0x00081dc0                serialEvent()
 *fill*         0x00081dc2        0x2 
 .text.UART_Handler
                0x00081dc4        0xc C:\Users\ryuya\AppData\Local\Temp\VMicroBuilds\TestPlayer\arduino_due_x_dbg\variant\variant.cpp.o
                0x00081dc4                UART_Handler
 .text._Z12serialEvent1v
                0x00081dd0        0x2 C:\Users\ryuya\AppData\Local\Temp\VMicroBuilds\TestPlayer\arduino_due_x_dbg\variant\variant.cpp.o
                0x00081dd0                serialEvent1()
 .text._Z12serialEvent2v
                0x00081dd2        0x2 C:\Users\ryuya\AppData\Local\Temp\VMicroBuilds\TestPlayer\arduino_due_x_dbg\variant\variant.cpp.o
                0x00081dd2                serialEvent2()
 .text._Z12serialEvent3v
                0x00081dd4        0x2 C:\Users\ryuya\AppData\Local\Temp\VMicroBuilds\TestPlayer\arduino_due_x_dbg\variant\variant.cpp.o
                0x00081dd4                serialEvent3()
 *fill*         0x00081dd6        0x2 
 .text.USART0_Handler
                0x00081dd8        0xc C:\Users\ryuya\AppData\Local\Temp\VMicroBuilds\TestPlayer\arduino_due_x_dbg\variant\variant.cpp.o
                0x00081dd8                USART0_Handler
 .text.USART1_Handler
                0x00081de4        0xc C:\Users\ryuya\AppData\Local\Temp\VMicroBuilds\TestPlayer\arduino_due_x_dbg\variant\variant.cpp.o
                0x00081de4                USART1_Handler
 .text.USART3_Handler
                0x00081df0        0xc C:\Users\ryuya\AppData\Local\Temp\VMicroBuilds\TestPlayer\arduino_due_x_dbg\variant\variant.cpp.o
                0x00081df0                USART3_Handler
 .text.init     0x00081dfc      0x128 C:\Users\ryuya\AppData\Local\Temp\VMicroBuilds\TestPlayer\arduino_due_x_dbg\variant\variant.cpp.o
                0x00081dfc                init
 .text.startup._GLOBAL__sub_I_g_APinDescription
                0x00081f24       0xd4 C:\Users\ryuya\AppData\Local\Temp\VMicroBuilds\TestPlayer\arduino_due_x_dbg\variant\variant.cpp.o
 .text._Z14serialEventRunv
                0x00081ff8       0x44 C:\Users\ryuya\AppData\Local\Temp\VMicroBuilds\TestPlayer\arduino_due_x_dbg\variant\variant.cpp.o
                0x00081ff8                serialEventRun()
 .text.PIO_PullUp
                0x0008203c        0xa C:\Users\ryuya\AppData\Local\arduino15\packages\arduino\hardware\sam\1.6.9\variants\arduino_due_x/libsam_sam3x8e_gcc_rel.a(pio.o)
                0x0008203c                PIO_PullUp
 .text.PIO_SetPeripheral
                0x00082046       0x26 C:\Users\ryuya\AppData\Local\arduino15\packages\arduino\hardware\sam\1.6.9\variants\arduino_due_x/libsam_sam3x8e_gcc_rel.a(pio.o)
                0x00082046                PIO_SetPeripheral
 .text.PIO_SetInput
                0x0008206c       0x26 C:\Users\ryuya\AppData\Local\arduino15\packages\arduino\hardware\sam\1.6.9\variants\arduino_due_x/libsam_sam3x8e_gcc_rel.a(pio.o)
                0x0008206c                PIO_SetInput
 .text.PIO_SetOutput
                0x00082092       0x24 C:\Users\ryuya\AppData\Local\arduino15\packages\arduino\hardware\sam\1.6.9\variants\arduino_due_x/libsam_sam3x8e_gcc_rel.a(pio.o)
                0x00082092                PIO_SetOutput
 *fill*         0x000820b6        0x2 
 .text.PIO_Configure
                0x000820b8       0x64 C:\Users\ryuya\AppData\Local\arduino15\packages\arduino\hardware\sam\1.6.9\variants\arduino_due_x/libsam_sam3x8e_gcc_rel.a(pio.o)
                0x000820b8                PIO_Configure
 .text.PIO_GetOutputDataStatus
                0x0008211c       0x14 C:\Users\ryuya\AppData\Local\arduino15\packages\arduino\hardware\sam\1.6.9\variants\arduino_due_x/libsam_sam3x8e_gcc_rel.a(pio.o)
                0x0008211c                PIO_GetOutputDataStatus
 .text.pmc_enable_upll_clock
                0x00082130       0x14 C:\Users\ryuya\AppData\Local\arduino15\packages\arduino\hardware\sam\1.6.9\variants\arduino_due_x/libsam_sam3x8e_gcc_rel.a(pmc.o)
                0x00082130                pmc_enable_upll_clock
 .text.pmc_enable_periph_clk
                0x00082144       0x44 C:\Users\ryuya\AppData\Local\arduino15\packages\arduino\hardware\sam\1.6.9\variants\arduino_due_x/libsam_sam3x8e_gcc_rel.a(pmc.o)
                0x00082144                pmc_enable_periph_clk
 .text.pmc_disable_periph_clk
                0x00082188       0x40 C:\Users\ryuya\AppData\Local\arduino15\packages\arduino\hardware\sam\1.6.9\variants\arduino_due_x/libsam_sam3x8e_gcc_rel.a(pmc.o)
                0x00082188                pmc_disable_periph_clk
 .text.pmc_switch_udpck_to_upllck
                0x000821c8       0x14 C:\Users\ryuya\AppData\Local\arduino15\packages\arduino\hardware\sam\1.6.9\variants\arduino_due_x/libsam_sam3x8e_gcc_rel.a(pmc.o)
                0x000821c8                pmc_switch_udpck_to_upllck
 .text.pmc_enable_udpck
                0x000821dc        0xc C:\Users\ryuya\AppData\Local\arduino15\packages\arduino\hardware\sam\1.6.9\variants\arduino_due_x/libsam_sam3x8e_gcc_rel.a(pmc.o)
                0x000821dc                pmc_enable_udpck
 .text.SPI_Enable
                0x000821e8        0x6 C:\Users\ryuya\AppData\Local\arduino15\packages\arduino\hardware\sam\1.6.9\variants\arduino_due_x/libsam_sam3x8e_gcc_rel.a(spi.o)
                0x000821e8                SPI_Enable
 *fill*         0x000821ee        0x2 
 .text.SPI_Configure
                0x000821f0       0x20 C:\Users\ryuya\AppData\Local\arduino15\packages\arduino\hardware\sam\1.6.9\variants\arduino_due_x/libsam_sam3x8e_gcc_rel.a(spi.o)
                0x000821f0                SPI_Configure
 .text.SPI_ConfigureNPCS
                0x00082210        0x8 C:\Users\ryuya\AppData\Local\arduino15\packages\arduino\hardware\sam\1.6.9\variants\arduino_due_x/libsam_sam3x8e_gcc_rel.a(spi.o)
                0x00082210                SPI_ConfigureNPCS
 .text.TC_Configure
                0x00082218       0x38 C:\Users\ryuya\AppData\Local\arduino15\packages\arduino\hardware\sam\1.6.9\variants\arduino_due_x/libsam_sam3x8e_gcc_rel.a(tc.o)
                0x00082218                TC_Configure
 .text.TC_Start
                0x00082250       0x2c C:\Users\ryuya\AppData\Local\arduino15\packages\arduino\hardware\sam\1.6.9\variants\arduino_due_x/libsam_sam3x8e_gcc_rel.a(tc.o)
                0x00082250                TC_Start
 .text.TC_Stop  0x0008227c       0x2c C:\Users\ryuya\AppData\Local\arduino15\packages\arduino\hardware\sam\1.6.9\variants\arduino_due_x/libsam_sam3x8e_gcc_rel.a(tc.o)
                0x0008227c                TC_Stop
 .text.TC_SetRA
                0x000822a8        0x8 C:\Users\ryuya\AppData\Local\arduino15\packages\arduino\hardware\sam\1.6.9\variants\arduino_due_x/libsam_sam3x8e_gcc_rel.a(tc.o)
                0x000822a8                TC_SetRA
 .text.TC_SetRC
                0x000822b0        0x8 C:\Users\ryuya\AppData\Local\arduino15\packages\arduino\hardware\sam\1.6.9\variants\arduino_due_x/libsam_sam3x8e_gcc_rel.a(tc.o)
                0x000822b0                TC_SetRC
 .text.SystemInit
                0x000822b8       0x88 C:\Users\ryuya\AppData\Local\arduino15\packages\arduino\hardware\sam\1.6.9\variants\arduino_due_x/libsam_sam3x8e_gcc_rel.a(system_sam3xa.o)
                0x000822b8                SystemInit
 .text.Reset_Handler
                0x00082340       0x78 C:\Users\ryuya\AppData\Local\arduino15\packages\arduino\hardware\sam\1.6.9\variants\arduino_due_x/libsam_sam3x8e_gcc_rel.a(startup_sam3xa.o)
                0x00082340                Reset_Handler
 .text.adc_init
                0x000823b8       0x98 C:\Users\ryuya\AppData\Local\arduino15\packages\arduino\hardware\sam\1.6.9\variants\arduino_due_x/libsam_sam3x8e_gcc_rel.a(adc.o)
                0x000823b8                adc_init
 .text.adc_configure_trigger
                0x00082450        0xe C:\Users\ryuya\AppData\Local\arduino15\packages\arduino\hardware\sam\1.6.9\variants\arduino_due_x/libsam_sam3x8e_gcc_rel.a(adc.o)
                0x00082450                adc_configure_trigger
 .text.adc_configure_timing
                0x0008245e       0x1a C:\Users\ryuya\AppData\Local\arduino15\packages\arduino\hardware\sam\1.6.9\variants\arduino_due_x/libsam_sam3x8e_gcc_rel.a(adc.o)
                0x0008245e                adc_configure_timing
 .text.adc_disable_channel
                0x00082478        0xa C:\Users\ryuya\AppData\Local\arduino15\packages\arduino\hardware\sam\1.6.9\variants\arduino_due_x/libsam_sam3x8e_gcc_rel.a(adc.o)
                0x00082478                adc_disable_channel
 .text.adc_disable_all_channel
                0x00082482        0x8 C:\Users\ryuya\AppData\Local\arduino15\packages\arduino\hardware\sam\1.6.9\variants\arduino_due_x/libsam_sam3x8e_gcc_rel.a(adc.o)
                0x00082482                adc_disable_all_channel
 .text.adc_disable_interrupt
                0x0008248a        0x4 C:\Users\ryuya\AppData\Local\arduino15\packages\arduino\hardware\sam\1.6.9\variants\arduino_due_x/libsam_sam3x8e_gcc_rel.a(adc.o)
                0x0008248a                adc_disable_interrupt
 *fill*         0x0008248e        0x2 
 .text.UOTGHS_Handler
                0x00082490       0x10 C:\Users\ryuya\AppData\Local\arduino15\packages\arduino\hardware\sam\1.6.9\variants\arduino_due_x/libsam_sam3x8e_gcc_rel.a(uotghs.o)
                0x00082490                UOTGHS_Handler
 .text.dacc_reset
                0x000824a0        0x6 C:\Users\ryuya\AppData\Local\arduino15\packages\arduino\hardware\sam\1.6.9\variants\arduino_due_x/libsam_sam3x8e_gcc_rel.a(dacc.o)
                0x000824a0                dacc_reset
 .text.dacc_set_trigger
                0x000824a6       0x18 C:\Users\ryuya\AppData\Local\arduino15\packages\arduino\hardware\sam\1.6.9\variants\arduino_due_x/libsam_sam3x8e_gcc_rel.a(dacc.o)
                0x000824a6                dacc_set_trigger
 .text.dacc_set_transfer_mode
                0x000824be       0x14 C:\Users\ryuya\AppData\Local\arduino15\packages\arduino\hardware\sam\1.6.9\variants\arduino_due_x/libsam_sam3x8e_gcc_rel.a(dacc.o)
                0x000824be                dacc_set_transfer_mode
 .text.dacc_enable_interrupt
                0x000824d2        0x4 C:\Users\ryuya\AppData\Local\arduino15\packages\arduino\hardware\sam\1.6.9\variants\arduino_due_x/libsam_sam3x8e_gcc_rel.a(dacc.o)
                0x000824d2                dacc_enable_interrupt
 .text.dacc_disable_interrupt
                0x000824d6        0x4 C:\Users\ryuya\AppData\Local\arduino15\packages\arduino\hardware\sam\1.6.9\variants\arduino_due_x/libsam_sam3x8e_gcc_rel.a(dacc.o)
                0x000824d6                dacc_disable_interrupt
 .text.dacc_enable_flexible_selection
                0x000824da        0xa C:\Users\ryuya\AppData\Local\arduino15\packages\arduino\hardware\sam\1.6.9\variants\arduino_due_x/libsam_sam3x8e_gcc_rel.a(dacc.o)
                0x000824da                dacc_enable_flexible_selection
 .text.dacc_set_power_save
                0x000824e4       0x24 C:\Users\ryuya\AppData\Local\arduino15\packages\arduino\hardware\sam\1.6.9\variants\arduino_due_x/libsam_sam3x8e_gcc_rel.a(dacc.o)
                0x000824e4                dacc_set_power_save
 .text.dacc_set_timing
                0x00082508       0x2c C:\Users\ryuya\AppData\Local\arduino15\packages\arduino\hardware\sam\1.6.9\variants\arduino_due_x/libsam_sam3x8e_gcc_rel.a(dacc.o)
                0x00082508                dacc_set_timing
 .text.dacc_enable_channel
                0x00082534       0x12 C:\Users\ryuya\AppData\Local\arduino15\packages\arduino\hardware\sam\1.6.9\variants\arduino_due_x/libsam_sam3x8e_gcc_rel.a(dacc.o)
                0x00082534                dacc_enable_channel
 .text.dacc_disable_channel
                0x00082546       0x12 C:\Users\ryuya\AppData\Local\arduino15\packages\arduino\hardware\sam\1.6.9\variants\arduino_due_x/libsam_sam3x8e_gcc_rel.a(dacc.o)
                0x00082546                dacc_disable_channel
 .text.dacc_set_analog_control
                0x00082558        0x8 C:\Users\ryuya\AppData\Local\arduino15\packages\arduino\hardware\sam\1.6.9\variants\arduino_due_x/libsam_sam3x8e_gcc_rel.a(dacc.o)
                0x00082558                dacc_set_analog_control
 .text.__halt   0x00082560        0x2 C:\Users\ryuya\AppData\Local\Temp\VMicroBuilds\TestPlayer\arduino_due_x_dbg/core.a(cortex_handlers.c.o)
                0x00082560                DebugMon_Handler
                0x00082560                DMAC_Handler
                0x00082560                TRNG_Handler
                0x00082560                HardFault_Handler
                0x00082560                TC2_Handler
                0x00082560                TWI1_Handler
                0x00082560                NMI_Handler
                0x00082560                TC7_Handler
                0x00082560                ADC_Handler
                0x00082560                SMC_Handler
                0x00082560                RTT_Handler
                0x00082560                EFC1_Handler
                0x00082560                PIOB_Handler
                0x00082560                RTC_Handler
                0x00082560                UsageFault_Handler
                0x00082560                TC6_Handler
                0x00082560                WDT_Handler
                0x00082560                CAN0_Handler
                0x00082560                TC4_Handler
                0x00082560                TC1_Handler
                0x00082560                HSMCI_Handler
                0x00082560                TC3_Handler
                0x00082560                TWI0_Handler
                0x00082560                PIOA_Handler
                0x00082560                SSC_Handler
                0x00082560                EFC0_Handler
                0x00082560                PMC_Handler
                0x00082560                PWM_Handler
                0x00082560                CAN1_Handler
                0x00082560                MemManage_Handler
                0x00082560                SUPC_Handler
                0x00082560                TC8_Handler
                0x00082560                USART2_Handler
                0x00082560                PIOD_Handler
                0x00082560                EMAC_Handler
                0x00082560                PIOC_Handler
                0x00082560                BusFault_Handler
                0x00082560                RSTC_Handler
                0x00082560                TC0_Handler
                0x00082560                TC5_Handler
                0x00082560                SPI0_Handler
 .text.SVC_Handler
                0x00082562        0x4 C:\Users\ryuya\AppData\Local\Temp\VMicroBuilds\TestPlayer\arduino_due_x_dbg/core.a(cortex_handlers.c.o)
                0x00082562                SVC_Handler
 .text.PendSV_Handler
                0x00082566        0x4 C:\Users\ryuya\AppData\Local\Temp\VMicroBuilds\TestPlayer\arduino_due_x_dbg/core.a(cortex_handlers.c.o)
                0x00082566                PendSV_Handler
 .text.SysTick_Handler
                0x0008256a       0x16 C:\Users\ryuya\AppData\Local\Temp\VMicroBuilds\TestPlayer\arduino_due_x_dbg/core.a(cortex_handlers.c.o)
                0x0008256a                SysTick_Handler
 .text.__empty  0x00082580        0x2 C:\Users\ryuya\AppData\Local\Temp\VMicroBuilds\TestPlayer\arduino_due_x_dbg/core.a(hooks.c.o)
                0x00082580                yield
 .text.__false  0x00082582        0x4 C:\Users\ryuya\AppData\Local\Temp\VMicroBuilds\TestPlayer\arduino_due_x_dbg/core.a(hooks.c.o)
                0x00082582                sysTickHook
 .text.__halt   0x00082586        0x2 C:\Users\ryuya\AppData\Local\Temp\VMicroBuilds\TestPlayer\arduino_due_x_dbg/core.a(hooks.c.o)
                0x00082586                svcHook
                0x00082586                pendSVHook
 .text._sbrk    0x00082588       0x1c C:\Users\ryuya\AppData\Local\Temp\VMicroBuilds\TestPlayer\arduino_due_x_dbg/core.a(syscalls_sam3.c.o)
                0x00082588                _sbrk
 .text.link     0x000825a4        0x6 C:\Users\ryuya\AppData\Local\Temp\VMicroBuilds\TestPlayer\arduino_due_x_dbg/core.a(syscalls_sam3.c.o)
                0x000825a4                link
 .text._close   0x000825aa        0x6 C:\Users\ryuya\AppData\Local\Temp\VMicroBuilds\TestPlayer\arduino_due_x_dbg/core.a(syscalls_sam3.c.o)
                0x000825aa                _close
 .text._fstat   0x000825b0        0xa C:\Users\ryuya\AppData\Local\Temp\VMicroBuilds\TestPlayer\arduino_due_x_dbg/core.a(syscalls_sam3.c.o)
                0x000825b0                _fstat
 .text._isatty  0x000825ba        0x4 C:\Users\ryuya\AppData\Local\Temp\VMicroBuilds\TestPlayer\arduino_due_x_dbg/core.a(syscalls_sam3.c.o)
                0x000825ba                _isatty
 .text._lseek   0x000825be        0x4 C:\Users\ryuya\AppData\Local\Temp\VMicroBuilds\TestPlayer\arduino_due_x_dbg/core.a(syscalls_sam3.c.o)
                0x000825be                _lseek
 .text._read    0x000825c2        0x4 C:\Users\ryuya\AppData\Local\Temp\VMicroBuilds\TestPlayer\arduino_due_x_dbg/core.a(syscalls_sam3.c.o)
                0x000825c2                _read
 *fill*         0x000825c6        0x2 
 .text._write   0x000825c8       0x24 C:\Users\ryuya\AppData\Local\Temp\VMicroBuilds\TestPlayer\arduino_due_x_dbg/core.a(syscalls_sam3.c.o)
                0x000825c8                _write
 .text._exit    0x000825ec       0x10 C:\Users\ryuya\AppData\Local\Temp\VMicroBuilds\TestPlayer\arduino_due_x_dbg/core.a(syscalls_sam3.c.o)
                0x000825ec                _exit
 .text._kill    0x000825fc        0x2 C:\Users\ryuya\AppData\Local\Temp\VMicroBuilds\TestPlayer\arduino_due_x_dbg/core.a(syscalls_sam3.c.o)
                0x000825fc                _kill
 .text._getpid  0x000825fe        0x6 C:\Users\ryuya\AppData\Local\Temp\VMicroBuilds\TestPlayer\arduino_due_x_dbg/core.a(syscalls_sam3.c.o)
                0x000825fe                _getpid
 .text.millis   0x00082604        0x4 C:\Users\ryuya\AppData\Local\Temp\VMicroBuilds\TestPlayer\arduino_due_x_dbg/core.a(wiring.c.o)
                0x00082604                millis
 .text.delay    0x00082608       0x1c C:\Users\ryuya\AppData\Local\Temp\VMicroBuilds\TestPlayer\arduino_due_x_dbg/core.a(wiring.c.o)
                0x00082608                delay
 .text.analogOutputInit
                0x00082624        0x2 C:\Users\ryuya\AppData\Local\Temp\VMicroBuilds\TestPlayer\arduino_due_x_dbg/core.a(wiring_analog.c.o)
                0x00082624                analogOutputInit
 *fill*         0x00082626        0x2 
 .text.pinMode  0x00082628      0x108 C:\Users\ryuya\AppData\Local\Temp\VMicroBuilds\TestPlayer\arduino_due_x_dbg/core.a(wiring_digital.c.o)
                0x00082628                pinMode
 .text.digitalWrite
                0x00082730       0x70 C:\Users\ryuya\AppData\Local\Temp\VMicroBuilds\TestPlayer\arduino_due_x_dbg/core.a(wiring_digital.c.o)
                0x00082730                digitalWrite
 .text.initVariant
                0x000827a0        0x2 C:\Users\ryuya\AppData\Local\Temp\VMicroBuilds\TestPlayer\arduino_due_x_dbg/core.a(main.cpp.o)
                0x000827a0                initVariant
 *fill*         0x000827a2        0x2 
 .text.startup.main
                0x000827a4       0x38 C:\Users\ryuya\AppData\Local\Temp\VMicroBuilds\TestPlayer\arduino_due_x_dbg/core.a(main.cpp.o)
                0x000827a4                main
 .text._ZN5Print5writeEPKhj
                0x000827dc       0x22 C:\Users\ryuya\AppData\Local\Temp\VMicroBuilds\TestPlayer\arduino_due_x_dbg/core.a(Print.cpp.o)
                0x000827dc                Print::write(unsigned char const*, unsigned int)
 .text._ZN5Print5writeEPKc
                0x000827fe       0x1e C:\Users\ryuya\AppData\Local\Temp\VMicroBuilds\TestPlayer\arduino_due_x_dbg/core.a(Print.cpp.o)
                0x000827fe                Print::write(char const*)
 .text._ZN5Print5printEPK19__FlashStringHelper
                0x0008281c        0x8 C:\Users\ryuya\AppData\Local\Temp\VMicroBuilds\TestPlayer\arduino_due_x_dbg/core.a(Print.cpp.o)
                0x0008281c                Print::print(__FlashStringHelper const*)
 .text._ZN5Print5printERK6String
                0x00082824       0x10 C:\Users\ryuya\AppData\Local\Temp\VMicroBuilds\TestPlayer\arduino_due_x_dbg/core.a(Print.cpp.o)
                0x00082824                Print::print(String const&)
 .text._ZN5Print5printEPKc
                0x00082834        0x8 C:\Users\ryuya\AppData\Local\Temp\VMicroBuilds\TestPlayer\arduino_due_x_dbg/core.a(Print.cpp.o)
                0x00082834                Print::print(char const*)
 .text._ZN5Print5printEc
                0x0008283c        0xa C:\Users\ryuya\AppData\Local\Temp\VMicroBuilds\TestPlayer\arduino_due_x_dbg/core.a(Print.cpp.o)
                0x0008283c                Print::print(char)
 *fill*         0x00082846        0x2 
 .text._ZN5Print7printlnEv
                0x00082848       0x10 C:\Users\ryuya\AppData\Local\Temp\VMicroBuilds\TestPlayer\arduino_due_x_dbg/core.a(Print.cpp.o)
                0x00082848                Print::println()
 .text._ZN5Print7printlnEPK19__FlashStringHelper
                0x00082858       0x14 C:\Users\ryuya\AppData\Local\Temp\VMicroBuilds\TestPlayer\arduino_due_x_dbg/core.a(Print.cpp.o)
                0x00082858                Print::println(__FlashStringHelper const*)
 .text._ZN5Print7printlnERK6String
                0x0008286c       0x14 C:\Users\ryuya\AppData\Local\Temp\VMicroBuilds\TestPlayer\arduino_due_x_dbg/core.a(Print.cpp.o)
                0x0008286c                Print::println(String const&)
 .text._ZN5Print7printlnEPKc
                0x00082880       0x14 C:\Users\ryuya\AppData\Local\Temp\VMicroBuilds\TestPlayer\arduino_due_x_dbg/core.a(Print.cpp.o)
                0x00082880                Print::println(char const*)
 .text._ZN5Print11printNumberEmh
                0x00082894       0x3e C:\Users\ryuya\AppData\Local\Temp\VMicroBuilds\TestPlayer\arduino_due_x_dbg/core.a(Print.cpp.o)
                0x00082894                Print::printNumber(unsigned long, unsigned char)
 .text._ZN5Print5printEli
                0x000828d2       0x3c C:\Users\ryuya\AppData\Local\Temp\VMicroBuilds\TestPlayer\arduino_due_x_dbg/core.a(Print.cpp.o)
                0x000828d2                Print::print(long, int)
 .text._ZN5Print7printlnEii
                0x0008290e       0x14 C:\Users\ryuya\AppData\Local\Temp\VMicroBuilds\TestPlayer\arduino_due_x_dbg/core.a(Print.cpp.o)
                0x0008290e                Print::println(int, int)
 *fill*         0x00082922        0x2 
 .text.initiateReset
                0x00082924        0xc C:\Users\ryuya\AppData\Local\Temp\VMicroBuilds\TestPlayer\arduino_due_x_dbg/core.a(Reset.cpp.o)
                0x00082924                initiateReset
 .text.cancelReset
                0x00082930       0x10 C:\Users\ryuya\AppData\Local\Temp\VMicroBuilds\TestPlayer\arduino_due_x_dbg/core.a(Reset.cpp.o)
                0x00082930                cancelReset
 .text.tickReset
                0x00082940       0x20 C:\Users\ryuya\AppData\Local\Temp\VMicroBuilds\TestPlayer\arduino_due_x_dbg/core.a(Reset.cpp.o)
                0x00082940                tickReset
 .text._ZN10RingBufferC2Ev
                0x00082960       0x1a C:\Users\ryuya\AppData\Local\Temp\VMicroBuilds\TestPlayer\arduino_due_x_dbg/core.a(RingBuffer.cpp.o)
                0x00082960                RingBuffer::RingBuffer()
                0x00082960                RingBuffer::RingBuffer()
 .text._ZN10RingBuffer10store_charEh
                0x0008297a       0x1e C:\Users\ryuya\AppData\Local\Temp\VMicroBuilds\TestPlayer\arduino_due_x_dbg/core.a(RingBuffer.cpp.o)
                0x0008297a                RingBuffer::store_char(unsigned char)
 .text._ZN6Stream9timedReadEv
                0x00082998       0x2a C:\Users\ryuya\AppData\Local\Temp\VMicroBuilds\TestPlayer\arduino_due_x_dbg/core.a(Stream.cpp.o)
                0x00082998                Stream::timedRead()
 *fill*         0x000829c2        0x2 
 .text._ZN6Stream10readStringEv
                0x000829c4       0x28 C:\Users\ryuya\AppData\Local\Temp\VMicroBuilds\TestPlayer\arduino_due_x_dbg/core.a(Stream.cpp.o)
                0x000829c4                Stream::readString()
 .text._ZN9UARTClasscvbEv
                0x000829ec        0x4 C:\Users\ryuya\AppData\Local\Temp\VMicroBuilds\TestPlayer\arduino_due_x_dbg/core.a(UARTClass.cpp.o)
                0x000829ec                UARTClass::operator bool()
 .text._ZN9UARTClass9availableEv
                0x000829f0       0x12 C:\Users\ryuya\AppData\Local\Temp\VMicroBuilds\TestPlayer\arduino_due_x_dbg/core.a(UARTClass.cpp.o)
                0x000829f0                UARTClass::available()
 .text._ZN9UARTClass4peekEv
                0x00082a02       0x1c C:\Users\ryuya\AppData\Local\Temp\VMicroBuilds\TestPlayer\arduino_due_x_dbg/core.a(UARTClass.cpp.o)
                0x00082a02                UARTClass::peek()
 .text._ZN9UARTClass4readEv
                0x00082a1e       0x2a C:\Users\ryuya\AppData\Local\Temp\VMicroBuilds\TestPlayer\arduino_due_x_dbg/core.a(UARTClass.cpp.o)
                0x00082a1e                UARTClass::read()
 .text._ZN9UARTClass5flushEv
                0x00082a48       0x18 C:\Users\ryuya\AppData\Local\Temp\VMicroBuilds\TestPlayer\arduino_due_x_dbg/core.a(UARTClass.cpp.o)
                0x00082a48                UARTClass::flush()
 .text._ZN9UARTClass5writeEh
                0x00082a60       0x54 C:\Users\ryuya\AppData\Local\Temp\VMicroBuilds\TestPlayer\arduino_due_x_dbg/core.a(UARTClass.cpp.o)
                0x00082a60                UARTClass::write(unsigned char)
 .text._ZN9UARTClass3endEv
                0x00082ab4       0x3c C:\Users\ryuya\AppData\Local\Temp\VMicroBuilds\TestPlayer\arduino_due_x_dbg/core.a(UARTClass.cpp.o)
                0x00082ab4                UARTClass::end()
 .text._ZN9UARTClassC2EP4Uart4IRQnmP10RingBufferS4_
                0x00082af0       0x24 C:\Users\ryuya\AppData\Local\Temp\VMicroBuilds\TestPlayer\arduino_due_x_dbg/core.a(UARTClass.cpp.o)
                0x00082af0                UARTClass::UARTClass(Uart*, IRQn, unsigned long, RingBuffer*, RingBuffer*)
                0x00082af0                UARTClass::UARTClass(Uart*, IRQn, unsigned long, RingBuffer*, RingBuffer*)
 .text._ZN9UARTClass4initEmm
                0x00082b14       0x70 C:\Users\ryuya\AppData\Local\Temp\VMicroBuilds\TestPlayer\arduino_due_x_dbg/core.a(UARTClass.cpp.o)
                0x00082b14                UARTClass::init(unsigned long, unsigned long)
 .text._ZN9UARTClass5beginEm
                0x00082b84        0x8 C:\Users\ryuya\AppData\Local\Temp\VMicroBuilds\TestPlayer\arduino_due_x_dbg/core.a(UARTClass.cpp.o)
                0x00082b84                UARTClass::begin(unsigned long)
 .text._ZN9UARTClass10IrqHandlerEv
                0x00082b8c       0x5a C:\Users\ryuya\AppData\Local\Temp\VMicroBuilds\TestPlayer\arduino_due_x_dbg/core.a(UARTClass.cpp.o)
                0x00082b8c                UARTClass::IrqHandler()
 .text._ZN10USARTClass5beginEm
                0x00082be6        0x8 C:\Users\ryuya\AppData\Local\Temp\VMicroBuilds\TestPlayer\arduino_due_x_dbg/core.a(USARTClass.cpp.o)
                0x00082be6                USARTClass::begin(unsigned long)
 *fill*         0x00082bee        0x2 
 .text._ZN10USARTClassC2EP5Usart4IRQnmP10RingBufferS4_
                0x00082bf0       0x24 C:\Users\ryuya\AppData\Local\Temp\VMicroBuilds\TestPlayer\arduino_due_x_dbg/core.a(USARTClass.cpp.o)
                0x00082bf0                USARTClass::USARTClass(Usart*, IRQn, unsigned long, RingBuffer*, RingBuffer*)
                0x00082bf0                USARTClass::USARTClass(Usart*, IRQn, unsigned long, RingBuffer*, RingBuffer*)
 .text._watchdogDefaultSetup
                0x00082c14        0xc C:\Users\ryuya\AppData\Local\Temp\VMicroBuilds\TestPlayer\arduino_due_x_dbg/core.a(watchdog.cpp.o)
                0x00082c14                _watchdogDefaultSetup
                0x00082c14                watchdogSetup()
 .text._ZN6StringD2Ev
                0x00082c20        0xe C:\Users\ryuya\AppData\Local\Temp\VMicroBuilds\TestPlayer\arduino_due_x_dbg/core.a(WString.cpp.o)
                0x00082c20                String::~String()
                0x00082c20                String::~String()
 .text._ZN6String10invalidateEv
                0x00082c2e       0x16 C:\Users\ryuya\AppData\Local\Temp\VMicroBuilds\TestPlayer\arduino_due_x_dbg/core.a(WString.cpp.o)
                0x00082c2e                String::invalidate()
 .text._ZN6String12changeBufferEj
                0x00082c44       0x18 C:\Users\ryuya\AppData\Local\Temp\VMicroBuilds\TestPlayer\arduino_due_x_dbg/core.a(WString.cpp.o)
                0x00082c44                String::changeBuffer(unsigned int)
 .text._ZN6String7reserveEj
                0x00082c5c       0x22 C:\Users\ryuya\AppData\Local\Temp\VMicroBuilds\TestPlayer\arduino_due_x_dbg/core.a(WString.cpp.o)
                0x00082c5c                String::reserve(unsigned int)
 .text._ZN6String4copyEPKcj
                0x00082c7e       0x26 C:\Users\ryuya\AppData\Local\Temp\VMicroBuilds\TestPlayer\arduino_due_x_dbg/core.a(WString.cpp.o)
                0x00082c7e                String::copy(char const*, unsigned int)
 .text._ZN6StringC2EPKc
                0x00082ca4       0x24 C:\Users\ryuya\AppData\Local\Temp\VMicroBuilds\TestPlayer\arduino_due_x_dbg/core.a(WString.cpp.o)
                0x00082ca4                String::String(char const*)
                0x00082ca4                String::String(char const*)
 .text._ZN6String6concatEPKcj
                0x00082cc8       0x2e C:\Users\ryuya\AppData\Local\Temp\VMicroBuilds\TestPlayer\arduino_due_x_dbg/core.a(WString.cpp.o)
                0x00082cc8                String::concat(char const*, unsigned int)
 .text._ZN6String6concatEc
                0x00082cf6       0x1a C:\Users\ryuya\AppData\Local\Temp\VMicroBuilds\TestPlayer\arduino_due_x_dbg/core.a(WString.cpp.o)
                0x00082cf6                String::concat(char)
 .text.unlikely._ZL11USB_SendZlpv
                0x00082d10       0x20 C:\Users\ryuya\AppData\Local\Temp\VMicroBuilds\TestPlayer\arduino_due_x_dbg/core.a(USBCore.cpp.o)
 .text._Z14USBD_Availablem
                0x00082d30       0x2c C:\Users\ryuya\AppData\Local\Temp\VMicroBuilds\TestPlayer\arduino_due_x_dbg/core.a(USBCore.cpp.o)
                0x00082d30                USBD_Available(unsigned long)
 .text._Z9USBD_RecvmPvm
                0x00082d5c       0x7c C:\Users\ryuya\AppData\Local\Temp\VMicroBuilds\TestPlayer\arduino_due_x_dbg/core.a(USBCore.cpp.o)
                0x00082d5c                USBD_Recv(unsigned long, void*, unsigned long)
 .text._Z9USBD_Recvm
                0x00082dd8       0x22 C:\Users\ryuya\AppData\Local\Temp\VMicroBuilds\TestPlayer\arduino_due_x_dbg/core.a(USBCore.cpp.o)
                0x00082dd8                USBD_Recv(unsigned long)
 *fill*         0x00082dfa        0x2 
 .text._Z9USBD_SendmPKvm
                0x00082dfc       0x4c C:\Users\ryuya\AppData\Local\Temp\VMicroBuilds\TestPlayer\arduino_due_x_dbg/core.a(USBCore.cpp.o)
                0x00082dfc                USBD_Send(unsigned long, void const*, unsigned long)
 .text._Z16USBD_SendControlhPKvm
                0x00082e48       0x40 C:\Users\ryuya\AppData\Local\Temp\VMicroBuilds\TestPlayer\arduino_due_x_dbg/core.a(USBCore.cpp.o)
                0x00082e48                USBD_SendControl(unsigned char, void const*, unsigned long)
 .text.unlikely._ZL24USB_SendStringDescriptorPKhi
                0x00082e88       0x64 C:\Users\ryuya\AppData\Local\Temp\VMicroBuilds\TestPlayer\arduino_due_x_dbg/core.a(USBCore.cpp.o)
 .text._Z16USBD_RecvControlPvm
                0x00082eec       0x1c C:\Users\ryuya\AppData\Local\Temp\VMicroBuilds\TestPlayer\arduino_due_x_dbg/core.a(USBCore.cpp.o)
                0x00082eec                USBD_RecvControl(void*, unsigned long)
 .text._Z26USBD_ClassInterfaceRequestR8USBSetup
                0x00082f08       0x1e C:\Users\ryuya\AppData\Local\Temp\VMicroBuilds\TestPlayer\arduino_due_x_dbg/core.a(USBCore.cpp.o)
                0x00082f08                USBD_ClassInterfaceRequest(USBSetup&)
 .text._Z19USBD_SendInterfacesv
                0x00082f26       0x22 C:\Users\ryuya\AppData\Local\Temp\VMicroBuilds\TestPlayer\arduino_due_x_dbg/core.a(USBCore.cpp.o)
                0x00082f26                USBD_SendInterfaces()
 .text._Z24USBD_SendOtherInterfacesv
                0x00082f48       0x22 C:\Users\ryuya\AppData\Local\Temp\VMicroBuilds\TestPlayer\arduino_due_x_dbg/core.a(USBCore.cpp.o)
                0x00082f48                USBD_SendOtherInterfaces()
 .text._Z10USBD_Flushm
                0x00082f6a       0x16 C:\Users\ryuya\AppData\Local\Temp\VMicroBuilds\TestPlayer\arduino_due_x_dbg/core.a(USBCore.cpp.o)
                0x00082f6a                USBD_Flush(unsigned long)
 .text._ZN10USBDevice_C2Ev
                0x00082f80       0x24 C:\Users\ryuya\AppData\Local\Temp\VMicroBuilds\TestPlayer\arduino_due_x_dbg/core.a(USBCore.cpp.o)
                0x00082f80                USBDevice_::USBDevice_()
                0x00082f80                USBDevice_::USBDevice_()
 .text._ZN10USBDevice_6attachEv
                0x00082fa4       0x20 C:\Users\ryuya\AppData\Local\Temp\VMicroBuilds\TestPlayer\arduino_due_x_dbg/core.a(USBCore.cpp.o)
                0x00082fa4                USBDevice_::attach()
 .text.startup._GLOBAL__sub_I_EndPoints
                0x00082fc4        0xc C:\Users\ryuya\AppData\Local\Temp\VMicroBuilds\TestPlayer\arduino_due_x_dbg/core.a(USBCore.cpp.o)
 .text._ZL7USB_ISRv
                0x00082fd0      0x454 C:\Users\ryuya\AppData\Local\Temp\VMicroBuilds\TestPlayer\arduino_due_x_dbg/core.a(USBCore.cpp.o)
 .text._ZN7Serial_9availableEv
                0x00083424       0x18 C:\Users\ryuya\AppData\Local\Temp\VMicroBuilds\TestPlayer\arduino_due_x_dbg/core.a(CDC.cpp.o)
                0x00083424                Serial_::available()
 .text._ZN7Serial_17availableForWriteEv
                0x0008343c        0x6 C:\Users\ryuya\AppData\Local\Temp\VMicroBuilds\TestPlayer\arduino_due_x_dbg/core.a(CDC.cpp.o)
                0x0008343c                Serial_::availableForWrite()
 *fill*         0x00083442        0x2 
 .text._ZN7Serial_4peekEv
                0x00083444       0x20 C:\Users\ryuya\AppData\Local\Temp\VMicroBuilds\TestPlayer\arduino_due_x_dbg/core.a(CDC.cpp.o)
                0x00083444                Serial_::peek()
 .text._ZN7Serial_5writeEh
                0x00083464       0x16 C:\Users\ryuya\AppData\Local\Temp\VMicroBuilds\TestPlayer\arduino_due_x_dbg/core.a(CDC.cpp.o)
                0x00083464                Serial_::write(unsigned char)
 *fill*         0x0008347a        0x2 
 .text._ZN7Serial_4readEv
                0x0008347c       0x44 C:\Users\ryuya\AppData\Local\Temp\VMicroBuilds\TestPlayer\arduino_due_x_dbg/core.a(CDC.cpp.o)
                0x0008347c                Serial_::read()
 .text._ZN7Serial_5flushEv
                0x000834c0        0x6 C:\Users\ryuya\AppData\Local\Temp\VMicroBuilds\TestPlayer\arduino_due_x_dbg/core.a(CDC.cpp.o)
                0x000834c0                Serial_::flush()
 *fill*         0x000834c6        0x2 
 .text._ZN7Serial_6acceptEv
                0x000834c8       0x70 C:\Users\ryuya\AppData\Local\Temp\VMicroBuilds\TestPlayer\arduino_due_x_dbg/core.a(CDC.cpp.o)
                0x000834c8                Serial_::accept()
 .text._ZN7Serial_5writeEPKhj
                0x00083538       0x2c C:\Users\ryuya\AppData\Local\Temp\VMicroBuilds\TestPlayer\arduino_due_x_dbg/core.a(CDC.cpp.o)
                0x00083538                Serial_::write(unsigned char const*, unsigned int)
 .text._Z16CDC_GetInterfacePh
                0x00083564       0x14 C:\Users\ryuya\AppData\Local\Temp\VMicroBuilds\TestPlayer\arduino_due_x_dbg/core.a(CDC.cpp.o)
                0x00083564                CDC_GetInterface(unsigned char*)
 .text._Z21CDC_GetOtherInterfacePh
                0x00083578       0x14 C:\Users\ryuya\AppData\Local\Temp\VMicroBuilds\TestPlayer\arduino_due_x_dbg/core.a(CDC.cpp.o)
                0x00083578                CDC_GetOtherInterface(unsigned char*)
 .text._Z9CDC_SetupR8USBSetup
                0x0008358c       0x78 C:\Users\ryuya\AppData\Local\Temp\VMicroBuilds\TestPlayer\arduino_due_x_dbg/core.a(CDC.cpp.o)
                0x0008358c                CDC_Setup(USBSetup&)
 .text.startup._GLOBAL__sub_I_cdc_rx_buffer
                0x00083604       0x1c C:\Users\ryuya\AppData\Local\Temp\VMicroBuilds\TestPlayer\arduino_due_x_dbg/core.a(CDC.cpp.o)
 .text._ZN13PluggableUSB_12getInterfaceEPh
                0x00083620       0x28 C:\Users\ryuya\AppData\Local\Temp\VMicroBuilds\TestPlayer\arduino_due_x_dbg/core.a(PluggableUSB.cpp.o)
                0x00083620                PluggableUSB_::getInterface(unsigned char*)
 .text._ZN13PluggableUSB_13getDescriptorER8USBSetup
                0x00083648       0x1c C:\Users\ryuya\AppData\Local\Temp\VMicroBuilds\TestPlayer\arduino_due_x_dbg/core.a(PluggableUSB.cpp.o)
                0x00083648                PluggableUSB_::getDescriptor(USBSetup&)
 .text._ZN13PluggableUSB_12getShortNameEPc
                0x00083664       0x1c C:\Users\ryuya\AppData\Local\Temp\VMicroBuilds\TestPlayer\arduino_due_x_dbg/core.a(PluggableUSB.cpp.o)
                0x00083664                PluggableUSB_::getShortName(char*)
 .text._ZN13PluggableUSB_5setupER8USBSetup
                0x00083680       0x20 C:\Users\ryuya\AppData\Local\Temp\VMicroBuilds\TestPlayer\arduino_due_x_dbg/core.a(PluggableUSB.cpp.o)
                0x00083680                PluggableUSB_::setup(USBSetup&)
 .text._Z12PluggableUSBv
                0x000836a0       0x28 C:\Users\ryuya\AppData\Local\Temp\VMicroBuilds\TestPlayer\arduino_due_x_dbg/core.a(PluggableUSB.cpp.o)
                0x000836a0                PluggableUSB()
 .text.TimeTick_Increment
                0x000836c8       0x10 C:\Users\ryuya\AppData\Local\arduino15\packages\arduino\hardware\sam\1.6.9\variants\arduino_due_x/libsam_sam3x8e_gcc_rel.a(timetick.o)
                0x000836c8                TimeTick_Increment
 .text.GetTickCount
                0x000836d8        0xc C:\Users\ryuya\AppData\Local\arduino15\packages\arduino\hardware\sam\1.6.9\variants\arduino_due_x/libsam_sam3x8e_gcc_rel.a(timetick.o)
                0x000836d8                GetTickCount
 .text.WDT_Disable
                0x000836e4        0x8 C:\Users\ryuya\AppData\Local\arduino15\packages\arduino\hardware\sam\1.6.9\variants\arduino_due_x/libsam_sam3x8e_gcc_rel.a(wdt.o)
                0x000836e4                WDT_Disable
 .text.UDD_SetStack
                0x000836ec        0xc C:\Users\ryuya\AppData\Local\arduino15\packages\arduino\hardware\sam\1.6.9\variants\arduino_due_x/libsam_sam3x8e_gcc_rel.a(uotghs_device.o)
                0x000836ec                UDD_SetStack
 .text.UDD_Init
                0x000836f8       0xd0 C:\Users\ryuya\AppData\Local\arduino15\packages\arduino\hardware\sam\1.6.9\variants\arduino_due_x/libsam_sam3x8e_gcc_rel.a(uotghs_device.o)
                0x000836f8                UDD_Init
 .text.UDD_Attach
                0x000837c8       0x50 C:\Users\ryuya\AppData\Local\arduino15\packages\arduino\hardware\sam\1.6.9\variants\arduino_due_x/libsam_sam3x8e_gcc_rel.a(uotghs_device.o)
                0x000837c8                UDD_Attach
 .text.UDD_InitEP
                0x00083818       0x2c C:\Users\ryuya\AppData\Local\arduino15\packages\arduino\hardware\sam\1.6.9\variants\arduino_due_x/libsam_sam3x8e_gcc_rel.a(uotghs_device.o)
                0x00083818                UDD_InitEP
 .text.UDD_InitEndpoints
                0x00083844       0x3c C:\Users\ryuya\AppData\Local\arduino15\packages\arduino\hardware\sam\1.6.9\variants\arduino_due_x/libsam_sam3x8e_gcc_rel.a(uotghs_device.o)
                0x00083844                UDD_InitEndpoints
 .text.UDD_WaitIN
                0x00083880       0x10 C:\Users\ryuya\AppData\Local\arduino15\packages\arduino\hardware\sam\1.6.9\variants\arduino_due_x/libsam_sam3x8e_gcc_rel.a(uotghs_device.o)
                0x00083880                UDD_WaitIN
 .text.UDD_WaitOUT
                0x00083890       0x10 C:\Users\ryuya\AppData\Local\arduino15\packages\arduino\hardware\sam\1.6.9\variants\arduino_due_x/libsam_sam3x8e_gcc_rel.a(uotghs_device.o)
                0x00083890                UDD_WaitOUT
 .text.UDD_ClearIN
                0x000838a0       0x18 C:\Users\ryuya\AppData\Local\arduino15\packages\arduino\hardware\sam\1.6.9\variants\arduino_due_x/libsam_sam3x8e_gcc_rel.a(uotghs_device.o)
                0x000838a0                UDD_ClearIN
 .text.UDD_ClearOUT
                0x000838b8       0x18 C:\Users\ryuya\AppData\Local\arduino15\packages\arduino\hardware\sam\1.6.9\variants\arduino_due_x/libsam_sam3x8e_gcc_rel.a(uotghs_device.o)
                0x000838b8                UDD_ClearOUT
 .text.UDD_ReceivedSetupInt
                0x000838d0       0x10 C:\Users\ryuya\AppData\Local\arduino15\packages\arduino\hardware\sam\1.6.9\variants\arduino_due_x/libsam_sam3x8e_gcc_rel.a(uotghs_device.o)
                0x000838d0                UDD_ReceivedSetupInt
 .text.UDD_ClearSetupInt
                0x000838e0       0x10 C:\Users\ryuya\AppData\Local\arduino15\packages\arduino\hardware\sam\1.6.9\variants\arduino_due_x/libsam_sam3x8e_gcc_rel.a(uotghs_device.o)
                0x000838e0                UDD_ClearSetupInt
 .text.UDD_Send
                0x000838f0       0x88 C:\Users\ryuya\AppData\Local\arduino15\packages\arduino\hardware\sam\1.6.9\variants\arduino_due_x/libsam_sam3x8e_gcc_rel.a(uotghs_device.o)
                0x000838f0                UDD_Send
 .text.UDD_Send8
                0x00083978       0x24 C:\Users\ryuya\AppData\Local\arduino15\packages\arduino\hardware\sam\1.6.9\variants\arduino_due_x/libsam_sam3x8e_gcc_rel.a(uotghs_device.o)
                0x00083978                UDD_Send8
 .text.UDD_Recv8
                0x0008399c       0x28 C:\Users\ryuya\AppData\Local\arduino15\packages\arduino\hardware\sam\1.6.9\variants\arduino_due_x/libsam_sam3x8e_gcc_rel.a(uotghs_device.o)
                0x0008399c                UDD_Recv8
 .text.UDD_Recv
                0x000839c4       0x34 C:\Users\ryuya\AppData\Local\arduino15\packages\arduino\hardware\sam\1.6.9\variants\arduino_due_x/libsam_sam3x8e_gcc_rel.a(uotghs_device.o)
                0x000839c4                UDD_Recv
 .text.UDD_Stall
                0x000839f8       0x14 C:\Users\ryuya\AppData\Local\arduino15\packages\arduino\hardware\sam\1.6.9\variants\arduino_due_x/libsam_sam3x8e_gcc_rel.a(uotghs_device.o)
                0x000839f8                UDD_Stall
 .text.UDD_FifoByteCount
                0x00083a0c       0x14 C:\Users\ryuya\AppData\Local\arduino15\packages\arduino\hardware\sam\1.6.9\variants\arduino_due_x/libsam_sam3x8e_gcc_rel.a(uotghs_device.o)
                0x00083a0c                UDD_FifoByteCount
 .text.UDD_ReleaseRX
                0x00083a20       0x28 C:\Users\ryuya\AppData\Local\arduino15\packages\arduino\hardware\sam\1.6.9\variants\arduino_due_x/libsam_sam3x8e_gcc_rel.a(uotghs_device.o)
                0x00083a20                UDD_ReleaseRX
 .text.UDD_ReleaseTX
                0x00083a48       0x28 C:\Users\ryuya\AppData\Local\arduino15\packages\arduino\hardware\sam\1.6.9\variants\arduino_due_x/libsam_sam3x8e_gcc_rel.a(uotghs_device.o)
                0x00083a48                UDD_ReleaseTX
 .text.UDD_SetAddress
                0x00083a70       0x20 C:\Users\ryuya\AppData\Local\arduino15\packages\arduino\hardware\sam\1.6.9\variants\arduino_due_x/libsam_sam3x8e_gcc_rel.a(uotghs_device.o)
                0x00083a70                UDD_SetAddress
 .text.__assert_func
                0x00083a90       0x3c c:/users/ryuya/appdata/local/arduino15/packages/arduino/tools/arm-none-eabi-gcc/4.8.3-2014q1/bin/../lib/gcc/arm-none-eabi/4.8.3/../../../../arm-none-eabi/lib/armv7-m\libg.a(lib_a-assert.o)
                0x00083a90                __assert_func
 .text.fiprintf
                0x00083acc       0x28 c:/users/ryuya/appdata/local/arduino15/packages/arduino/tools/arm-none-eabi-gcc/4.8.3-2014q1/bin/../lib/gcc/arm-none-eabi/4.8.3/../../../../arm-none-eabi/lib/armv7-m\libg.a(lib_a-fiprintf.o)
                0x00083acc                fiprintf
 .text.__libc_init_array
                0x00083af4       0x50 c:/users/ryuya/appdata/local/arduino15/packages/arduino/tools/arm-none-eabi-gcc/4.8.3-2014q1/bin/../lib/gcc/arm-none-eabi/4.8.3/../../../../arm-none-eabi/lib/armv7-m\libg.a(lib_a-init.o)
                0x00083af4                __libc_init_array
 .text.iprintf  0x00083b44       0x28 c:/users/ryuya/appdata/local/arduino15/packages/arduino/tools/arm-none-eabi-gcc/4.8.3-2014q1/bin/../lib/gcc/arm-none-eabi/4.8.3/../../../../arm-none-eabi/lib/armv7-m\libg.a(lib_a-iprintf.o)
                0x00083b44                iprintf
 .text.malloc   0x00083b6c       0x10 c:/users/ryuya/appdata/local/arduino15/packages/arduino/tools/arm-none-eabi-gcc/4.8.3-2014q1/bin/../lib/gcc/arm-none-eabi/4.8.3/../../../../arm-none-eabi/lib/armv7-m\libg.a(lib_a-malloc.o)
                0x00083b6c                malloc
 .text.free     0x00083b7c       0x10 c:/users/ryuya/appdata/local/arduino15/packages/arduino/tools/arm-none-eabi-gcc/4.8.3-2014q1/bin/../lib/gcc/arm-none-eabi/4.8.3/../../../../arm-none-eabi/lib/armv7-m\libg.a(lib_a-malloc.o)
                0x00083b7c                free
 .text._malloc_r
                0x00083b8c      0x538 c:/users/ryuya/appdata/local/arduino15/packages/arduino/tools/arm-none-eabi-gcc/4.8.3-2014q1/bin/../lib/gcc/arm-none-eabi/4.8.3/../../../../arm-none-eabi/lib/armv7-m\libg.a(lib_a-mallocr.o)
                0x00083b8c                _malloc_r
 .text.memcmp   0x000840c4       0x68 c:/users/ryuya/appdata/local/arduino15/packages/arduino/tools/arm-none-eabi-gcc/4.8.3-2014q1/bin/../lib/gcc/arm-none-eabi/4.8.3/../../../../arm-none-eabi/lib/armv7-m\libg.a(lib_a-memcmp.o)
                0x000840c4                memcmp
 .text          0x0008412c       0xec c:/users/ryuya/appdata/local/arduino15/packages/arduino/tools/arm-none-eabi-gcc/4.8.3-2014q1/bin/../lib/gcc/arm-none-eabi/4.8.3/../../../../arm-none-eabi/lib/armv7-m\libg.a(lib_a-memcpy.o)
                0x0008412c                memcpy
 .text.memmove  0x00084218       0xcc c:/users/ryuya/appdata/local/arduino15/packages/arduino/tools/arm-none-eabi-gcc/4.8.3-2014q1/bin/../lib/gcc/arm-none-eabi/4.8.3/../../../../arm-none-eabi/lib/armv7-m\libg.a(lib_a-memmove.o)
                0x00084218                memmove
 .text.memset   0x000842e4       0x94 c:/users/ryuya/appdata/local/arduino15/packages/arduino/tools/arm-none-eabi-gcc/4.8.3-2014q1/bin/../lib/gcc/arm-none-eabi/4.8.3/../../../../arm-none-eabi/lib/armv7-m\libg.a(lib_a-memset.o)
                0x000842e4                memset
 .text.__malloc_lock
                0x00084378        0x4 c:/users/ryuya/appdata/local/arduino15/packages/arduino/tools/arm-none-eabi-gcc/4.8.3-2014q1/bin/../lib/gcc/arm-none-eabi/4.8.3/../../../../arm-none-eabi/lib/armv7-m\libg.a(lib_a-mlock.o)
                0x00084378                __malloc_lock
 .text.__malloc_unlock
                0x0008437c        0x4 c:/users/ryuya/appdata/local/arduino15/packages/arduino/tools/arm-none-eabi-gcc/4.8.3-2014q1/bin/../lib/gcc/arm-none-eabi/4.8.3/../../../../arm-none-eabi/lib/armv7-m\libg.a(lib_a-mlock.o)
                0x0008437c                __malloc_unlock
 .text.realloc  0x00084380       0x10 c:/users/ryuya/appdata/local/arduino15/packages/arduino/tools/arm-none-eabi-gcc/4.8.3-2014q1/bin/../lib/gcc/arm-none-eabi/4.8.3/../../../../arm-none-eabi/lib/armv7-m\libg.a(lib_a-realloc.o)
                0x00084380                realloc
 .text._realloc_r
                0x00084390      0x3c0 c:/users/ryuya/appdata/local/arduino15/packages/arduino/tools/arm-none-eabi-gcc/4.8.3-2014q1/bin/../lib/gcc/arm-none-eabi/4.8.3/../../../../arm-none-eabi/lib/armv7-m\libg.a(lib_a-reallocr.o)
                0x00084390                _realloc_r
 .text._sbrk_r  0x00084750       0x24 c:/users/ryuya/appdata/local/arduino15/packages/arduino/tools/arm-none-eabi-gcc/4.8.3-2014q1/bin/../lib/gcc/arm-none-eabi/4.8.3/../../../../arm-none-eabi/lib/armv7-m\libg.a(lib_a-sbrkr.o)
                0x00084750                _sbrk_r
 .text.strchr   0x00084774       0xf4 c:/users/ryuya/appdata/local/arduino15/packages/arduino/tools/arm-none-eabi-gcc/4.8.3-2014q1/bin/../lib/gcc/arm-none-eabi/4.8.3/../../../../arm-none-eabi/lib/armv7-m\libg.a(lib_a-strchr.o)
                0x00084774                strchr
 .text.strcpy   0x00084868       0xbc c:/users/ryuya/appdata/local/arduino15/packages/arduino/tools/arm-none-eabi-gcc/4.8.3-2014q1/bin/../lib/gcc/arm-none-eabi/4.8.3/../../../../arm-none-eabi/lib/armv7-m\libg.a(lib_a-strcpy.o)
                0x00084868                strcpy
 .text.strlen   0x00084924       0x60 c:/users/ryuya/appdata/local/arduino15/packages/arduino/tools/arm-none-eabi-gcc/4.8.3-2014q1/bin/../lib/gcc/arm-none-eabi/4.8.3/../../../../arm-none-eabi/lib/armv7-m\libg.a(lib_a-strlen.o)
                0x00084924                strlen
 .text.strncpy  0x00084984       0x64 c:/users/ryuya/appdata/local/arduino15/packages/arduino/tools/arm-none-eabi-gcc/4.8.3-2014q1/bin/../lib/gcc/arm-none-eabi/4.8.3/../../../../arm-none-eabi/lib/armv7-m\libg.a(lib_a-strncpy.o)
                0x00084984                strncpy
 .text.kill     0x000849e8       0x10 c:/users/ryuya/appdata/local/arduino15/packages/arduino/tools/arm-none-eabi-gcc/4.8.3-2014q1/bin/../lib/gcc/arm-none-eabi/4.8.3/../../../../arm-none-eabi/lib/armv7-m\libg.a(lib_a-syskill.o)
                0x000849e8                kill
 .text.__sprint_r.part.0
                0x000849f8       0x78 c:/users/ryuya/appdata/local/arduino15/packages/arduino/tools/arm-none-eabi-gcc/4.8.3-2014q1/bin/../lib/gcc/arm-none-eabi/4.8.3/../../../../arm-none-eabi/lib/armv7-m\libg.a(lib_a-vfiprintf.o)
 .text._vfiprintf_r
                0x00084a70      0xc54 c:/users/ryuya/appdata/local/arduino15/packages/arduino/tools/arm-none-eabi-gcc/4.8.3-2014q1/bin/../lib/gcc/arm-none-eabi/4.8.3/../../../../arm-none-eabi/lib/armv7-m\libg.a(lib_a-vfiprintf.o)
                0x00084a70                _vfiprintf_r
 .text.__sbprintf
                0x000856c4       0x7c c:/users/ryuya/appdata/local/arduino15/packages/arduino/tools/arm-none-eabi-gcc/4.8.3-2014q1/bin/../lib/gcc/arm-none-eabi/4.8.3/../../../../arm-none-eabi/lib/armv7-m\libg.a(lib_a-vfiprintf.o)
 .text.__swsetup_r
                0x00085740       0xc4 c:/users/ryuya/appdata/local/arduino15/packages/arduino/tools/arm-none-eabi-gcc/4.8.3-2014q1/bin/../lib/gcc/arm-none-eabi/4.8.3/../../../../arm-none-eabi/lib/armv7-m\libg.a(lib_a-wsetup.o)
                0x00085740                __swsetup_r
 .text.startup.register_fini
                0x00085804       0x14 c:/users/ryuya/appdata/local/arduino15/packages/arduino/tools/arm-none-eabi-gcc/4.8.3-2014q1/bin/../lib/gcc/arm-none-eabi/4.8.3/../../../../arm-none-eabi/lib/armv7-m\libg.a(lib_a-__call_atexit.o)
 .text.abort    0x00085818       0x10 c:/users/ryuya/appdata/local/arduino15/packages/arduino/tools/arm-none-eabi-gcc/4.8.3-2014q1/bin/../lib/gcc/arm-none-eabi/4.8.3/../../../../arm-none-eabi/lib/armv7-m\libg.a(lib_a-abort.o)
                0x00085818                abort
 .text.atexit   0x00085828        0xc c:/users/ryuya/appdata/local/arduino15/packages/arduino/tools/arm-none-eabi-gcc/4.8.3-2014q1/bin/../lib/gcc/arm-none-eabi/4.8.3/../../../../arm-none-eabi/lib/armv7-m\libg.a(lib_a-atexit.o)
                0x00085828                atexit
 .text.__sflush_r
                0x00085834      0x148 c:/users/ryuya/appdata/local/arduino15/packages/arduino/tools/arm-none-eabi-gcc/4.8.3-2014q1/bin/../lib/gcc/arm-none-eabi/4.8.3/../../../../arm-none-eabi/lib/armv7-m\libg.a(lib_a-fflush.o)
                0x00085834                __sflush_r
 .text._fflush_r
                0x0008597c       0x2c c:/users/ryuya/appdata/local/arduino15/packages/arduino/tools/arm-none-eabi-gcc/4.8.3-2014q1/bin/../lib/gcc/arm-none-eabi/4.8.3/../../../../arm-none-eabi/lib/armv7-m\libg.a(lib_a-fflush.o)
                0x0008597c                _fflush_r
 .text._cleanup_r
                0x000859a8        0xc c:/users/ryuya/appdata/local/arduino15/packages/arduino/tools/arm-none-eabi-gcc/4.8.3-2014q1/bin/../lib/gcc/arm-none-eabi/4.8.3/../../../../arm-none-eabi/lib/armv7-m\libg.a(lib_a-findfp.o)
                0x000859a8                _cleanup_r
 .text.__sinit  0x000859b4       0xf4 c:/users/ryuya/appdata/local/arduino15/packages/arduino/tools/arm-none-eabi-gcc/4.8.3-2014q1/bin/../lib/gcc/arm-none-eabi/4.8.3/../../../../arm-none-eabi/lib/armv7-m\libg.a(lib_a-findfp.o)
                0x000859b4                __sinit
 .text.__sfp_lock_acquire
                0x00085aa8        0x4 c:/users/ryuya/appdata/local/arduino15/packages/arduino/tools/arm-none-eabi-gcc/4.8.3-2014q1/bin/../lib/gcc/arm-none-eabi/4.8.3/../../../../arm-none-eabi/lib/armv7-m\libg.a(lib_a-findfp.o)
                0x00085aa8                __sfp_lock_acquire
 .text.__sfp_lock_release
                0x00085aac        0x4 c:/users/ryuya/appdata/local/arduino15/packages/arduino/tools/arm-none-eabi-gcc/4.8.3-2014q1/bin/../lib/gcc/arm-none-eabi/4.8.3/../../../../arm-none-eabi/lib/armv7-m\libg.a(lib_a-findfp.o)
                0x00085aac                __sfp_lock_release
 .text.__libc_fini_array
                0x00085ab0       0x30 c:/users/ryuya/appdata/local/arduino15/packages/arduino/tools/arm-none-eabi-gcc/4.8.3-2014q1/bin/../lib/gcc/arm-none-eabi/4.8.3/../../../../arm-none-eabi/lib/armv7-m\libg.a(lib_a-fini.o)
                0x00085ab0                __libc_fini_array
 .text._fputwc_r
                0x00085ae0       0xc0 c:/users/ryuya/appdata/local/arduino15/packages/arduino/tools/arm-none-eabi-gcc/4.8.3-2014q1/bin/../lib/gcc/arm-none-eabi/4.8.3/../../../../arm-none-eabi/lib/armv7-m\libg.a(lib_a-fputwc.o)
                0x00085ae0                _fputwc_r
 .text._malloc_trim_r
                0x00085ba0       0x9c c:/users/ryuya/appdata/local/arduino15/packages/arduino/tools/arm-none-eabi-gcc/4.8.3-2014q1/bin/../lib/gcc/arm-none-eabi/4.8.3/../../../../arm-none-eabi/lib/armv7-m\libg.a(lib_a-freer.o)
                0x00085ba0                _malloc_trim_r
 .text._free_r  0x00085c3c      0x198 c:/users/ryuya/appdata/local/arduino15/packages/arduino/tools/arm-none-eabi-gcc/4.8.3-2014q1/bin/../lib/gcc/arm-none-eabi/4.8.3/../../../../arm-none-eabi/lib/armv7-m\libg.a(lib_a-freer.o)
                0x00085c3c                _free_r
 .text.__sfvwrite_r
                0x00085dd4      0x314 c:/users/ryuya/appdata/local/arduino15/packages/arduino/tools/arm-none-eabi-gcc/4.8.3-2014q1/bin/../lib/gcc/arm-none-eabi/4.8.3/../../../../arm-none-eabi/lib/armv7-m\libg.a(lib_a-fvwrite.o)
                0x00085dd4                __sfvwrite_r
 .text._fwalk   0x000860e8       0x48 c:/users/ryuya/appdata/local/arduino15/packages/arduino/tools/arm-none-eabi-gcc/4.8.3-2014q1/bin/../lib/gcc/arm-none-eabi/4.8.3/../../../../arm-none-eabi/lib/armv7-m\libg.a(lib_a-fwalk.o)
                0x000860e8                _fwalk
 .text.__locale_charset
                0x00086130        0x8 c:/users/ryuya/appdata/local/arduino15/packages/arduino/tools/arm-none-eabi-gcc/4.8.3-2014q1/bin/../lib/gcc/arm-none-eabi/4.8.3/../../../../arm-none-eabi/lib/armv7-m\libg.a(lib_a-locale.o)
                0x00086130                __locale_charset
 .text.__locale_mb_cur_max
                0x00086138        0xc c:/users/ryuya/appdata/local/arduino15/packages/arduino/tools/arm-none-eabi-gcc/4.8.3-2014q1/bin/../lib/gcc/arm-none-eabi/4.8.3/../../../../arm-none-eabi/lib/armv7-m\libg.a(lib_a-locale.o)
                0x00086138                __locale_mb_cur_max
 .text.__smakebuf_r
                0x00086144       0xe0 c:/users/ryuya/appdata/local/arduino15/packages/arduino/tools/arm-none-eabi-gcc/4.8.3-2014q1/bin/../lib/gcc/arm-none-eabi/4.8.3/../../../../arm-none-eabi/lib/armv7-m\libg.a(lib_a-makebuf.o)
                0x00086144                __smakebuf_r
 .text.memchr   0x00086224       0x94 c:/users/ryuya/appdata/local/arduino15/packages/arduino/tools/arm-none-eabi-gcc/4.8.3-2014q1/bin/../lib/gcc/arm-none-eabi/4.8.3/../../../../arm-none-eabi/lib/armv7-m\libg.a(lib_a-memchr-stub.o)
                0x00086224                memchr
 .text._raise_r
                0x000862b8       0x58 c:/users/ryuya/appdata/local/arduino15/packages/arduino/tools/arm-none-eabi-gcc/4.8.3-2014q1/bin/../lib/gcc/arm-none-eabi/4.8.3/../../../../arm-none-eabi/lib/armv7-m\libg.a(lib_a-signal.o)
                0x000862b8                _raise_r
 .text.raise    0x00086310       0x10 c:/users/ryuya/appdata/local/arduino15/packages/arduino/tools/arm-none-eabi-gcc/4.8.3-2014q1/bin/../lib/gcc/arm-none-eabi/4.8.3/../../../../arm-none-eabi/lib/armv7-m\libg.a(lib_a-signal.o)
                0x00086310                raise
 .text._kill_r  0x00086320       0x28 c:/users/ryuya/appdata/local/arduino15/packages/arduino/tools/arm-none-eabi-gcc/4.8.3-2014q1/bin/../lib/gcc/arm-none-eabi/4.8.3/../../../../arm-none-eabi/lib/armv7-m\libg.a(lib_a-signalr.o)
                0x00086320                _kill_r
 .text._getpid_r
                0x00086348        0x4 c:/users/ryuya/appdata/local/arduino15/packages/arduino/tools/arm-none-eabi-gcc/4.8.3-2014q1/bin/../lib/gcc/arm-none-eabi/4.8.3/../../../../arm-none-eabi/lib/armv7-m\libg.a(lib_a-signalr.o)
                0x00086348                _getpid_r
 .text.__sread  0x0008634c       0x24 c:/users/ryuya/appdata/local/arduino15/packages/arduino/tools/arm-none-eabi-gcc/4.8.3-2014q1/bin/../lib/gcc/arm-none-eabi/4.8.3/../../../../arm-none-eabi/lib/armv7-m\libg.a(lib_a-stdio.o)
                0x0008634c                __sread
 .text.__swrite
                0x00086370       0x38 c:/users/ryuya/appdata/local/arduino15/packages/arduino/tools/arm-none-eabi-gcc/4.8.3-2014q1/bin/../lib/gcc/arm-none-eabi/4.8.3/../../../../arm-none-eabi/lib/armv7-m\libg.a(lib_a-stdio.o)
                0x00086370                __swrite
 .text.__sseek  0x000863a8       0x20 c:/users/ryuya/appdata/local/arduino15/packages/arduino/tools/arm-none-eabi-gcc/4.8.3-2014q1/bin/../lib/gcc/arm-none-eabi/4.8.3/../../../../arm-none-eabi/lib/armv7-m\libg.a(lib_a-stdio.o)
                0x000863a8                __sseek
 .text.__sclose
                0x000863c8        0x8 c:/users/ryuya/appdata/local/arduino15/packages/arduino/tools/arm-none-eabi-gcc/4.8.3-2014q1/bin/../lib/gcc/arm-none-eabi/4.8.3/../../../../arm-none-eabi/lib/armv7-m\libg.a(lib_a-stdio.o)
                0x000863c8                __sclose
 .text.__swbuf_r
                0x000863d0       0xa8 c:/users/ryuya/appdata/local/arduino15/packages/arduino/tools/arm-none-eabi-gcc/4.8.3-2014q1/bin/../lib/gcc/arm-none-eabi/4.8.3/../../../../arm-none-eabi/lib/armv7-m\libg.a(lib_a-wbuf.o)
                0x000863d0                __swbuf_r
 .text._wcrtomb_r
                0x00086478       0x50 c:/users/ryuya/appdata/local/arduino15/packages/arduino/tools/arm-none-eabi-gcc/4.8.3-2014q1/bin/../lib/gcc/arm-none-eabi/4.8.3/../../../../arm-none-eabi/lib/armv7-m\libg.a(lib_a-wcrtomb.o)
                0x00086478                _wcrtomb_r
 .text.__ascii_wctomb
                0x000864c8       0x1c c:/users/ryuya/appdata/local/arduino15/packages/arduino/tools/arm-none-eabi-gcc/4.8.3-2014q1/bin/../lib/gcc/arm-none-eabi/4.8.3/../../../../arm-none-eabi/lib/armv7-m\libg.a(lib_a-wctomb_r.o)
                0x000864c8                __ascii_wctomb
 .text._write_r
                0x000864e4       0x28 c:/users/ryuya/appdata/local/arduino15/packages/arduino/tools/arm-none-eabi-gcc/4.8.3-2014q1/bin/../lib/gcc/arm-none-eabi/4.8.3/../../../../arm-none-eabi/lib/armv7-m\libg.a(lib_a-writer.o)
                0x000864e4                _write_r
 .text.__register_exitproc
                0x0008650c       0xa8 c:/users/ryuya/appdata/local/arduino15/packages/arduino/tools/arm-none-eabi-gcc/4.8.3-2014q1/bin/../lib/gcc/arm-none-eabi/4.8.3/../../../../arm-none-eabi/lib/armv7-m\libg.a(lib_a-__atexit.o)
                0x0008650c                __register_exitproc
 .text._close_r
                0x000865b4       0x24 c:/users/ryuya/appdata/local/arduino15/packages/arduino/tools/arm-none-eabi-gcc/4.8.3-2014q1/bin/../lib/gcc/arm-none-eabi/4.8.3/../../../../arm-none-eabi/lib/armv7-m\libg.a(lib_a-closer.o)
                0x000865b4                _close_r
 .text._fclose_r
                0x000865d8       0x80 c:/users/ryuya/appdata/local/arduino15/packages/arduino/tools/arm-none-eabi-gcc/4.8.3-2014q1/bin/../lib/gcc/arm-none-eabi/4.8.3/../../../../arm-none-eabi/lib/armv7-m\libg.a(lib_a-fclose.o)
                0x000865d8                _fclose_r
 .text.fclose   0x00086658       0x10 c:/users/ryuya/appdata/local/arduino15/packages/arduino/tools/arm-none-eabi-gcc/4.8.3-2014q1/bin/../lib/gcc/arm-none-eabi/4.8.3/../../../../arm-none-eabi/lib/armv7-m\libg.a(lib_a-fclose.o)
                0x00086658                fclose
 .text._fstat_r
                0x00086668       0x28 c:/users/ryuya/appdata/local/arduino15/packages/arduino/tools/arm-none-eabi-gcc/4.8.3-2014q1/bin/../lib/gcc/arm-none-eabi/4.8.3/../../../../arm-none-eabi/lib/armv7-m\libg.a(lib_a-fstatr.o)
                0x00086668                _fstat_r
 .text._isatty_r
                0x00086690       0x24 c:/users/ryuya/appdata/local/arduino15/packages/arduino/tools/arm-none-eabi-gcc/4.8.3-2014q1/bin/../lib/gcc/arm-none-eabi/4.8.3/../../../../arm-none-eabi/lib/armv7-m\libg.a(lib_a-isattyr.o)
                0x00086690                _isatty_r
 .text._lseek_r
                0x000866b4       0x28 c:/users/ryuya/appdata/local/arduino15/packages/arduino/tools/arm-none-eabi-gcc/4.8.3-2014q1/bin/../lib/gcc/arm-none-eabi/4.8.3/../../../../arm-none-eabi/lib/armv7-m\libg.a(lib_a-lseekr.o)
                0x000866b4                _lseek_r
 .text._read_r  0x000866dc       0x28 c:/users/ryuya/appdata/local/arduino15/packages/arduino/tools/arm-none-eabi-gcc/4.8.3-2014q1/bin/../lib/gcc/arm-none-eabi/4.8.3/../../../../arm-none-eabi/lib/armv7-m\libg.a(lib_a-readr.o)
                0x000866dc                _read_r
 .text          0x00086704       0x2c c:/users/ryuya/appdata/local/arduino15/packages/arduino/tools/arm-none-eabi-gcc/4.8.3-2014q1/bin/../lib/gcc/arm-none-eabi/4.8.3/armv7-m\libgcc.a(_aeabi_uldivmod.o)
                0x00086704                __aeabi_uldivmod
 .text          0x00086730       0x60 c:/users/ryuya/appdata/local/arduino15/packages/arduino/tools/arm-none-eabi-gcc/4.8.3-2014q1/bin/../lib/gcc/arm-none-eabi/4.8.3/armv7-m\libgcc.a(bpabi.o)
                0x00086730                __gnu_ldivmod_helper
                0x00086760                __gnu_uldivmod_helper
 .text          0x00086790        0x4 c:/users/ryuya/appdata/local/arduino15/packages/arduino/tools/arm-none-eabi-gcc/4.8.3-2014q1/bin/../lib/gcc/arm-none-eabi/4.8.3/armv7-m\libgcc.a(_dvmd_tls.o)
                0x00086790                __aeabi_idiv0
                0x00086790                __aeabi_ldiv0
 .text          0x00086794      0x2a0 c:/users/ryuya/appdata/local/arduino15/packages/arduino/tools/arm-none-eabi-gcc/4.8.3-2014q1/bin/../lib/gcc/arm-none-eabi/4.8.3/armv7-m\libgcc.a(_divdi3.o)
                0x00086794                __divdi3
 .text          0x00086a34      0x290 c:/users/ryuya/appdata/local/arduino15/packages/arduino/tools/arm-none-eabi-gcc/4.8.3-2014q1/bin/../lib/gcc/arm-none-eabi/4.8.3/armv7-m\libgcc.a(_udivdi3.o)
                0x00086a34                __udivdi3
 *(.glue_7t)
 .glue_7t       0x00000000        0x0 linker stubs
 *(.glue_7)
 .glue_7        0x00000000        0x0 linker stubs
 *(.rodata .rodata* .gnu.linkonce.r.*)
 .rodata.str1.1
                0x00086cc4       0xad C:\Users\ryuya\AppData\Local\Temp\VMicroBuilds\TestPlayer\arduino_due_x_dbg\TestPlayer.cpp.o
                                 0xaf (size before relaxing)
 *fill*         0x00086d71        0x7 
 .rodata._ZTVN5SDLib4FileE
                0x00086d78       0x20 C:\Users\ryuya\AppData\Local\Temp\VMicroBuilds\TestPlayer\arduino_due_x_dbg\SD\File.cpp.o
                0x00086d78                vtable for SDLib::File
 .rodata.str1.1
                0x00000000        0x2 C:\Users\ryuya\AppData\Local\Temp\VMicroBuilds\TestPlayer\arduino_due_x_dbg\SD\SD.cpp.o
 .rodata.str1.1
                0x00086d98       0x10 C:\Users\ryuya\AppData\Local\Temp\VMicroBuilds\TestPlayer\arduino_due_x_dbg\SD\utility\SdFile.cpp.o
 .rodata._ZTV6SdFile
                0x00086da8       0x10 C:\Users\ryuya\AppData\Local\Temp\VMicroBuilds\TestPlayer\arduino_due_x_dbg\SD\utility\SdFile.cpp.o
                0x00086da8                vtable for SdFile
 .rodata._ZTV10AudioClass
                0x00086db8       0x20 C:\Users\ryuya\AppData\Local\Temp\VMicroBuilds\TestPlayer\arduino_due_x_dbg\Audio\Audio.cpp.o
                0x00086db8                vtable for AudioClass
 .rodata.g_APinDescription
                0x00086dd8      0xa2c C:\Users\ryuya\AppData\Local\Temp\VMicroBuilds\TestPlayer\arduino_due_x_dbg\variant\variant.cpp.o
                0x00086dd8                g_APinDescription
 .rodata.__func__.6792
                0x00087804        0xd C:\Users\ryuya\AppData\Local\arduino15\packages\arduino\hardware\sam\1.6.9\variants\arduino_due_x/libsam_sam3x8e_gcc_rel.a(tc.o)
 .rodata.str1.1
                0x00087811       0x54 C:\Users\ryuya\AppData\Local\arduino15\packages\arduino\hardware\sam\1.6.9\variants\arduino_due_x/libsam_sam3x8e_gcc_rel.a(tc.o)
 .rodata.__func__.6798
                0x00087865        0x9 C:\Users\ryuya\AppData\Local\arduino15\packages\arduino\hardware\sam\1.6.9\variants\arduino_due_x/libsam_sam3x8e_gcc_rel.a(tc.o)
 .rodata.__func__.6804
                0x0008786e        0x8 C:\Users\ryuya\AppData\Local\arduino15\packages\arduino\hardware\sam\1.6.9\variants\arduino_due_x/libsam_sam3x8e_gcc_rel.a(tc.o)
 *fill*         0x00087876        0x2 
 .rodata        0x00087878       0x40 C:\Users\ryuya\AppData\Local\arduino15\packages\arduino\hardware\sam\1.6.9\variants\arduino_due_x/libsam_sam3x8e_gcc_rel.a(adc.o)
 .rodata.str1.1
                0x000878b8       0x19 C:\Users\ryuya\AppData\Local\Temp\VMicroBuilds\TestPlayer\arduino_due_x_dbg/core.a(syscalls_sam3.c.o)
 .rodata.str1.1
                0x000878d1        0xf C:\Users\ryuya\AppData\Local\Temp\VMicroBuilds\TestPlayer\arduino_due_x_dbg/core.a(Print.cpp.o)
                                 0x11 (size before relaxing)
 .rodata.str1.1
                0x00000000        0xf C:\Users\ryuya\AppData\Local\Temp\VMicroBuilds\TestPlayer\arduino_due_x_dbg/core.a(Stream.cpp.o)
                                  0x1 (size before relaxing)
 .rodata._ZTV9UARTClass
                0x000878e0       0x30 C:\Users\ryuya\AppData\Local\Temp\VMicroBuilds\TestPlayer\arduino_due_x_dbg/core.a(UARTClass.cpp.o)
                0x000878e0                vtable for UARTClass
 .rodata._ZTV10USARTClass
                0x00087910       0x30 C:\Users\ryuya\AppData\Local\Temp\VMicroBuilds\TestPlayer\arduino_due_x_dbg/core.a(USARTClass.cpp.o)
                0x00087910                vtable for USARTClass
 .rodata.STRING_PRODUCT
                0x00087940        0xc C:\Users\ryuya\AppData\Local\Temp\VMicroBuilds\TestPlayer\arduino_due_x_dbg/core.a(USBCore.cpp.o)
                0x00087940                STRING_PRODUCT
 .rodata.USB_DeviceDescriptor
                0x0008794c       0x12 C:\Users\ryuya\AppData\Local\Temp\VMicroBuilds\TestPlayer\arduino_due_x_dbg/core.a(USBCore.cpp.o)
                0x0008794c                USB_DeviceDescriptor
 .rodata.STRING_LANGUAGE
                0x0008795e        0x4 C:\Users\ryuya\AppData\Local\Temp\VMicroBuilds\TestPlayer\arduino_due_x_dbg/core.a(USBCore.cpp.o)
                0x0008795e                STRING_LANGUAGE
 .rodata._ZL18test_packet_buffer
                0x00087962       0x35 C:\Users\ryuya\AppData\Local\Temp\VMicroBuilds\TestPlayer\arduino_due_x_dbg/core.a(USBCore.cpp.o)
 .rodata.STRING_MANUFACTURER