Archive member included because of file (symbol)

C:\Users\ryuya\AppData\Local\arduino15\packages\arduino\hardware\sam\1.6.9\variants\arduino_due_x/libsam_sam3x8e_gcc_rel.a(pio.o)
                              C:\Users\ryuya\AppData\Local\Temp\VMicroBuilds\MCP3208P\arduino_due_x_dbg\variant\variant.cpp.o (PIO_Configure)
C:\Users\ryuya\AppData\Local\arduino15\packages\arduino\hardware\sam\1.6.9\variants\arduino_due_x/libsam_sam3x8e_gcc_rel.a(pmc.o)
                              C:\Users\ryuya\AppData\Local\Temp\VMicroBuilds\MCP3208P\arduino_due_x_dbg\variant\variant.cpp.o (pmc_enable_periph_clk)
C:\Users\ryuya\AppData\Local\arduino15\packages\arduino\hardware\sam\1.6.9\variants\arduino_due_x/libsam_sam3x8e_gcc_rel.a(system_sam3xa.o)
                              C:\Users\ryuya\AppData\Local\Temp\VMicroBuilds\MCP3208P\arduino_due_x_dbg\variant\variant.cpp.o (SystemInit)
C:\Users\ryuya\AppData\Local\arduino15\packages\arduino\hardware\sam\1.6.9\variants\arduino_due_x/libsam_sam3x8e_gcc_rel.a(startup_sam3xa.o)
                              (Reset_Handler)
C:\Users\ryuya\AppData\Local\arduino15\packages\arduino\hardware\sam\1.6.9\variants\arduino_due_x/libsam_sam3x8e_gcc_rel.a(adc.o)
                              C:\Users\ryuya\AppData\Local\Temp\VMicroBuilds\MCP3208P\arduino_due_x_dbg\variant\variant.cpp.o (adc_init)
C:\Users\ryuya\AppData\Local\arduino15\packages\arduino\hardware\sam\1.6.9\variants\arduino_due_x/libsam_sam3x8e_gcc_rel.a(uotghs.o)
                              C:\Users\ryuya\AppData\Local\arduino15\packages\arduino\hardware\sam\1.6.9\variants\arduino_due_x/libsam_sam3x8e_gcc_rel.a(startup_sam3xa.o) (UOTGHS_Handler)
C:\Users\ryuya\AppData\Local\Temp\VMicroBuilds\MCP3208P\arduino_due_x_dbg/core.a(cortex_handlers.c.o)
                              C:\Users\ryuya\AppData\Local\arduino15\packages\arduino\hardware\sam\1.6.9\variants\arduino_due_x/libsam_sam3x8e_gcc_rel.a(startup_sam3xa.o) (NMI_Handler)
C:\Users\ryuya\AppData\Local\Temp\VMicroBuilds\MCP3208P\arduino_due_x_dbg/core.a(hooks.c.o)
                              C:\Users\ryuya\AppData\Local\Temp\VMicroBuilds\MCP3208P\arduino_due_x_dbg/core.a(cortex_handlers.c.o) (sysTickHook)
C:\Users\ryuya\AppData\Local\Temp\VMicroBuilds\MCP3208P\arduino_due_x_dbg/core.a(syscalls_sam3.c.o)
                              (_sbrk)
C:\Users\ryuya\AppData\Local\Temp\VMicroBuilds\MCP3208P\arduino_due_x_dbg/core.a(wiring.c.o)
                              C:\Users\ryuya\AppData\Local\Temp\VMicroBuilds\MCP3208P\arduino_due_x_dbg\MCP3208P.cpp.o (delay)
C:\Users\ryuya\AppData\Local\Temp\VMicroBuilds\MCP3208P\arduino_due_x_dbg/core.a(wiring_analog.c.o)
                              C:\Users\ryuya\AppData\Local\Temp\VMicroBuilds\MCP3208P\arduino_due_x_dbg\variant\variant.cpp.o (analogOutputInit)
C:\Users\ryuya\AppData\Local\Temp\VMicroBuilds\MCP3208P\arduino_due_x_dbg/core.a(wiring_digital.c.o)
                              C:\Users\ryuya\AppData\Local\Temp\VMicroBuilds\MCP3208P\arduino_due_x_dbg\MCP3208P.cpp.o (pinMode)
C:\Users\ryuya\AppData\Local\Temp\VMicroBuilds\MCP3208P\arduino_due_x_dbg/core.a(main.cpp.o)
                              c:/users/ryuya/appdata/local/arduino15/packages/arduino/tools/arm-none-eabi-gcc/4.8.3-2014q1/bin/../lib/gcc/arm-none-eabi/4.8.3/../../../../arm-none-eabi/lib/armv7-m/crt0.o (main)
C:\Users\ryuya\AppData\Local\Temp\VMicroBuilds\MCP3208P\arduino_due_x_dbg/core.a(Print.cpp.o)
                              C:\Users\ryuya\AppData\Local\Temp\VMicroBuilds\MCP3208P\arduino_due_x_dbg\MCP3208P.cpp.o (Print::print(char const*))
C:\Users\ryuya\AppData\Local\Temp\VMicroBuilds\MCP3208P\arduino_due_x_dbg/core.a(Reset.cpp.o)
                              C:\Users\ryuya\AppData\Local\Temp\VMicroBuilds\MCP3208P\arduino_due_x_dbg/core.a(cortex_handlers.c.o) (tickReset)
C:\Users\ryuya\AppData\Local\Temp\VMicroBuilds\MCP3208P\arduino_due_x_dbg/core.a(RingBuffer.cpp.o)
                              C:\Users\ryuya\AppData\Local\Temp\VMicroBuilds\MCP3208P\arduino_due_x_dbg\variant\variant.cpp.o (RingBuffer::RingBuffer())
C:\Users\ryuya\AppData\Local\Temp\VMicroBuilds\MCP3208P\arduino_due_x_dbg/core.a(UARTClass.cpp.o)
                              C:\Users\ryuya\AppData\Local\Temp\VMicroBuilds\MCP3208P\arduino_due_x_dbg\variant\variant.cpp.o (UARTClass::available())
C:\Users\ryuya\AppData\Local\Temp\VMicroBuilds\MCP3208P\arduino_due_x_dbg/core.a(USARTClass.cpp.o)
                              C:\Users\ryuya\AppData\Local\Temp\VMicroBuilds\MCP3208P\arduino_due_x_dbg\variant\variant.cpp.o (USARTClass::USARTClass(Usart*, IRQn, unsigned long, RingBuffer*, RingBuffer*))
C:\Users\ryuya\AppData\Local\Temp\VMicroBuilds\MCP3208P\arduino_due_x_dbg/core.a(watchdog.cpp.o)
                              C:\Users\ryuya\AppData\Local\Temp\VMicroBuilds\MCP3208P\arduino_due_x_dbg/core.a(main.cpp.o) (watchdogSetup())
C:\Users\ryuya\AppData\Local\Temp\VMicroBuilds\MCP3208P\arduino_due_x_dbg/core.a(USBCore.cpp.o)
[...]
Memory Configuration

Name             Origin             Length             Attributes
rom              0x00080000         0x00080000         xr
sram0            0x20000000         0x00010000         xrw
sram1            0x20080000         0x00008000         xrw
ram              0x20070000         0x00018000         xrw
*default*        0x00000000         0xffffffff

Linker script and memory map

LOAD c:/users/ryuya/appdata/local/arduino15/packages/arduino/tools/arm-none-eabi-gcc/4.8.3-2014q1/bin/../lib/gcc/arm-none-eabi/4.8.3/armv7-m/crti.o
LOAD c:/users/ryuya/appdata/local/arduino15/packages/arduino/tools/arm-none-eabi-gcc/4.8.3-2014q1/bin/../lib/gcc/arm-none-eabi/4.8.3/armv7-m/crtbegin.o
LOAD c:/users/ryuya/appdata/local/arduino15/packages/arduino/tools/arm-none-eabi-gcc/4.8.3-2014q1/bin/../lib/gcc/arm-none-eabi/4.8.3/../../../../arm-none-eabi/lib/armv7-m/crt0.o
START GROUP
LOAD C:\Users\ryuya\AppData\Local\Temp\VMicroBuilds\MCP3208P\arduino_due_x_dbg\MCP3208P.cpp.o
LOAD C:\Users\ryuya\AppData\Local\Temp\VMicroBuilds\MCP3208P\arduino_due_x_dbg\variant\variant.cpp.o
LOAD C:\Users\ryuya\AppData\Local\arduino15\packages\arduino\hardware\sam\1.6.9\variants\arduino_due_x/libsam_sam3x8e_gcc_rel.a
LOAD C:\Users\ryuya\AppData\Local\Temp\VMicroBuilds\MCP3208P\arduino_due_x_dbg/core.a
END GROUP
LOAD c:/users/ryuya/appdata/local/arduino15/packages/arduino/tools/arm-none-eabi-gcc/4.8.3-2014q1/bin/../lib/gcc/arm-none-eabi/4.8.3/../../../../arm-none-eabi/lib/armv7-m\libm.a
START GROUP
LOAD c:/users/ryuya/appdata/local/arduino15/packages/arduino/tools/arm-none-eabi-gcc/4.8.3-2014q1/bin/../lib/gcc/arm-none-eabi/4.8.3/armv7-m\libgcc.a
LOAD c:/users/ryuya/appdata/local/arduino15/packages/arduino/tools/arm-none-eabi-gcc/4.8.3-2014q1/bin/../lib/gcc/arm-none-eabi/4.8.3/../../../../arm-none-eabi/lib/armv7-m\libg.a
LOAD c:/users/ryuya/appdata/local/arduino15/packages/arduino/tools/arm-none-eabi-gcc/4.8.3-2014q1/bin/../lib/gcc/arm-none-eabi/4.8.3/../../../../arm-none-eabi/lib/armv7-m\libc.a
END GROUP
LOAD c:/users/ryuya/appdata/local/arduino15/packages/arduino/tools/arm-none-eabi-gcc/4.8.3-2014q1/bin/../lib/gcc/arm-none-eabi/4.8.3/armv7-m/crtend.o
LOAD c:/users/ryuya/appdata/local/arduino15/packages/arduino/tools/arm-none-eabi-gcc/4.8.3-2014q1/bin/../lib/gcc/arm-none-eabi/4.8.3/armv7-m/crtn.o

.text           0x00080000     0x57cc
                0x00080000                . = ALIGN (0x4)
                0x00080000                _sfixed = .
 *(.vectors .vectors.*)
 .vectors       0x00080000       0xf4 C:\Users\ryuya\AppData\Local\arduino15\packages\arduino\hardware\sam\1.6.9\variants\arduino_due_x/libsam_sam3x8e_gcc_rel.a(startup_sam3xa.o)
                0x00080000                exception_table
 *(.text .text.* .gnu.linkonce.t.*)
 .text          0x000800f4       0x54 c:/users/ryuya/appdata/local/arduino15/packages/arduino/tools/arm-none-eabi-gcc/4.8.3-2014q1/bin/../lib/gcc/arm-none-eabi/4.8.3/armv7-m/crtbegin.o
 .text._Z7readADCiiiii
                0x00080148       0x88 C:\Users\ryuya\AppData\Local\Temp\VMicroBuilds\MCP3208P\arduino_due_x_dbg\MCP3208P.cpp.o
                0x00080148                readADC(int, int, int, int, int)
 .text.loop     0x000801d0       0x54 C:\Users\ryuya\AppData\Local\Temp\VMicroBuilds\MCP3208P\arduino_due_x_dbg\MCP3208P.cpp.o
                0x000801d0                loop
 .text.setup    0x00080224       0x4c C:\Users\ryuya\AppData\Local\Temp\VMicroBuilds\MCP3208P\arduino_due_x_dbg\MCP3208P.cpp.o
                0x00080224                setup
 .text._Z11serialEventv
                0x00080270        0x2 C:\Users\ryuya\AppData\Local\Temp\VMicroBuilds\MCP3208P\arduino_due_x_dbg\variant\variant.cpp.o
                0x00080270                serialEvent()
 *fill*         0x00080272        0x2 
 .text.UART_Handler
                0x00080274        0xc C:\Users\ryuya\AppData\Local\Temp\VMicroBuilds\MCP3208P\arduino_due_x_dbg\variant\variant.cpp.o
                0x00080274                UART_Handler
 .text._Z12serialEvent1v
                0x00080280        0x2 C:\Users\ryuya\AppData\Local\Temp\VMicroBuilds\MCP3208P\arduino_due_x_dbg\variant\variant.cpp.o
                0x00080280                serialEvent1()
 .text._Z12serialEvent2v
                0x00080282        0x2 C:\Users\ryuya\AppData\Local\Temp\VMicroBuilds\MCP3208P\arduino_due_x_dbg\variant\variant.cpp.o
                0x00080282                serialEvent2()
 .text._Z12serialEvent3v
                0x00080284        0x2 C:\Users\ryuya\AppData\Local\Temp\VMicroBuilds\MCP3208P\arduino_due_x_dbg\variant\variant.cpp.o
                0x00080284                serialEvent3()
 *fill*         0x00080286        0x2 
 .text.USART0_Handler
                0x00080288        0xc C:\Users\ryuya\AppData\Local\Temp\VMicroBuilds\MCP3208P\arduino_due_x_dbg\variant\variant.cpp.o
                0x00080288                USART0_Handler
 .text.USART1_Handler
                0x00080294        0xc C:\Users\ryuya\AppData\Local\Temp\VMicroBuilds\MCP3208P\arduino_due_x_dbg\variant\variant.cpp.o
                0x00080294                USART1_Handler
 .text.USART3_Handler
                0x000802a0        0xc C:\Users\ryuya\AppData\Local\Temp\VMicroBuilds\MCP3208P\arduino_due_x_dbg\variant\variant.cpp.o
                0x000802a0                USART3_Handler
 .text.init     0x000802ac      0x128 C:\Users\ryuya\AppData\Local\Temp\VMicroBuilds\MCP3208P\arduino_due_x_dbg\variant\variant.cpp.o
                0x000802ac                init
 .text.startup._GLOBAL__sub_I_g_APinDescription
                0x000803d4       0xd4 C:\Users\ryuya\AppData\Local\Temp\VMicroBuilds\MCP3208P\arduino_due_x_dbg\variant\variant.cpp.o
 .text._Z14serialEventRunv
                0x000804a8       0x44 C:\Users\ryuya\AppData\Local\Temp\VMicroBuilds\MCP3208P\arduino_due_x_dbg\variant\variant.cpp.o
                0x000804a8                serialEventRun()
 .text.PIO_PullUp
                0x000804ec        0xa C:\Users\ryuya\AppData\Local\arduino15\packages\arduino\hardware\sam\1.6.9\variants\arduino_due_x/libsam_sam3x8e_gcc_rel.a(pio.o)
                0x000804ec                PIO_PullUp
 .text.PIO_Get  0x000804f6       0x14 C:\Users\ryuya\AppData\Local\arduino15\packages\arduino\hardware\sam\1.6.9\variants\arduino_due_x/libsam_sam3x8e_gcc_rel.a(pio.o)
                0x000804f6                PIO_Get
 .text.PIO_SetPeripheral
                0x0008050a       0x26 C:\Users\ryuya\AppData\Local\arduino15\packages\arduino\hardware\sam\1.6.9\variants\arduino_due_x/libsam_sam3x8e_gcc_rel.a(pio.o)
                0x0008050a                PIO_SetPeripheral
 .text.PIO_SetInput
                0x00080530       0x26 C:\Users\ryuya\AppData\Local\arduino15\packages\arduino\hardware\sam\1.6.9\variants\arduino_due_x/libsam_sam3x8e_gcc_rel.a(pio.o)
                0x00080530                PIO_SetInput
 .text.PIO_SetOutput
                0x00080556       0x24 C:\Users\ryuya\AppData\Local\arduino15\packages\arduino\hardware\sam\1.6.9\variants\arduino_due_x/libsam_sam3x8e_gcc_rel.a(pio.o)
                0x00080556                PIO_SetOutput
 *fill*         0x0008057a        0x2 
 .text.PIO_Configure
                0x0008057c       0x64 C:\Users\ryuya\AppData\Local\arduino15\packages\arduino\hardware\sam\1.6.9\variants\arduino_due_x/libsam_sam3x8e_gcc_rel.a(pio.o)
                0x0008057c                PIO_Configure
 .text.PIO_GetOutputDataStatus
                0x000805e0       0x14 C:\Users\ryuya\AppData\Local\arduino15\packages\arduino\hardware\sam\1.6.9\variants\arduino_due_x/libsam_sam3x8e_gcc_rel.a(pio.o)
                0x000805e0                PIO_GetOutputDataStatus
 .text.pmc_enable_upll_clock
                0x000805f4       0x14 C:\Users\ryuya\AppData\Local\arduino15\packages\arduino\hardware\sam\1.6.9\variants\arduino_due_x/libsam_sam3x8e_gcc_rel.a(pmc.o)
                0x000805f4                pmc_enable_upll_clock
 .text.pmc_enable_periph_clk
                0x00080608       0x44 C:\Users\ryuya\AppData\Local\arduino15\packages\arduino\hardware\sam\1.6.9\variants\arduino_due_x/libsam_sam3x8e_gcc_rel.a(pmc.o)
                0x00080608                pmc_enable_periph_clk
 .text.pmc_disable_periph_clk
                0x0008064c       0x40 C:\Users\ryuya\AppData\Local\arduino15\packages\arduino\hardware\sam\1.6.9\variants\arduino_due_x/libsam_sam3x8e_gcc_rel.a(pmc.o)
                0x0008064c                pmc_disable_periph_clk
 .text.pmc_switch_udpck_to_upllck
                0x0008068c       0x14 C:\Users\ryuya\AppData\Local\arduino15\packages\arduino\hardware\sam\1.6.9\variants\arduino_due_x/libsam_sam3x8e_gcc_rel.a(pmc.o)
                0x0008068c                pmc_switch_udpck_to_upllck
 .text.pmc_enable_udpck
                0x000806a0        0xc C:\Users\ryuya\AppData\Local\arduino15\packages\arduino\hardware\sam\1.6.9\variants\arduino_due_x/libsam_sam3x8e_gcc_rel.a(pmc.o)
                0x000806a0                pmc_enable_udpck
 .text.SystemInit
                0x000806ac       0x88 C:\Users\ryuya\AppData\Local\arduino15\packages\arduino\hardware\sam\1.6.9\variants\arduino_due_x/libsam_sam3x8e_gcc_rel.a(system_sam3xa.o)
                0x000806ac                SystemInit
 .text.Reset_Handler
                0x00080734       0x78 C:\Users\ryuya\AppData\Local\arduino15\packages\arduino\hardware\sam\1.6.9\variants\arduino_due_x/libsam_sam3x8e_gcc_rel.a(startup_sam3xa.o)
                0x00080734                Reset_Handler
 .text.adc_init
                0x000807ac       0x98 C:\Users\ryuya\AppData\Local\arduino15\packages\arduino\hardware\sam\1.6.9\variants\arduino_due_x/libsam_sam3x8e_gcc_rel.a(adc.o)
                0x000807ac                adc_init
 .text.adc_configure_trigger
                0x00080844        0xe C:\Users\ryuya\AppData\Local\arduino15\packages\arduino\hardware\sam\1.6.9\variants\arduino_due_x/libsam_sam3x8e_gcc_rel.a(adc.o)
                0x00080844                adc_configure_trigger
 .text.adc_configure_timing
                0x00080852       0x1a C:\Users\ryuya\AppData\Local\arduino15\packages\arduino\hardware\sam\1.6.9\variants\arduino_due_x/libsam_sam3x8e_gcc_rel.a(adc.o)
                0x00080852                adc_configure_timing
 .text.adc_disable_channel
                0x0008086c        0xa C:\Users\ryuya\AppData\Local\arduino15\packages\arduino\hardware\sam\1.6.9\variants\arduino_due_x/libsam_sam3x8e_gcc_rel.a(adc.o)
                0x0008086c                adc_disable_channel
 .text.adc_disable_all_channel
                0x00080876        0x8 C:\Users\ryuya\AppData\Local\arduino15\packages\arduino\hardware\sam\1.6.9\variants\arduino_due_x/libsam_sam3x8e_gcc_rel.a(adc.o)
                0x00080876                adc_disable_all_channel
 .text.adc_disable_interrupt
                0x0008087e        0x4 C:\Users\ryuya\AppData\Local\arduino15\packages\arduino\hardware\sam\1.6.9\variants\arduino_due_x/libsam_sam3x8e_gcc_rel.a(adc.o)
                0x0008087e                adc_disable_interrupt
 *fill*         0x00080882        0x2 
 .text.UOTGHS_Handler
                0x00080884       0x10 C:\Users\ryuya\AppData\Local\arduino15\packages\arduino\hardware\sam\1.6.9\variants\arduino_due_x/libsam_sam3x8e_gcc_rel.a(uotghs.o)
                0x00080884                UOTGHS_Handler
 .text.__halt   0x00080894        0x2 C:\Users\ryuya\AppData\Local\Temp\VMicroBuilds\MCP3208P\arduino_due_x_dbg/core.a(cortex_handlers.c.o)
                0x00080894                DACC_Handler
                0x00080894                DebugMon_Handler
                0x00080894                DMAC_Handler
                0x00080894                TRNG_Handler
                0x00080894                HardFault_Handler
                0x00080894                TC2_Handler
                0x00080894                TWI1_Handler
                0x00080894                NMI_Handler
                0x00080894                TC7_Handler
                0x00080894                ADC_Handler
                0x00080894                SMC_Handler
                0x00080894                RTT_Handler
                0x00080894                EFC1_Handler
                0x00080894                PIOB_Handler
                0x00080894                RTC_Handler
                0x00080894                UsageFault_Handler
                0x00080894                TC6_Handler
                0x00080894                WDT_Handler
                0x00080894                CAN0_Handler
                0x00080894                TC4_Handler
                0x00080894                TC1_Handler
                0x00080894                HSMCI_Handler
                0x00080894                TC3_Handler
                0x00080894                TWI0_Handler
                0x00080894                PIOA_Handler
                0x00080894                SSC_Handler
                0x00080894                EFC0_Handler
                0x00080894                PMC_Handler
                0x00080894                PWM_Handler
                0x00080894                CAN1_Handler
                0x00080894                MemManage_Handler
                0x00080894                SUPC_Handler
                0x00080894                TC8_Handler
                0x00080894                USART2_Handler
                0x00080894                PIOD_Handler
                0x00080894                EMAC_Handler
                0x00080894                PIOC_Handler
                0x00080894                BusFault_Handler
                0x00080894                RSTC_Handler
                0x00080894                TC0_Handler
                0x00080894                TC5_Handler
                0x00080894                SPI0_Handler
 .text.SVC_Handler
                0x00080896        0x4 C:\Users\ryuya\AppData\Local\Temp\VMicroBuilds\MCP3208P\arduino_due_x_dbg/core.a(cortex_handlers.c.o)
                0x00080896                SVC_Handler
 .text.PendSV_Handler
                0x0008089a        0x4 C:\Users\ryuya\AppData\Local\Temp\VMicroBuilds\MCP3208P\arduino_due_x_dbg/core.a(cortex_handlers.c.o)
                0x0008089a                PendSV_Handler
 .text.SysTick_Handler
                0x0008089e       0x16 C:\Users\ryuya\AppData\Local\Temp\VMicroBuilds\MCP3208P\arduino_due_x_dbg/core.a(cortex_handlers.c.o)
                0x0008089e                SysTick_Handler
 .text.__empty  0x000808b4        0x2 C:\Users\ryuya\AppData\Local\Temp\VMicroBuilds\MCP3208P\arduino_due_x_dbg/core.a(hooks.c.o)
                0x000808b4                yield
 .text.__false  0x000808b6        0x4 C:\Users\ryuya\AppData\Local\Temp\VMicroBuilds\MCP3208P\arduino_due_x_dbg/core.a(hooks.c.o)
                0x000808b6                sysTickHook
 .text.__halt   0x000808ba        0x2 C:\Users\ryuya\AppData\Local\Temp\VMicroBuilds\MCP3208P\arduino_due_x_dbg/core.a(hooks.c.o)
                0x000808ba                svcHook
                0x000808ba                pendSVHook
 .text._sbrk    0x000808bc       0x1c C:\Users\ryuya\AppData\Local\Temp\VMicroBuilds\MCP3208P\arduino_due_x_dbg/core.a(syscalls_sam3.c.o)
                0x000808bc                _sbrk
 .text.link     0x000808d8        0x6 C:\Users\ryuya\AppData\Local\Temp\VMicroBuilds\MCP3208P\arduino_due_x_dbg/core.a(syscalls_sam3.c.o)
                0x000808d8                link
 .text._close   0x000808de        0x6 C:\Users\ryuya\AppData\Local\Temp\VMicroBuilds\MCP3208P\arduino_due_x_dbg/core.a(syscalls_sam3.c.o)
                0x000808de                _close
 .text._fstat   0x000808e4        0xa C:\Users\ryuya\AppData\Local\Temp\VMicroBuilds\MCP3208P\arduino_due_x_dbg/core.a(syscalls_sam3.c.o)
                0x000808e4                _fstat
 .text._isatty  0x000808ee        0x4 C:\Users\ryuya\AppData\Local\Temp\VMicroBuilds\MCP3208P\arduino_due_x_dbg/core.a(syscalls_sam3.c.o)
                0x000808ee                _isatty
 .text._lseek   0x000808f2        0x4 C:\Users\ryuya\AppData\Local\Temp\VMicroBuilds\MCP3208P\arduino_due_x_dbg/core.a(syscalls_sam3.c.o)
                0x000808f2                _lseek
 .text._read    0x000808f6        0x4 C:\Users\ryuya\AppData\Local\Temp\VMicroBuilds\MCP3208P\arduino_due_x_dbg/core.a(syscalls_sam3.c.o)
                0x000808f6                _read
 *fill*         0x000808fa        0x2 
 .text._write   0x000808fc       0x24 C:\Users\ryuya\AppData\Local\Temp\VMicroBuilds\MCP3208P\arduino_due_x_dbg/core.a(syscalls_sam3.c.o)
                0x000808fc                _write
 .text._exit    0x00080920       0x10 C:\Users\ryuya\AppData\Local\Temp\VMicroBuilds\MCP3208P\arduino_due_x_dbg/core.a(syscalls_sam3.c.o)
                0x00080920                _exit
 .text._kill    0x00080930        0x2 C:\Users\ryuya\AppData\Local\Temp\VMicroBuilds\MCP3208P\arduino_due_x_dbg/core.a(syscalls_sam3.c.o)
                0x00080930                _kill
 .text._getpid  0x00080932        0x6 C:\Users\ryuya\AppData\Local\Temp\VMicroBuilds\MCP3208P\arduino_due_x_dbg/core.a(syscalls_sam3.c.o)
                0x00080932                _getpid
 .text.delay    0x00080938       0x1c C:\Users\ryuya\AppData\Local\Temp\VMicroBuilds\MCP3208P\arduino_due_x_dbg/core.a(wiring.c.o)
                0x00080938                delay
 .text.analogOutputInit
                0x00080954        0x2 C:\Users\ryuya\AppData\Local\Temp\VMicroBuilds\MCP3208P\arduino_due_x_dbg/core.a(wiring_analog.c.o)
                0x00080954                analogOutputInit
 *fill*         0x00080956        0x2 
 .text.pinMode  0x00080958      0x108 C:\Users\ryuya\AppData\Local\Temp\VMicroBuilds\MCP3208P\arduino_due_x_dbg/core.a(wiring_digital.c.o)
                0x00080958                pinMode
 .text.digitalWrite
                0x00080a60       0x70 C:\Users\ryuya\AppData\Local\Temp\VMicroBuilds\MCP3208P\arduino_due_x_dbg/core.a(wiring_digital.c.o)
                0x00080a60                digitalWrite
 .text.digitalRead
                0x00080ad0       0x44 C:\Users\ryuya\AppData\Local\Temp\VMicroBuilds\MCP3208P\arduino_due_x_dbg/core.a(wiring_digital.c.o)
                0x00080ad0                digitalRead
 .text.initVariant
                0x00080b14        0x2 C:\Users\ryuya\AppData\Local\Temp\VMicroBuilds\MCP3208P\arduino_due_x_dbg/core.a(main.cpp.o)
                0x00080b14                initVariant
 *fill*         0x00080b16        0x2 
 .text.startup.main
                0x00080b18       0x38 C:\Users\ryuya\AppData\Local\Temp\VMicroBuilds\MCP3208P\arduino_due_x_dbg/core.a(main.cpp.o)
                0x00080b18                main
 .text._ZN5Print5writeEPKhj
                0x00080b50       0x22 C:\Users\ryuya\AppData\Local\Temp\VMicroBuilds\MCP3208P\arduino_due_x_dbg/core.a(Print.cpp.o)
                0x00080b50                Print::write(unsigned char const*, unsigned int)
 .text._ZN5Print5writeEPKc
                0x00080b72       0x1e C:\Users\ryuya\AppData\Local\Temp\VMicroBuilds\MCP3208P\arduino_due_x_dbg/core.a(Print.cpp.o)
                0x00080b72                Print::write(char const*)
 .text._ZN5Print5printEPKc
                0x00080b90        0x8 C:\Users\ryuya\AppData\Local\Temp\VMicroBuilds\MCP3208P\arduino_due_x_dbg/core.a(Print.cpp.o)
                0x00080b90                Print::print(char const*)
 .text._ZN5Print5printEc
                0x00080b98        0xa C:\Users\ryuya\AppData\Local\Temp\VMicroBuilds\MCP3208P\arduino_due_x_dbg/core.a(Print.cpp.o)
                0x00080b98                Print::print(char)
 *fill*         0x00080ba2        0x2 
 .text._ZN5Print7printlnEv
                0x00080ba4       0x10 C:\Users\ryuya\AppData\Local\Temp\VMicroBuilds\MCP3208P\arduino_due_x_dbg/core.a(Print.cpp.o)
                0x00080ba4                Print::println()
 .text._ZN5Print11printNumberEmh
                0x00080bb4       0x3e C:\Users\ryuya\AppData\Local\Temp\VMicroBuilds\MCP3208P\arduino_due_x_dbg/core.a(Print.cpp.o)
                0x00080bb4                Print::printNumber(unsigned long, unsigned char)
 .text._ZN5Print5printEli
                0x00080bf2       0x3c C:\Users\ryuya\AppData\Local\Temp\VMicroBuilds\MCP3208P\arduino_due_x_dbg/core.a(Print.cpp.o)
                0x00080bf2                Print::print(long, int)
 .text._ZN5Print7printlnEii
                0x00080c2e       0x14 C:\Users\ryuya\AppData\Local\Temp\VMicroBuilds\MCP3208P\arduino_due_x_dbg/core.a(Print.cpp.o)
                0x00080c2e                Print::println(int, int)
 *fill*         0x00080c42        0x2 
 .text.initiateReset
                0x00080c44        0xc C:\Users\ryuya\AppData\Local\Temp\VMicroBuilds\MCP3208P\arduino_due_x_dbg/core.a(Reset.cpp.o)
                0x00080c44                initiateReset
 .text.cancelReset
                0x00080c50       0x10 C:\Users\ryuya\AppData\Local\Temp\VMicroBuilds\MCP3208P\arduino_due_x_dbg/core.a(Reset.cpp.o)
                0x00080c50                cancelReset
 .text.tickReset
                0x00080c60       0x20 C:\Users\ryuya\AppData\Local\Temp\VMicroBuilds\MCP3208P\arduino_due_x_dbg/core.a(Reset.cpp.o)
                0x00080c60                tickReset
 .text._ZN10RingBufferC2Ev
                0x00080c80       0x1a C:\Users\ryuya\AppData\Local\Temp\VMicroBuilds\MCP3208P\arduino_due_x_dbg/core.a(RingBuffer.cpp.o)
                0x00080c80                RingBuffer::RingBuffer()
                0x00080c80                RingBuffer::RingBuffer()
 .text._ZN10RingBuffer10store_charEh
                0x00080c9a       0x1e C:\Users\ryuya\AppData\Local\Temp\VMicroBuilds\MCP3208P\arduino_due_x_dbg/core.a(RingBuffer.cpp.o)
                0x00080c9a                RingBuffer::store_char(unsigned char)
 .text._ZN9UARTClasscvbEv
                0x00080cb8        0x4 C:\Users\ryuya\AppData\Local\Temp\VMicroBuilds\MCP3208P\arduino_due_x_dbg/core.a(UARTClass.cpp.o)
                0x00080cb8                UARTClass::operator bool()
 .text._ZN9UARTClass9availableEv
                0x00080cbc       0x12 C:\Users\ryuya\AppData\Local\Temp\VMicroBuilds\MCP3208P\arduino_due_x_dbg/core.a(UARTClass.cpp.o)
                0x00080cbc                UARTClass::available()
 .text._ZN9UARTClass4peekEv
                0x00080cce       0x1c C:\Users\ryuya\AppData\Local\Temp\VMicroBuilds\MCP3208P\arduino_due_x_dbg/core.a(UARTClass.cpp.o)
                0x00080cce                UARTClass::peek()
 .text._ZN9UARTClass4readEv
                0x00080cea       0x2a C:\Users\ryuya\AppData\Local\Temp\VMicroBuilds\MCP3208P\arduino_due_x_dbg/core.a(UARTClass.cpp.o)
                0x00080cea                UARTClass::read()
 .text._ZN9UARTClass5flushEv
                0x00080d14       0x18 C:\Users\ryuya\AppData\Local\Temp\VMicroBuilds\MCP3208P\arduino_due_x_dbg/core.a(UARTClass.cpp.o)
                0x00080d14                UARTClass::flush()
 .text._ZN9UARTClass5writeEh
                0x00080d2c       0x54 C:\Users\ryuya\AppData\Local\Temp\VMicroBuilds\MCP3208P\arduino_due_x_dbg/core.a(UARTClass.cpp.o)
                0x00080d2c                UARTClass::write(unsigned char)
 .text._ZN9UARTClass3endEv
                0x00080d80       0x3c C:\Users\ryuya\AppData\Local\Temp\VMicroBuilds\MCP3208P\arduino_due_x_dbg/core.a(UARTClass.cpp.o)
                0x00080d80                UARTClass::end()
 .text._ZN9UARTClassC2EP4Uart4IRQnmP10RingBufferS4_
                0x00080dbc       0x24 C:\Users\ryuya\AppData\Local\Temp\VMicroBuilds\MCP3208P\arduino_due_x_dbg/core.a(UARTClass.cpp.o)
                0x00080dbc                UARTClass::UARTClass(Uart*, IRQn, unsigned long, RingBuffer*, RingBuffer*)
                0x00080dbc                UARTClass::UARTClass(Uart*, IRQn, unsigned long, RingBuffer*, RingBuffer*)
 .text._ZN9UARTClass4initEmm
                0x00080de0       0x70 C:\Users\ryuya\AppData\Local\Temp\VMicroBuilds\MCP3208P\arduino_due_x_dbg/core.a(UARTClass.cpp.o)
                0x00080de0                UARTClass::init(unsigned long, unsigned long)
 .text._ZN9UARTClass5beginEm
                0x00080e50        0x8 C:\Users\ryuya\AppData\Local\Temp\VMicroBuilds\MCP3208P\arduino_due_x_dbg/core.a(UARTClass.cpp.o)
                0x00080e50                UARTClass::begin(unsigned long)
 .text._ZN9UARTClass10IrqHandlerEv
                0x00080e58       0x5a C:\Users\ryuya\AppData\Local\Temp\VMicroBuilds\MCP3208P\arduino_due_x_dbg/core.a(UARTClass.cpp.o)
                0x00080e58                UARTClass::IrqHandler()
 .text._ZN10USARTClass5beginEm
                0x00080eb2        0x8 C:\Users\ryuya\AppData\Local\Temp\VMicroBuilds\MCP3208P\arduino_due_x_dbg/core.a(USARTClass.cpp.o)
                0x00080eb2                USARTClass::begin(unsigned long)
 *fill*         0x00080eba        0x2 
 .text._ZN10USARTClassC2EP5Usart4IRQnmP10RingBufferS4_
                0x00080ebc       0x24 C:\Users\ryuya\AppData\Local\Temp\VMicroBuilds\MCP3208P\arduino_due_x_dbg/core.a(USARTClass.cpp.o)
                0x00080ebc                USARTClass::USARTClass(Usart*, IRQn, unsigned long, RingBuffer*, RingBuffer*)
                0x00080ebc                USARTClass::USARTClass(Usart*, IRQn, unsigned long, RingBuffer*, RingBuffer*)
 .text._watchdogDefaultSetup
                0x00080ee0        0xc C:\Users\ryuya\AppData\Local\Temp\VMicroBuilds\MCP3208P\arduino_due_x_dbg/core.a(watchdog.cpp.o)
                0x00080ee0                _watchdogDefaultSetup
                0x00080ee0                watchdogSetup()
 .text.unlikely._ZL11USB_SendZlpv
                0x00080eec       0x20 C:\Users\ryuya\AppData\Local\Temp\VMicroBuilds\MCP3208P\arduino_due_x_dbg/core.a(USBCore.cpp.o)
 .text._Z14USBD_Availablem
                0x00080f0c       0x2c C:\Users\ryuya\AppData\Local\Temp\VMicroBuilds\MCP3208P\arduino_due_x_dbg/core.a(USBCore.cpp.o)
                0x00080f0c                USBD_Available(unsigned long)
 .text._Z9USBD_RecvmPvm
                0x00080f38       0x7c C:\Users\ryuya\AppData\Local\Temp\VMicroBuilds\MCP3208P\arduino_due_x_dbg/core.a(USBCore.cpp.o)
                0x00080f38                USBD_Recv(unsigned long, void*, unsigned long)
 .text._Z9USBD_Recvm
                0x00080fb4       0x22 C:\Users\ryuya\AppData\Local\Temp\VMicroBuilds\MCP3208P\arduino_due_x_dbg/core.a(USBCore.cpp.o)
                0x00080fb4                USBD_Recv(unsigned long)
 *fill*         0x00080fd6        0x2 
 .text._Z9USBD_SendmPKvm
                0x00080fd8       0x4c C:\Users\ryuya\AppData\Local\Temp\VMicroBuilds\MCP3208P\arduino_due_x_dbg/core.a(USBCore.cpp.o)
                0x00080fd8                USBD_Send(unsigned long, void const*, unsigned long)
 .text._Z16USBD_SendControlhPKvm
                0x00081024       0x40 C:\Users\ryuya\AppData\Local\Temp\VMicroBuilds\MCP3208P\arduino_due_x_dbg/core.a(USBCore.cpp.o)
                0x00081024                USBD_SendControl(unsigned char, void const*, unsigned long)
 .text.unlikely._ZL24USB_SendStringDescriptorPKhi
                0x00081064       0x64 C:\Users\ryuya\AppData\Local\Temp\VMicroBuilds\MCP3208P\arduino_due_x_dbg/core.a(USBCore.cpp.o)
 .text._Z16USBD_RecvControlPvm
                0x000810c8       0x1c C:\Users\ryuya\AppData\Local\Temp\VMicroBuilds\MCP3208P\arduino_due_x_dbg/core.a(USBCore.cpp.o)
                0x000810c8                USBD_RecvControl(void*, unsigned long)
 .text._Z26USBD_ClassInterfaceRequestR8USBSetup
                0x000810e4       0x1e C:\Users\ryuya\AppData\Local\Temp\VMicroBuilds\MCP3208P\arduino_due_x_dbg/core.a(USBCore.cpp.o)
                0x000810e4                USBD_ClassInterfaceRequest(USBSetup&)
 .text._Z19USBD_SendInterfacesv
                0x00081102       0x22 C:\Users\ryuya\AppData\Local\Temp\VMicroBuilds\MCP3208P\arduino_due_x_dbg/core.a(USBCore.cpp.o)
                0x00081102                USBD_SendInterfaces()
 .text._Z24USBD_SendOtherInterfacesv
                0x00081124       0x22 C:\Users\ryuya\AppData\Local\Temp\VMicroBuilds\MCP3208P\arduino_due_x_dbg/core.a(USBCore.cpp.o)
                0x00081124                USBD_SendOtherInterfaces()
 .text._Z10USBD_Flushm
                0x00081146       0x16 C:\Users\ryuya\AppData\Local\Temp\VMicroBuilds\MCP3208P\arduino_due_x_dbg/core.a(USBCore.cpp.o)
                0x00081146                USBD_Flush(unsigned long)
 .text._ZN10USBDevice_C2Ev
                0x0008115c       0x24 C:\Users\ryuya\AppData\Local\Temp\VMicroBuilds\MCP3208P\arduino_due_x_dbg/core.a(USBCore.cpp.o)
                0x0008115c                USBDevice_::USBDevice_()
                0x0008115c                USBDevice_::USBDevice_()
 .text._ZN10USBDevice_6attachEv
                0x00081180       0x20 C:\Users\ryuya\AppData\Local\Temp\VMicroBuilds\MCP3208P\arduino_due_x_dbg/core.a(USBCore.cpp.o)
                0x00081180                USBDevice_::attach()
 .text.startup._GLOBAL__sub_I_EndPoints
                0x000811a0        0xc C:\Users\ryuya\AppData\Local\Temp\VMicroBuilds\MCP3208P\arduino_due_x_dbg/core.a(USBCore.cpp.o)
 .text._ZL7USB_ISRv
                0x000811ac      0x454 C:\Users\ryuya\AppData\Local\Temp\VMicroBuilds\MCP3208P\arduino_due_x_dbg/core.a(USBCore.cpp.o)
 .text._ZN7Serial_9availableEv
                0x00081600       0x18 C:\Users\ryuya\AppData\Local\Temp\VMicroBuilds\MCP3208P\arduino_due_x_dbg/core.a(CDC.cpp.o)
                0x00081600                Serial_::available()
 .text._ZN7Serial_17availableForWriteEv
                0x00081618        0x6 C:\Users\ryuya\AppData\Local\Temp\VMicroBuilds\MCP3208P\arduino_due_x_dbg/core.a(CDC.cpp.o)
                0x00081618                Serial_::availableForWrite()
 *fill*         0x0008161e        0x2 
 .text._ZN7Serial_4peekEv
                0x00081620       0x20 C:\Users\ryuya\AppData\Local\Temp\VMicroBuilds\MCP3208P\arduino_due_x_dbg/core.a(CDC.cpp.o)
                0x00081620                Serial_::peek()
 .text._ZN7Serial_5writeEh
                0x00081640       0x16 C:\Users\ryuya\AppData\Local\Temp\VMicroBuilds\MCP3208P\arduino_due_x_dbg/core.a(CDC.cpp.o)
                0x00081640                Serial_::write(unsigned char)
 *fill*         0x00081656        0x2 
 .text._ZN7Serial_4readEv
                0x00081658       0x44 C:\Users\ryuya\AppData\Local\Temp\VMicroBuilds\MCP3208P\arduino_due_x_dbg/core.a(CDC.cpp.o)
                0x00081658                Serial_::read()
 .text._ZN7Serial_5flushEv
                0x0008169c        0x6 C:\Users\ryuya\AppData\Local\Temp\VMicroBuilds\MCP3208P\arduino_due_x_dbg/core.a(CDC.cpp.o)
                0x0008169c                Serial_::flush()
 *fill*         0x000816a2        0x2 
 .text._ZN7Serial_6acceptEv
                0x000816a4       0x70 C:\Users\ryuya\AppData\Local\Temp\VMicroBuilds\MCP3208P\arduino_due_x_dbg/core.a(CDC.cpp.o)
                0x000816a4                Serial_::accept()
 .text._ZN7Serial_5writeEPKhj
                0x00081714       0x2c C:\Users\ryuya\AppData\Local\Temp\VMicroBuilds\MCP3208P\arduino_due_x_dbg/core.a(CDC.cpp.o)
                0x00081714                Serial_::write(unsigned char const*, unsigned int)
 .text._Z16CDC_GetInterfacePh
                0x00081740       0x14 C:\Users\ryuya\AppData\Local\Temp\VMicroBuilds\MCP3208P\arduino_due_x_dbg/core.a(CDC.cpp.o)
                0x00081740                CDC_GetInterface(unsigned char*)
 .text._Z21CDC_GetOtherInterfacePh
                0x00081754       0x14 C:\Users\ryuya\AppData\Local\Temp\VMicroBuilds\MCP3208P\arduino_due_x_dbg/core.a(CDC.cpp.o)
                0x00081754                CDC_GetOtherInterface(unsigned char*)
 .text._Z9CDC_SetupR8USBSetup
                0x00081768       0x78 C:\Users\ryuya\AppData\Local\Temp\VMicroBuilds\MCP3208P\arduino_due_x_dbg/core.a(CDC.cpp.o)
                0x00081768                CDC_Setup(USBSetup&)
 .text.startup._GLOBAL__sub_I_cdc_rx_buffer
                0x000817e0       0x1c C:\Users\ryuya\AppData\Local\Temp\VMicroBuilds\MCP3208P\arduino_due_x_dbg/core.a(CDC.cpp.o)
 .text._ZN13PluggableUSB_12getInterfaceEPh
                0x000817fc       0x28 C:\Users\ryuya\AppData\Local\Temp\VMicroBuilds\MCP3208P\arduino_due_x_dbg/core.a(PluggableUSB.cpp.o)
                0x000817fc                PluggableUSB_::getInterface(unsigned char*)
 .text._ZN13PluggableUSB_13getDescriptorER8USBSetup
                0x00081824       0x1c C:\Users\ryuya\AppData\Local\Temp\VMicroBuilds\MCP3208P\arduino_due_x_dbg/core.a(PluggableUSB.cpp.o)
                0x00081824                PluggableUSB_::getDescriptor(USBSetup&)
 .text._ZN13PluggableUSB_12getShortNameEPc
                0x00081840       0x1c C:\Users\ryuya\AppData\Local\Temp\VMicroBuilds\MCP3208P\arduino_due_x_dbg/core.a(PluggableUSB.cpp.o)
                0x00081840                PluggableUSB_::getShortName(char*)
 .text._ZN13PluggableUSB_5setupER8USBSetup
                0x0008185c       0x20 C:\Users\ryuya\AppData\Local\Temp\VMicroBuilds\MCP3208P\arduino_due_x_dbg/core.a(PluggableUSB.cpp.o)
                0x0008185c                PluggableUSB_::setup(USBSetup&)
 .text._Z12PluggableUSBv
                0x0008187c       0x28 C:\Users\ryuya\AppData\Local\Temp\VMicroBuilds\MCP3208P\arduino_due_x_dbg/core.a(PluggableUSB.cpp.o)
                0x0008187c                PluggableUSB()
 .text.TimeTick_Increment
                0x000818a4       0x10 C:\Users\ryuya\AppData\Local\arduino15\packages\arduino\hardware\sam\1.6.9\variants\arduino_due_x/libsam_sam3x8e_gcc_rel.a(timetick.o)
                0x000818a4                TimeTick_Increment
 .text.GetTickCount
                0x000818b4        0xc C:\Users\ryuya\AppData\Local\arduino15\packages\arduino\hardware\sam\1.6.9\variants\arduino_due_x/libsam_sam3x8e_gcc_rel.a(timetick.o)
                0x000818b4                GetTickCount
 .text.WDT_Disable
                0x000818c0        0x8 C:\Users\ryuya\AppData\Local\arduino15\packages\arduino\hardware\sam\1.6.9\variants\arduino_due_x/libsam_sam3x8e_gcc_rel.a(wdt.o)
                0x000818c0                WDT_Disable
 .text.UDD_SetStack
                0x000818c8        0xc C:\Users\ryuya\AppData\Local\arduino15\packages\arduino\hardware\sam\1.6.9\variants\arduino_due_x/libsam_sam3x8e_gcc_rel.a(uotghs_device.o)
                0x000818c8                UDD_SetStack
 .text.UDD_Init
                0x000818d4       0xd0 C:\Users\ryuya\AppData\Local\arduino15\packages\arduino\hardware\sam\1.6.9\variants\arduino_due_x/libsam_sam3x8e_gcc_rel.a(uotghs_device.o)
                0x000818d4                UDD_Init
 .text.UDD_Attach
                0x000819a4       0x50 C:\Users\ryuya\AppData\Local\arduino15\packages\arduino\hardware\sam\1.6.9\variants\arduino_due_x/libsam_sam3x8e_gcc_rel.a(uotghs_device.o)
                0x000819a4                UDD_Attach
 .text.UDD_InitEP
                0x000819f4       0x2c C:\Users\ryuya\AppData\Local\arduino15\packages\arduino\hardware\sam\1.6.9\variants\arduino_due_x/libsam_sam3x8e_gcc_rel.a(uotghs_device.o)
                0x000819f4                UDD_InitEP
 .text.UDD_InitEndpoints
                0x00081a20       0x3c C:\Users\ryuya\AppData\Local\arduino15\packages\arduino\hardware\sam\1.6.9\variants\arduino_due_x/libsam_sam3x8e_gcc_rel.a(uotghs_device.o)
                0x00081a20                UDD_InitEndpoints
 .text.UDD_WaitIN
                0x00081a5c       0x10 C:\Users\ryuya\AppData\Local\arduino15\packages\arduino\hardware\sam\1.6.9\variants\arduino_due_x/libsam_sam3x8e_gcc_rel.a(uotghs_device.o)
                0x00081a5c                UDD_WaitIN
 .text.UDD_WaitOUT
                0x00081a6c       0x10 C:\Users\ryuya\AppData\Local\arduino15\packages\arduino\hardware\sam\1.6.9\variants\arduino_due_x/libsam_sam3x8e_gcc_rel.a(uotghs_device.o)
                0x00081a6c                UDD_WaitOUT
 .text.UDD_ClearIN
                0x00081a7c       0x18 C:\Users\ryuya\AppData\Local\arduino15\packages\arduino\hardware\sam\1.6.9\variants\arduino_due_x/libsam_sam3x8e_gcc_rel.a(uotghs_device.o)
                0x00081a7c                UDD_ClearIN
 .text.UDD_ClearOUT
                0x00081a94       0x18 C:\Users\ryuya\AppData\Local\arduino15\packages\arduino\hardware\sam\1.6.9\variants\arduino_due_x/libsam_sam3x8e_gcc_rel.a(uotghs_device.o)
                0x00081a94                UDD_ClearOUT
 .text.UDD_ReceivedSetupInt
                0x00081aac       0x10 C:\Users\ryuya\AppData\Local\arduino15\packages\arduino\hardware\sam\1.6.9\variants\arduino_due_x/libsam_sam3x8e_gcc_rel.a(uotghs_device.o)
                0x00081aac                UDD_ReceivedSetupInt
 .text.UDD_ClearSetupInt
                0x00081abc       0x10 C:\Users\ryuya\AppData\Local\arduino15\packages\arduino\hardware\sam\1.6.9\variants\arduino_due_x/libsam_sam3x8e_gcc_rel.a(uotghs_device.o)
                0x00081abc                UDD_ClearSetupInt
 .text.UDD_Send
                0x00081acc       0x88 C:\Users\ryuya\AppData\Local\arduino15\packages\arduino\hardware\sam\1.6.9\variants\arduino_due_x/libsam_sam3x8e_gcc_rel.a(uotghs_device.o)
                0x00081acc                UDD_Send
 .text.UDD_Send8
                0x00081b54       0x24 C:\Users\ryuya\AppData\Local\arduino15\packages\arduino\hardware\sam\1.6.9\variants\arduino_due_x/libsam_sam3x8e_gcc_rel.a(uotghs_device.o)
                0x00081b54                UDD_Send8
 .text.UDD_Recv8
                0x00081b78       0x28 C:\Users\ryuya\AppData\Local\arduino15\packages\arduino\hardware\sam\1.6.9\variants\arduino_due_x/libsam_sam3x8e_gcc_rel.a(uotghs_device.o)
                0x00081b78                UDD_Recv8
 .text.UDD_Recv
                0x00081ba0       0x34 C:\Users\ryuya\AppData\Local\arduino15\packages\arduino\hardware\sam\1.6.9\variants\arduino_due_x/libsam_sam3x8e_gcc_rel.a(uotghs_device.o)
                0x00081ba0                UDD_Recv
 .text.UDD_Stall
                0x00081bd4       0x14 C:\Users\ryuya\AppData\Local\arduino15\packages\arduino\hardware\sam\1.6.9\variants\arduino_due_x/libsam_sam3x8e_gcc_rel.a(uotghs_device.o)
                0x00081bd4                UDD_Stall
 .text.UDD_FifoByteCount
                0x00081be8       0x14 C:\Users\ryuya\AppData\Local\arduino15\packages\arduino\hardware\sam\1.6.9\variants\arduino_due_x/libsam_sam3x8e_gcc_rel.a(uotghs_device.o)
                0x00081be8                UDD_FifoByteCount
 .text.UDD_ReleaseRX
                0x00081bfc       0x28 C:\Users\ryuya\AppData\Local\arduino15\packages\arduino\hardware\sam\1.6.9\variants\arduino_due_x/libsam_sam3x8e_gcc_rel.a(uotghs_device.o)
                0x00081bfc                UDD_ReleaseRX
 .text.UDD_ReleaseTX
                0x00081c24       0x28 C:\Users\ryuya\AppData\Local\arduino15\packages\arduino\hardware\sam\1.6.9\variants\arduino_due_x/libsam_sam3x8e_gcc_rel.a(uotghs_device.o)
                0x00081c24                UDD_ReleaseTX
 .text.UDD_SetAddress
                0x00081c4c       0x20 C:\Users\ryuya\AppData\Local\arduino15\packages\arduino\hardware\sam\1.6.9\variants\arduino_due_x/libsam_sam3x8e_gcc_rel.a(uotghs_device.o)
                0x00081c4c                UDD_SetAddress
 .text.__libc_init_array
                0x00081c6c       0x50 c:/users/ryuya/appdata/local/arduino15/packages/arduino/tools/arm-none-eabi-gcc/4.8.3-2014q1/bin/../lib/gcc/arm-none-eabi/4.8.3/../../../../arm-none-eabi/lib/armv7-m\libg.a(lib_a-init.o)
                0x00081c6c                __libc_init_array
 .text.iprintf  0x00081cbc       0x28 c:/users/ryuya/appdata/local/arduino15/packages/arduino/tools/arm-none-eabi-gcc/4.8.3-2014q1/bin/../lib/gcc/arm-none-eabi/4.8.3/../../../../arm-none-eabi/lib/armv7-m\libg.a(lib_a-iprintf.o)
                0x00081cbc                iprintf
 .text.memset   0x00081ce4       0x94 c:/users/ryuya/appdata/local/arduino15/packages/arduino/tools/arm-none-eabi-gcc/4.8.3-2014q1/bin/../lib/gcc/arm-none-eabi/4.8.3/../../../../arm-none-eabi/lib/armv7-m\libg.a(lib_a-memset.o)
                0x00081ce4                memset
 .text.strlen   0x00081d78       0x60 c:/users/ryuya/appdata/local/arduino15/packages/arduino/tools/arm-none-eabi-gcc/4.8.3-2014q1/bin/../lib/gcc/arm-none-eabi/4.8.3/../../../../arm-none-eabi/lib/armv7-m\libg.a(lib_a-strlen.o)
                0x00081d78                strlen
 .text.kill     0x00081dd8       0x10 c:/users/ryuya/appdata/local/arduino15/packages/arduino/tools/arm-none-eabi-gcc/4.8.3-2014q1/bin/../lib/gcc/arm-none-eabi/4.8.3/../../../../arm-none-eabi/lib/armv7-m\libg.a(lib_a-syskill.o)
                0x00081dd8                kill
 .text.__sprint_r.part.0
                0x00081de8       0x78 c:/users/ryuya/appdata/local/arduino15/packages/arduino/tools/arm-none-eabi-gcc/4.8.3-2014q1/bin/../lib/gcc/arm-none-eabi/4.8.3/../../../../arm-none-eabi/lib/armv7-m\libg.a(lib_a-vfiprintf.o)
 .text._vfiprintf_r
                0x00081e60      0xc54 c:/users/ryuya/appdata/local/arduino15/packages/arduino/tools/arm-none-eabi-gcc/4.8.3-2014q1/bin/../lib/gcc/arm-none-eabi/4.8.3/../../../../arm-none-eabi/lib/armv7-m\libg.a(lib_a-vfiprintf.o)
                0x00081e60                _vfiprintf_r
 .text.__sbprintf
                0x00082ab4       0x7c c:/users/ryuya/appdata/local/arduino15/packages/arduino/tools/arm-none-eabi-gcc/4.8.3-2014q1/bin/../lib/gcc/arm-none-eabi/4.8.3/../../../../arm-none-eabi/lib/armv7-m\libg.a(lib_a-vfiprintf.o)
 .text.__swsetup_r
                0x00082b30       0xc4 c:/users/ryuya/appdata/local/arduino15/packages/arduino/tools/arm-none-eabi-gcc/4.8.3-2014q1/bin/../lib/gcc/arm-none-eabi/4.8.3/../../../../arm-none-eabi/lib/armv7-m\libg.a(lib_a-wsetup.o)
                0x00082b30                __swsetup_r
 .text.startup.register_fini
                0x00082bf4       0x14 c:/users/ryuya/appdata/local/arduino15/packages/arduino/tools/arm-none-eabi-gcc/4.8.3-2014q1/bin/../lib/gcc/arm-none-eabi/4.8.3/../../../../arm-none-eabi/lib/armv7-m\libg.a(lib_a-__call_atexit.o)
 .text.atexit   0x00082c08        0xc c:/users/ryuya/appdata/local/arduino15/packages/arduino/tools/arm-none-eabi-gcc/4.8.3-2014q1/bin/../lib/gcc/arm-none-eabi/4.8.3/../../../../arm-none-eabi/lib/armv7-m\libg.a(lib_a-atexit.o)
                0x00082c08                atexit
 .text.__sflush_r
                0x00082c14      0x148 c:/users/ryuya/appdata/local/arduino15/packages/arduino/tools/arm-none-eabi-gcc/4.8.3-2014q1/bin/../lib/gcc/arm-none-eabi/4.8.3/../../../../arm-none-eabi/lib/armv7-m\libg.a(lib_a-fflush.o)
                0x00082c14                __sflush_r
 .text._fflush_r
                0x00082d5c       0x2c c:/users/ryuya/appdata/local/arduino15/packages/arduino/tools/arm-none-eabi-gcc/4.8.3-2014q1/bin/../lib/gcc/arm-none-eabi/4.8.3/../../../../arm-none-eabi/lib/armv7-m\libg.a(lib_a-fflush.o)
                0x00082d5c                _fflush_r
 .text._cleanup_r
                0x00082d88        0xc c:/users/ryuya/appdata/local/arduino15/packages/arduino/tools/arm-none-eabi-gcc/4.8.3-2014q1/bin/../lib/gcc/arm-none-eabi/4.8.3/../../../../arm-none-eabi/lib/armv7-m\libg.a(lib_a-findfp.o)
                0x00082d88                _cleanup_r
 .text.__sinit  0x00082d94       0xf4 c:/users/ryuya/appdata/local/arduino15/packages/arduino/tools/arm-none-eabi-gcc/4.8.3-2014q1/bin/../lib/gcc/arm-none-eabi/4.8.3/../../../../arm-none-eabi/lib/armv7-m\libg.a(lib_a-findfp.o)
                0x00082d94                __sinit
 .text.__sfp_lock_acquire
                0x00082e88        0x4 c:/users/ryuya/appdata/local/arduino15/packages/arduino/tools/arm-none-eabi-gcc/4.8.3-2014q1/bin/../lib/gcc/arm-none-eabi/4.8.3/../../../../arm-none-eabi/lib/armv7-m\libg.a(lib_a-findfp.o)
                0x00082e88                __sfp_lock_acquire
 .text.__sfp_lock_release
                0x00082e8c        0x4 c:/users/ryuya/appdata/local/arduino15/packages/arduino/tools/arm-none-eabi-gcc/4.8.3-2014q1/bin/../lib/gcc/arm-none-eabi/4.8.3/../../../../arm-none-eabi/lib/armv7-m\libg.a(lib_a-findfp.o)
                0x00082e8c                __sfp_lock_release
 .text.__libc_fini_array
                0x00082e90       0x30 c:/users/ryuya/appdata/local/arduino15/packages/arduino/tools/arm-none-eabi-gcc/4.8.3-2014q1/bin/../lib/gcc/arm-none-eabi/4.8.3/../../../../arm-none-eabi/lib/armv7-m\libg.a(lib_a-fini.o)
                0x00082e90                __libc_fini_array
 .text._fputwc_r
                0x00082ec0       0xc0 c:/users/ryuya/appdata/local/arduino15/packages/arduino/tools/arm-none-eabi-gcc/4.8.3-2014q1/bin/../lib/gcc/arm-none-eabi/4.8.3/../../../../arm-none-eabi/lib/armv7-m\libg.a(lib_a-fputwc.o)
                0x00082ec0                _fputwc_r
 .text._malloc_trim_r
                0x00082f80       0x9c c:/users/ryuya/appdata/local/arduino15/packages/arduino/tools/arm-none-eabi-gcc/4.8.3-2014q1/bin/../lib/gcc/arm-none-eabi/4.8.3/../../../../arm-none-eabi/lib/armv7-m\libg.a(lib_a-freer.o)
                0x00082f80                _malloc_trim_r
 .text._free_r  0x0008301c      0x198 c:/users/ryuya/appdata/local/arduino15/packages/arduino/tools/arm-none-eabi-gcc/4.8.3-2014q1/bin/../lib/gcc/arm-none-eabi/4.8.3/../../../../arm-none-eabi/lib/armv7-m\libg.a(lib_a-freer.o)
                0x0008301c                _free_r
 .text.__sfvwrite_r
                0x000831b4      0x314 c:/users/ryuya/appdata/local/arduino15/packages/arduino/tools/arm-none-eabi-gcc/4.8.3-2014q1/bin/../lib/gcc/arm-none-eabi/4.8.3/../../../../arm-none-eabi/lib/armv7-m\libg.a(lib_a-fvwrite.o)
                0x000831b4                __sfvwrite_r
 .text._fwalk   0x000834c8       0x48 c:/users/ryuya/appdata/local/arduino15/packages/arduino/tools/arm-none-eabi-gcc/4.8.3-2014q1/bin/../lib/gcc/arm-none-eabi/4.8.3/../../../../arm-none-eabi/lib/armv7-m\libg.a(lib_a-fwalk.o)
                0x000834c8                _fwalk
 .text.__locale_charset
                0x00083510        0x8 c:/users/ryuya/appdata/local/arduino15/packages/arduino/tools/arm-none-eabi-gcc/4.8.3-2014q1/bin/../lib/gcc/arm-none-eabi/4.8.3/../../../../arm-none-eabi/lib/armv7-m\libg.a(lib_a-locale.o)
                0x00083510                __locale_charset
 .text.__locale_mb_cur_max
                0x00083518        0xc c:/users/ryuya/appdata/local/arduino15/packages/arduino/tools/arm-none-eabi-gcc/4.8.3-2014q1/bin/../lib/gcc/arm-none-eabi/4.8.3/../../../../arm-none-eabi/lib/armv7-m\libg.a(lib_a-locale.o)
                0x00083518                __locale_mb_cur_max
 .text.__smakebuf_r
                0x00083524       0xe0 c:/users/ryuya/appdata/local/arduino15/packages/arduino/tools/arm-none-eabi-gcc/4.8.3-2014q1/bin/../lib/gcc/arm-none-eabi/4.8.3/../../../../arm-none-eabi/lib/armv7-m\libg.a(lib_a-makebuf.o)
                0x00083524                __smakebuf_r
 .text._malloc_r
                0x00083604      0x538 c:/users/ryuya/appdata/local/arduino15/packages/arduino/tools/arm-none-eabi-gcc/4.8.3-2014q1/bin/../lib/gcc/arm-none-eabi/4.8.3/../../../../arm-none-eabi/lib/armv7-m\libg.a(lib_a-mallocr.o)
                0x00083604                _malloc_r
 .text.memchr   0x00083b3c       0x94 c:/users/ryuya/appdata/local/arduino15/packages/arduino/tools/arm-none-eabi-gcc/4.8.3-2014q1/bin/../lib/gcc/arm-none-eabi/4.8.3/../../../../arm-none-eabi/lib/armv7-m\libg.a(lib_a-memchr-stub.o)
                0x00083b3c                memchr
 .text          0x00083bd0       0xec c:/users/ryuya/appdata/local/arduino15/packages/arduino/tools/arm-none-eabi-gcc/4.8.3-2014q1/bin/../lib/gcc/arm-none-eabi/4.8.3/../../../../arm-none-eabi/lib/armv7-m\libg.a(lib_a-memcpy.o)
                0x00083bd0                memcpy
 .text.memmove  0x00083cbc       0xcc c:/users/ryuya/appdata/local/arduino15/packages/arduino/tools/arm-none-eabi-gcc/4.8.3-2014q1/bin/../lib/gcc/arm-none-eabi/4.8.3/../../../../arm-none-eabi/lib/armv7-m\libg.a(lib_a-memmove.o)
                0x00083cbc                memmove
 .text.__malloc_lock
                0x00083d88        0x4 c:/users/ryuya/appdata/local/arduino15/packages/arduino/tools/arm-none-eabi-gcc/4.8.3-2014q1/bin/../lib/gcc/arm-none-eabi/4.8.3/../../../../arm-none-eabi/lib/armv7-m\libg.a(lib_a-mlock.o)
                0x00083d88                __malloc_lock
 .text.__malloc_unlock
                0x00083d8c        0x4 c:/users/ryuya/appdata/local/arduino15/packages/arduino/tools/arm-none-eabi-gcc/4.8.3-2014q1/bin/../lib/gcc/arm-none-eabi/4.8.3/../../../../arm-none-eabi/lib/armv7-m\libg.a(lib_a-mlock.o)
                0x00083d8c                __malloc_unlock
 .text._realloc_r
                0x00083d90      0x3c0 c:/users/ryuya/appdata/local/arduino15/packages/arduino/tools/arm-none-eabi-gcc/4.8.3-2014q1/bin/../lib/gcc/arm-none-eabi/4.8.3/../../../../arm-none-eabi/lib/armv7-m\libg.a(lib_a-reallocr.o)
                0x00083d90                _realloc_r
 .text._sbrk_r  0x00084150       0x24 c:/users/ryuya/appdata/local/arduino15/packages/arduino/tools/arm-none-eabi-gcc/4.8.3-2014q1/bin/../lib/gcc/arm-none-eabi/4.8.3/../../../../arm-none-eabi/lib/armv7-m\libg.a(lib_a-sbrkr.o)
                0x00084150                _sbrk_r
 .text._kill_r  0x00084174       0x28 c:/users/ryuya/appdata/local/arduino15/packages/arduino/tools/arm-none-eabi-gcc/4.8.3-2014q1/bin/../lib/gcc/arm-none-eabi/4.8.3/../../../../arm-none-eabi/lib/armv7-m\libg.a(lib_a-signalr.o)
                0x00084174                _kill_r
 .text.__sread  0x0008419c       0x24 c:/users/ryuya/appdata/local/arduino15/packages/arduino/tools/arm-none-eabi-gcc/4.8.3-2014q1/bin/../lib/gcc/arm-none-eabi/4.8.3/../../../../arm-none-eabi/lib/armv7-m\libg.a(lib_a-stdio.o)
                0x0008419c                __sread
 .text.__swrite
                0x000841c0       0x38 c:/users/ryuya/appdata/local/arduino15/packages/arduino/tools/arm-none-eabi-gcc/4.8.3-2014q1/bin/../lib/gcc/arm-none-eabi/4.8.3/../../../../arm-none-eabi/lib/armv7-m\libg.a(lib_a-stdio.o)
                0x000841c0                __swrite
 .text.__sseek  0x000841f8       0x20 c:/users/ryuya/appdata/local/arduino15/packages/arduino/tools/arm-none-eabi-gcc/4.8.3-2014q1/bin/../lib/gcc/arm-none-eabi/4.8.3/../../../../arm-none-eabi/lib/armv7-m\libg.a(lib_a-stdio.o)
                0x000841f8                __sseek
 .text.__sclose
                0x00084218        0x8 c:/users/ryuya/appdata/local/arduino15/packages/arduino/tools/arm-none-eabi-gcc/4.8.3-2014q1/bin/../lib/gcc/arm-none-eabi/4.8.3/../../../../arm-none-eabi/lib/armv7-m\libg.a(lib_a-stdio.o)
                0x00084218                __sclose
 .text.__swbuf_r
                0x00084220       0xa8 c:/users/ryuya/appdata/local/arduino15/packages/arduino/tools/arm-none-eabi-gcc/4.8.3-2014q1/bin/../lib/gcc/arm-none-eabi/4.8.3/../../../../arm-none-eabi/lib/armv7-m\libg.a(lib_a-wbuf.o)
                0x00084220                __swbuf_r
 .text._wcrtomb_r
                0x000842c8       0x50 c:/users/ryuya/appdata/local/arduino15/packages/arduino/tools/arm-none-eabi-gcc/4.8.3-2014q1/bin/../lib/gcc/arm-none-eabi/4.8.3/../../../../arm-none-eabi/lib/armv7-m\libg.a(lib_a-wcrtomb.o)
                0x000842c8                _wcrtomb_r
 .text.__ascii_wctomb
                0x00084318       0x1c c:/users/ryuya/appdata/local/arduino15/packages/arduino/tools/arm-none-eabi-gcc/4.8.3-2014q1/bin/../lib/gcc/arm-none-eabi/4.8.3/../../../../arm-none-eabi/lib/armv7-m\libg.a(lib_a-wctomb_r.o)
                0x00084318                __ascii_wctomb
 .text._write_r
                0x00084334       0x28 c:/users/ryuya/appdata/local/arduino15/packages/arduino/tools/arm-none-eabi-gcc/4.8.3-2014q1/bin/../lib/gcc/arm-none-eabi/4.8.3/../../../../arm-none-eabi/lib/armv7-m\libg.a(lib_a-writer.o)
                0x00084334                _write_r
 .text.__register_exitproc
                0x0008435c       0xa8 c:/users/ryuya/appdata/local/arduino15/packages/arduino/tools/arm-none-eabi-gcc/4.8.3-2014q1/bin/../lib/gcc/arm-none-eabi/4.8.3/../../../../arm-none-eabi/lib/armv7-m\libg.a(lib_a-__atexit.o)
                0x0008435c                __register_exitproc
 .text._close_r
                0x00084404       0x24 c:/users/ryuya/appdata/local/arduino15/packages/arduino/tools/arm-none-eabi-gcc/4.8.3-2014q1/bin/../lib/gcc/arm-none-eabi/4.8.3/../../../../arm-none-eabi/lib/armv7-m\libg.a(lib_a-closer.o)
                0x00084404                _close_r
 .text._fclose_r
                0x00084428       0x80 c:/users/ryuya/appdata/local/arduino15/packages/arduino/tools/arm-none-eabi-gcc/4.8.3-2014q1/bin/../lib/gcc/arm-none-eabi/4.8.3/../../../../arm-none-eabi/lib/armv7-m\libg.a(lib_a-fclose.o)
                0x00084428                _fclose_r
 .text.fclose   0x000844a8       0x10 c:/users/ryuya/appdata/local/arduino15/packages/arduino/tools/arm-none-eabi-gcc/4.8.3-2014q1/bin/../lib/gcc/arm-none-eabi/4.8.3/../../../../arm-none-eabi/lib/armv7-m\libg.a(lib_a-fclose.o)
                0x000844a8                fclose
 .text._fstat_r
                0x000844b8       0x28 c:/users/ryuya/appdata/local/arduino15/packages/arduino/tools/arm-none-eabi-gcc/4.8.3-2014q1/bin/../lib/gcc/arm-none-eabi/4.8.3/../../../../arm-none-eabi/lib/armv7-m\libg.a(lib_a-fstatr.o)
                0x000844b8                _fstat_r
 .text._isatty_r
                0x000844e0       0x24 c:/users/ryuya/appdata/local/arduino15/packages/arduino/tools/arm-none-eabi-gcc/4.8.3-2014q1/bin/../lib/gcc/arm-none-eabi/4.8.3/../../../../arm-none-eabi/lib/armv7-m\libg.a(lib_a-isattyr.o)
                0x000844e0                _isatty_r
 .text._lseek_r
                0x00084504       0x28 c:/users/ryuya/appdata/local/arduino15/packages/arduino/tools/arm-none-eabi-gcc/4.8.3-2014q1/bin/../lib/gcc/arm-none-eabi/4.8.3/../../../../arm-none-eabi/lib/armv7-m\libg.a(lib_a-lseekr.o)
                0x00084504                _lseek_r
 .text._read_r  0x0008452c       0x28 c:/users/ryuya/appdata/local/arduino15/packages/arduino/tools/arm-none-eabi-gcc/4.8.3-2014q1/bin/../lib/gcc/arm-none-eabi/4.8.3/../../../../arm-none-eabi/lib/armv7-m\libg.a(lib_a-readr.o)
                0x0008452c                _read_r
 .text          0x00084554       0x2c c:/users/ryuya/appdata/local/arduino15/packages/arduino/tools/arm-none-eabi-gcc/4.8.3-2014q1/bin/../lib/gcc/arm-none-eabi/4.8.3/armv7-m\libgcc.a(_aeabi_uldivmod.o)
                0x00084554                __aeabi_uldivmod
 .text          0x00084580       0x60 c:/users/ryuya/appdata/local/arduino15/packages/arduino/tools/arm-none-eabi-gcc/4.8.3-2014q1/bin/../lib/gcc/arm-none-eabi/4.8.3/armv7-m\libgcc.a(bpabi.o)
                0x00084580                __gnu_ldivmod_helper
                0x000845b0                __gnu_uldivmod_helper
 .text          0x000845e0        0x4 c:/users/ryuya/appdata/local/arduino15/packages/arduino/tools/arm-none-eabi-gcc/4.8.3-2014q1/bin/../lib/gcc/arm-none-eabi/4.8.3/armv7-m\libgcc.a(_dvmd_tls.o)
                0x000845e0                __aeabi_idiv0
                0x000845e0                __aeabi_ldiv0
 .text          0x000845e4      0x2a0 c:/users/ryuya/appdata/local/arduino15/packages/arduino/tools/arm-none-eabi-gcc/4.8.3-2014q1/bin/../lib/gcc/arm-none-eabi/4.8.3/armv7-m\libgcc.a(_divdi3.o)
                0x000845e4                __divdi3
 .text          0x00084884      0x290 c:/users/ryuya/appdata/local/arduino15/packages/arduino/tools/arm-none-eabi-gcc/4.8.3-2014q1/bin/../lib/gcc/arm-none-eabi/4.8.3/armv7-m\libgcc.a(_udivdi3.o)
                0x00084884                __udivdi3
 *(.glue_7t)
 .glue_7t       0x00000000        0x0 linker stubs
 *(.glue_7)
 .glue_7        0x00000000        0x0 linker stubs
 *(.rodata .rodata* .gnu.linkonce.r.*)
 .rodata.str1.1
                0x00084b14        0x7 C:\Users\ryuya\AppData\Local\Temp\VMicroBuilds\MCP3208P\arduino_due_x_dbg\MCP3208P.cpp.o
 *fill*         0x00084b1b        0x1 
 .rodata.g_APinDescription
                0x00084b1c      0xa2c C:\Users\ryuya\AppData\Local\Temp\VMicroBuilds\MCP3208P\arduino_due_x_dbg\variant\variant.cpp.o
                0x00084b1c                g_APinDescription
 .rodata        0x00085548       0x40 C:\Users\ryuya\AppData\Local\arduino15\packages\arduino\hardware\sam\1.6.9\variants\arduino_due_x/libsam_sam3x8e_gcc_rel.a(adc.o)
 .rodata.str1.1
                0x00085588       0x19 C:\Users\ryuya\AppData\Local\Temp\VMicroBuilds\MCP3208P\arduino_due_x_dbg/core.a(syscalls_sam3.c.o)
 .rodata.str1.1
                0x000855a1       0x11 C:\Users\ryuya\AppData\Local\Temp\VMicroBuilds\MCP3208P\arduino_due_x_dbg/core.a(Print.cpp.o)
 *fill*         0x000855b2        0x6 
 .rodata._ZTV9UARTClass
                0x000855b8       0x30 C:\Users\ryuya\AppData\Local\Temp\VMicroBuilds\MCP3208P\arduino_due_x_dbg/core.a(UARTClass.cpp.o)
                0x000855b8                vtable for UARTClass
 .rodata._ZTV10USARTClass
                0x000855e8       0x30 C:\Users\ryuya\AppData\Local\Temp\VMicroBuilds\MCP3208P\arduino_due_x_dbg/core.a(USARTClass.cpp.o)
                0x000855e8                vtable for USARTClass
 .rodata.STRING_PRODUCT
                0x00085618        0xc C:\Users\ryuya\AppData\Local\Temp\VMicroBuilds\MCP3208P\arduino_due_x_dbg/core.a(USBCore.cpp.o)
                0x00085618                STRING_PRODUCT
 .rodata.USB_DeviceDescriptor
                0x00085624       0x12 C:\Users\ryuya\AppData\Local\Temp\VMicroBuilds\MCP3208P\arduino_due_x_dbg/core.a(USBCore.cpp.o)
                0x00085624                USB_DeviceDescriptor
 .rodata.STRING_LANGUAGE
                0x00085636        0x4 C:\Users\ryuya\AppData\Local\Temp\VMicroBuilds\MCP3208P\arduino_due_x_dbg/core.a(USBCore.cpp.o)
                0x00085636                STRING_LANGUAGE
 .rodata._ZL18test_packet_buffer
                0x0008563a       0x35 C:\Users\ryuya\AppData\Local\Temp\VMicroBuilds\MCP3208P\arduino_due_x_dbg/core.a(USBCore.cpp.o)
 .rodata.STRING_MANUFACTURER
                0x0008566f        0xc C:\Users\ryuya\AppData\Local\Temp\VMicroBuilds\MCP3208P\arduino_due_x_dbg/core.a(USBCore.cpp.o)
                0x0008566f                STRING_MANUFACTURER
 .rodata.USB_DeviceDescriptorA
                0x0008567b       0x12 C:\Users\ryuya\AppData\Local\Temp\VMicroBuilds\MCP3208P\arduino_due_x_dbg/core.a(USBCore.cpp.o)
                0x0008567b                USB_DeviceDescriptorA
 .rodata._ZL19USB_DeviceQualifier
                0x0008568d        0x9 C:\Users\ryuya\AppData\Local\Temp\VMicroBuilds\MCP3208P\arduino_due_x_dbg/core.a(USBCore.cpp.o)
 *fill*         0x00085696        0x2 
 .rodata._ZTV7Serial_
                0x00085698       0x28 C:\Users\ryuya\AppData\Local\Temp\VMicroBuilds\MCP3208P\arduino_due_x_dbg/core.a(CDC.cpp.o)
                0x00085698                vtable for Serial_
 .rodata._ZL18_cdcOtherInterface
                0x000856c0       0x42 C:\Users\ryuya\AppData\Local\Temp\VMicroBuilds\MCP3208P\arduino_due_x_dbg/core.a(CDC.cpp.o)
 .rodata._ZL13_cdcInterface
                0x00085702       0x42 C:\Users\ryuya\AppData\Local\Temp\VMicroBuilds\MCP3208P\arduino_due_x_dbg/core.a(CDC.cpp.o)
 .rodata.str1.4
                0x00085744        0x2 c:/users/ryuya/appdata/local/arduino15/packages/arduino/tools/arm-none-eabi-gcc/4.8.3-2014q1/bin/../lib/gcc/arm-none-eabi/4.8.3/../../../../arm-none-eabi/lib/armv7-m\libg.a(lib_a-impure.o)
                                  0x4 (size before relaxing)
 *fill*         0x00085746        0x2 
 .rodata._global_impure_ptr
                0x00085748        0x4 c:/users/ryuya/appdata/local/arduino15/packages/arduino/tools/arm-none-eabi-gcc/4.8.3-2014q1/bin/../lib/gcc/arm-none-eabi/4.8.3/../../../../arm-none-eabi/lib/armv7-m\libg.a(lib_a-impure.o)
                0x00085748                _global_impure_ptr
 .rodata.blanks.6717
                0x0008574c       0x10 c:/users/ryuya/appdata/local/arduino15/packages/arduino/tools/arm-none-eabi-gcc/4.8.3-2014q1/bin/../lib/gcc/arm-none-eabi/4.8.3/../../../../arm-none-eabi/lib/armv7-m\libg.a(lib_a-vfiprintf.o)
 .rodata.str1.4
                0x0008575c       0x30 c:/users/ryuya/appdata/local/arduino15/packages/arduino/tools/arm-none-eabi-gcc/4.8.3-2014q1/bin/../lib/gcc/arm-none-eabi/4.8.3/../../../../arm-none-eabi/lib/armv7-m\libg.a(lib_a-vfiprintf.o)
 .rodata.zeroes.6718
                0x0008578c       0x10 c:/users/ryuya/appdata/local/arduino15/packages/arduino/tools/arm-none-eabi-gcc/4.8.3-2014q1/bin/../lib/gcc/arm-none-eabi/4.8.3/../../../../arm-none-eabi/lib/armv7-m\libg.a(lib_a-vfiprintf.o)
 *(.ARM.extab* .gnu.linkonce.armextab.*)
                0x0008579c                . = ALIGN (0x4)
 *(.init)
 .init          0x0008579c        0x4 c:/users/ryuya/appdata/local/arduino15/packages/arduino/tools/arm-none-eabi-gcc/4.8.3-2014q1/bin/../lib/gcc/arm-none-eabi/4.8.3/armv7-m/crti.o
                0x0008579c                _init
 .init          0x000857a0        0x8 c:/users/ryuya/appdata/local/arduino15/packages/arduino/tools/arm-none-eabi-gcc/4.8.3-2014q1/bin/../lib/gcc/arm-none-eabi/4.8.3/armv7-m/crtn.o
                0x000857a8                . = ALIGN (0x4)
                0x000857a8                __preinit_array_start = .
 *(.preinit_array)
                0x000857a8                __preinit_array_end = .
                0x000857a8                . = ALIGN (0x4)
                0x000857a8                __init_array_start = .
 *(SORT(.init_array.*))
 .init_array.00000
                0x000857a8        0x4 c:/users/ryuya/appdata/local/arduino15/packages/arduino/tools/arm-none-eabi-gcc/4.8.3-2014q1/bin/../lib/gcc/arm-none-eabi/4.8.3/../../../../arm-none-eabi/lib/armv7-m\libg.a(lib_a-__call_atexit.o)
 *(.init_array)
 .init_array    0x000857ac        0x4 c:/users/ryuya/appdata/local/arduino15/packages/arduino/tools/arm-none-eabi-gcc/4.8.3-2014q1/bin/../lib/gcc/arm-none-eabi/4.8.3/armv7-m/crtbegin.o
 .init_array    0x000857b0        0x4 C:\Users\ryuya\AppData\Local\Temp\VMicroBuilds\MCP3208P\arduino_due_x_dbg\variant\variant.cpp.o
 .init_array    0x000857b4        0x4 C:\Users\ryuya\AppData\Local\Temp\VMicroBuilds\MCP3208P\arduino_due_x_dbg/core.a(USBCore.cpp.o)
 .init_array    0x000857b8        0x4 C:\Users\ryuya\AppData\Local\Temp\VMicroBuilds\MCP3208P\arduino_due_x_dbg/core.a(CDC.cpp.o)
                0x000857bc                __init_array_end = .
                0x000857bc                . = ALIGN (0x4)
 *crtbegin.o(.ctors)
 *(EXCLUDE_FILE(*crtend.o) .ctors)
 *(SORT(.ctors.*))
 *crtend.o(.ctors)
                0x000857bc                . = ALIGN (0x4)
 *(.fini)
 .fini          0x000857bc        0x4 c:/users/ryuya/appdata/local/arduino15/packages/arduino/tools/arm-none-eabi-gcc/4.8.3-2014q1/bin/../lib/gcc/arm-none-eabi/4.8.3/armv7-m/crti.o
                0x000857bc                _fini
 .fini          0x000857c0        0x8 c:/users/ryuya/appdata/local/arduino15/packages/arduino/tools/arm-none-eabi-gcc/4.8.3-2014q1/bin/../lib/gcc/arm-none-eabi/4.8.3/armv7-m/crtn.o
                0x000857c8                . = ALIGN (0x4)
                0x000857c8                __fini_array_start = .
 *(.fini_array)
 .fini_array    0x000857c8        0x4 c:/users/ryuya/appdata/local/arduino15/packages/arduino/tools/arm-none-eabi-gcc/4.8.3-2014q1/bin/../lib/gcc/arm-none-eabi/4.8.3/armv7-m/crtbegin.o
 *(SORT(.fini_array.*))
                0x000857cc                __fini_array_end = .
 *crtbegin.o(.dtors)
 *(EXCLUDE_FILE(*crtend.o) .dtors)
 *(SORT(.dtors.*))
 *crtend.o(.dtors)
                0x000857cc                . = ALIGN (0x4)
                0x000857cc                _efixed = .
                0x000857cc                PROVIDE (__exidx_start, .)

.vfp11_veneer   0x000857cc        0x0
 .vfp11_veneer  0x00000000        0x0 linker stubs

.v4_bx          0x000857cc        0x0
 .v4_bx         0x00000000        0x0 linker stubs

.iplt           0x000857cc        0x0
 .iplt          0x00000000        0x0 c:/users/ryuya/appdata/local/arduino15/packages/arduino/tools/arm-none-eabi-gcc/4.8.3-2014q1/bin/../lib/gcc/arm-none-eabi/4.8.3/armv7-m/crtbegin.o

.ARM.exidx      0x000857cc        0x8
 *(.ARM.exidx* .gnu.linkonce.armexidx.*)
 .ARM.exidx     0x000857cc        0x8 c:/users/ryuya/appdata/local/arduino15/packages/arduino/tools/arm-none-eabi-gcc/4.8.3-2014q1/bin/../lib/gcc/arm-none-eabi/4.8.3/armv7-m\libgcc.a(_divdi3.o)
 .ARM.exidx     0x000857d4        0x0 c:/users/ryuya/appdata/local/arduino15/packages/arduino/tools/arm-none-eabi-gcc/4.8.3-2014q1/bin/../lib/gcc/arm-none-eabi/4.8.3/armv7-m\libgcc.a(_udivdi3.o)
                                  0x8 (size before relaxing)
                0x000857d4                PROVIDE (__exidx_end, .)

.eh_frame       0x000857d4        0x0
 .eh_frame      0x000857d4        0x0 c:/users/ryuya/appdata/local/arduino15/packages/arduino/tools/arm-none-eabi-gcc/4.8.3-2014q1/bin/../lib/gcc/arm-none-eabi/4.8.3/armv7-m/crtbegin.o

.rel.dyn        0x000857d4        0x0
 .rel.iplt      0x00000000        0x0 c:/users/ryuya/appdata/local/arduino15/packages/arduino/tools/arm-none-eabi-gcc/4.8.3-2014q1/bin/../lib/gcc/arm-none-eabi/4.8.3/armv7-m/crtbegin.o

.jcr            0x000857d4        0x0
 .jcr           0x000857d4        0x0 c:/users/ryuya/appdata/local/arduino15/packages/arduino/tools/arm-none-eabi-gcc/4.8.3-2014q1/bin/../lib/gcc/arm-none-eabi/4.8.3/armv7-m/crtbegin.o

.igot.plt       0x000857d4        0x0
 .igot.plt      0x00000000        0x0 c:/users/ryuya/appdata/local/arduino15/packages/arduino/tools/arm-none-eabi-gcc/4.8.3-2014q1/bin/../lib/gcc/arm-none-eabi/4.8.3/armv7-m/crtbegin.o
                0x000857d4                . = ALIGN (0x4)
                0x000857d4                _etext = .

.relocate       0x20070000      0x8e4 load address 0x000857d4
                0x20070000                . = ALIGN (0x4)
                0x20070000                _srelocate = .
 *(.ramfunc .ramfunc.*)
 .ramfunc       0x20070000       0x2c C:\Users\ryuya\AppData\Local\Temp\VMicroBuilds\MCP3208P\arduino_due_x_dbg/core.a(Reset.cpp.o)
                0x20070000                banzai
 *(.data .data.*)
 .data.misoPin  0x2007002c        0x4 C:\Users\ryuya\AppData\Local\Temp\VMicroBuilds\MCP3208P\arduino_due_x_dbg\MCP3208P.cpp.o
                0x2007002c                misoPin
 .data.csPin    0x20070030        0x4 C:\Users\ryuya\AppData\Local\Temp\VMicroBuilds\MCP3208P\arduino_due_x_dbg\MCP3208P.cpp.o
                0x20070030                csPin
 .data.mosiPin  0x20070034        0x4 C:\Users\ryuya\AppData\Local\Temp\VMicroBuilds\MCP3208P\arduino_due_x_dbg\MCP3208P.cpp.o
                0x20070034                mosiPin
 .data.clockPin
                0x20070038        0x4 C:\Users\ryuya\AppData\Local\Temp\VMicroBuilds\MCP3208P\arduino_due_x_dbg\MCP3208P.cpp.o
                0x20070038                clockPin
 .data.SystemCoreClock
                0x2007003c        0x4 C:\Users\ryuya\AppData\Local\arduino15\packages\arduino\hardware\sam\1.6.9\variants\arduino_due_x/libsam_sam3x8e_gcc_rel.a(system_sam3xa.o)
                0x2007003c                SystemCoreClock
 .data._ZL5ticks
                0x20070040        0x4 C:\Users\ryuya\AppData\Local\Temp\VMicroBuilds\MCP3208P\arduino_due_x_dbg/core.a(Reset.cpp.o)
 .data.EndPoints
                0x20070044       0x28 C:\Users\ryuya\AppData\Local\Temp\VMicroBuilds\MCP3208P\arduino_due_x_dbg/core.a(USBCore.cpp.o)
                0x20070044                EndPoints
 .data._ZL10breakValue
                0x2007006c        0x4 C:\Users\ryuya\AppData\Local\Temp\VMicroBuilds\MCP3208P\arduino_due_x_dbg/core.a(CDC.cpp.o)
 .data._ZL12_usbLineInfo
                0x20070070        0x8 C:\Users\ryuya\AppData\Local\Temp\VMicroBuilds\MCP3208P\arduino_due_x_dbg/core.a(CDC.cpp.o)
 .data.g_interrupt_enabled
                0x20070078        0x4 C:\Users\ryuya\AppData\Local\arduino15\packages\arduino\hardware\sam\1.6.9\variants\arduino_due_x/libsam_sam3x8e_gcc_rel.a(interrupt_sam_nvic.o)
                0x20070078                g_interrupt_enabled
 *fill*         0x2007007c        0x4 
 .data.impure_data
                0x20070080      0x428 c:/users/ryuya/appdata/local/arduino15/packages/arduino/tools/arm-none-eabi-gcc/4.8.3-2014q1/bin/../lib/gcc/arm-none-eabi/4.8.3/../../../../arm-none-eabi/lib/armv7-m\libg.a(lib_a-impure.o)
 .data._impure_ptr
                0x200704a8        0x4 c:/users/ryuya/appdata/local/arduino15/packages/arduino/tools/arm-none-eabi-gcc/4.8.3-2014q1/bin/../lib/gcc/arm-none-eabi/4.8.3/../../../../arm-none-eabi/lib/armv7-m\libg.a(lib_a-impure.o)
                0x200704a8                _impure_ptr
 .data.lc_ctype_charset
                0x200704ac       0x20 c:/users/ryuya/appdata/local/arduino15/packages/arduino/tools/arm-none-eabi-gcc/4.8.3-2014q1/bin/../lib/gcc/arm-none-eabi/4.8.3/../../../../arm-none-eabi/lib/armv7-m\libg.a(lib_a-locale.o)
 .data.__mb_cur_max
                0x200704cc        0x4 c:/users/ryuya/appdata/local/arduino15/packages/arduino/tools/arm-none-eabi-gcc/4.8.3-2014q1/bin/../lib/gcc/arm-none-eabi/4.8.3/../../../../arm-none-eabi/lib/armv7-m\libg.a(lib_a-locale.o)
                0x200704cc                __mb_cur_max
 .data.__malloc_av_
                0x200704d0      0x408 c:/users/ryuya/appdata/local/arduino15/packages/arduino/tools/arm-none-eabi-gcc/4.8.3-2014q1/bin/../lib/gcc/arm-none-eabi/4.8.3/../../../../arm-none-eabi/lib/armv7-m\libg.a(lib_a-mallocr.o)
                0x200704d0                __malloc_av_
 .data.__malloc_trim_threshold
                0x200708d8        0x4 c:/users/ryuya/appdata/local/arduino15/packages/arduino/tools/arm-none-eabi-gcc/4.8.3-2014q1/bin/../lib/gcc/arm-none-eabi/4.8.3/../../../../arm-none-eabi/lib/armv7-m\libg.a(lib_a-mallocr.o)
                0x200708d8                __malloc_trim_threshold
 .data.__malloc_sbrk_base
                0x200708dc        0x4 c:/users/ryuya/appdata/local/arduino15/packages/arduino/tools/arm-none-eabi-gcc/4.8.3-2014q1/bin/../lib/gcc/arm-none-eabi/4.8.3/../../../../arm-none-eabi/lib/armv7-m\libg.a(lib_a-mallocr.o)
                0x200708dc                __malloc_sbrk_base
 .data.__wctomb
                0x200708e0        0x4 c:/users/ryuya/appdata/local/arduino15/packages/arduino/tools/arm-none-eabi-gcc/4.8.3-2014q1/bin/../lib/gcc/arm-none-eabi/4.8.3/../../../../arm-none-eabi/lib/armv7-m\libg.a(lib_a-wctomb_r.o)
                0x200708e0                __wctomb
                0x200708e4                . = ALIGN (0x4)
                0x200708e4                _erelocate = .

.bss            0x200708e4      0x828 load address 0x000860b8
                0x200708e4                . = ALIGN (0x4)
                0x200708e4                _sbss = .
                0x200708e4                _szero = .
 *(.bss .bss.*)
 .bss           0x200708e4       0x1c c:/users/ryuya/appdata/local/arduino15/packages/arduino/tools/arm-none-eabi-gcc/4.8.3-2014q1/bin/../lib/gcc/arm-none-eabi/4.8.3/armv7-m/crtbegin.o
 .bss.tx_buffer2
                0x20070900       0x88 C:\Users\ryuya\AppData\Local\Temp\VMicroBuilds\MCP3208P\arduino_due_x_dbg\variant\variant.cpp.o
                0x20070900                tx_buffer2
 .bss.tx_buffer1
                0x20070988       0x88 C:\Users\ryuya\AppData\Local\Temp\VMicroBuilds\MCP3208P\arduino_due_x_dbg\variant\variant.cpp.o
                0x20070988                tx_buffer1
 .bss.Serial    0x20070a10       0x24 C:\Users\ryuya\AppData\Local\Temp\VMicroBuilds\MCP3208P\arduino_due_x_dbg\variant\variant.cpp.o
                0x20070a10                Serial
 .bss.rx_buffer1
                0x20070a34       0x88 C:\Users\ryuya\AppData\Local\Temp\VMicroBuilds\MCP3208P\arduino_due_x_dbg\variant\variant.cpp.o
                0x20070a34                rx_buffer1
 .bss.Serial1   0x20070abc       0x28 C:\Users\ryuya\AppData\Local\Temp\VMicroBuilds\MCP3208P\arduino_due_x_dbg\variant\variant.cpp.o
                0x20070abc                Serial1
 .bss.Serial2   0x20070ae4       0x28 C:\Users\ryuya\AppData\Local\Temp\VMicroBuilds\MCP3208P\arduino_due_x_dbg\variant\variant.cpp.o
                0x20070ae4                Serial2
 .bss.Serial3   0x20070b0c       0x28 C:\Users\ryuya\AppData\Local\Temp\VMicroBuilds\MCP3208P\arduino_due_x_dbg\variant\variant.cpp.o
                0x20070b0c                Serial3
 .bss.tx_buffer3
                0x20070b34       0x88 C:\Users\ryuya\AppData\Local\Temp\VMicroBuilds\MCP3208P\arduino_due_x_dbg\variant\variant.cpp.o
                0x20070b34                tx_buffer3
 .bss.tx_buffer4
                0x20070bbc       0x88 C:\Users\ryuya\AppData\Local\Temp\VMicroBuilds\MCP3208P\arduino_due_x_dbg\variant\variant.cpp.o
                0x20070bbc                tx_buffer4
 .bss.g_pinStatus
                0x20070c44       0x4f C:\Users\ryuya\AppData\Local\Temp\VMicroBuilds\MCP3208P\arduino_due_x_dbg\variant\variant.cpp.o
                0x20070c44                g_pinStatus
 *fill*         0x20070c93        0x1 
 .bss.rx_buffer2
                0x20070c94       0x88 C:\Users\ryuya\AppData\Local\Temp\VMicroBuilds\MCP3208P\arduino_due_x_dbg\variant\variant.cpp.o
                0x20070c94                rx_buffer2
 .bss.rx_buffer3
                0x20070d1c       0x88 C:\Users\ryuya\AppData\Local\Temp\VMicroBuilds\MCP3208P\arduino_due_x_dbg\variant\variant.cpp.o
                0x20070d1c                rx_buffer3
 .bss.rx_buffer4
                0x20070da4       0x88 C:\Users\ryuya\AppData\Local\Temp\VMicroBuilds\MCP3208P\arduino_due_x_dbg\variant\variant.cpp.o
                0x20070da4                rx_buffer4
 .bss.gpf_isr   0x20070e2c        0x4 C:\Users\ryuya\AppData\Local\arduino15\packages\arduino\hardware\sam\1.6.9\variants\arduino_due_x/libsam_sam3x8e_gcc_rel.a(uotghs.o)
                0x20070e2c                gpf_isr
 .bss.heap.6420
                0x20070e30        0x4 C:\Users\ryuya\AppData\Local\Temp\VMicroBuilds\MCP3208P\arduino_due_x_dbg/core.a(syscalls_sam3.c.o)
 .bss._cmark    0x20070e34        0x2 C:\Users\ryuya\AppData\Local\Temp\VMicroBuilds\MCP3208P\arduino_due_x_dbg/core.a(USBCore.cpp.o)
                0x20070e34                _cmark
 .bss._ZL14isEndpointHalt
                0x20070e36        0x1 C:\Users\ryuya\AppData\Local\Temp\VMicroBuilds\MCP3208P\arduino_due_x_dbg/core.a(USBCore.cpp.o)
 *fill*         0x20070e37        0x1 
 .bss._cdcComposite
                0x20070e38        0x4 C:\Users\ryuya\AppData\Local\Temp\VMicroBuilds\MCP3208P\arduino_due_x_dbg/core.a(USBCore.cpp.o)
                0x20070e38                _cdcComposite
 .bss._ZL21isRemoteWakeUpEnabled
                0x20070e3c        0x1 C:\Users\ryuya\AppData\Local\Temp\VMicroBuilds\MCP3208P\arduino_due_x_dbg/core.a(USBCore.cpp.o)
 *fill*         0x20070e3d        0x3 
 .bss._usbInitialized
                0x20070e40        0x4 C:\Users\ryuya\AppData\Local\Temp\VMicroBuilds\MCP3208P\arduino_due_x_dbg/core.a(USBCore.cpp.o)
                0x20070e40                _usbInitialized
 .bss.USBDevice
                0x20070e44        0x1 C:\Users\ryuya\AppData\Local\Temp\VMicroBuilds\MCP3208P\arduino_due_x_dbg/core.a(USBCore.cpp.o)
                0x20070e44                USBDevice
 *fill*         0x20070e45        0x3 
 .bss._usbSetInterface
                0x20070e48        0x4 C:\Users\ryuya\AppData\Local\Temp\VMicroBuilds\MCP3208P\arduino_due_x_dbg/core.a(USBCore.cpp.o)
                0x20070e48                _usbSetInterface
 .bss._cend     0x20070e4c        0x2 C:\Users\ryuya\AppData\Local\Temp\VMicroBuilds\MCP3208P\arduino_due_x_dbg/core.a(USBCore.cpp.o)
                0x20070e4c                _cend
 *fill*         0x20070e4e        0x2 
 .bss._usbConfiguration
                0x20070e50        0x4 C:\Users\ryuya\AppData\Local\Temp\VMicroBuilds\MCP3208P\arduino_due_x_dbg/core.a(USBCore.cpp.o)
                0x20070e50                _usbConfiguration
 .bss.cdc_rx_buffer
                0x20070e54      0x208 C:\Users\ryuya\AppData\Local\Temp\VMicroBuilds\MCP3208P\arduino_due_x_dbg/core.a(CDC.cpp.o)
                0x20070e54                cdc_rx_buffer
 .bss._ZZN7Serial_6acceptEvE5guard
                0x2007105c        0x4 C:\Users\ryuya\AppData\Local\Temp\VMicroBuilds\MCP3208P\arduino_due_x_dbg/core.a(CDC.cpp.o)
 .bss.SerialUSB
                0x20071060       0x14 C:\Users\ryuya\AppData\Local\Temp\VMicroBuilds\MCP3208P\arduino_due_x_dbg/core.a(CDC.cpp.o)
                0x20071060                SerialUSB
 .bss._ZZ12PluggableUSBvE3obj
                0x20071074        0x8 C:\Users\ryuya\AppData\Local\Temp\VMicroBuilds\MCP3208P\arduino_due_x_dbg/core.a(PluggableUSB.cpp.o)
 .bss._ZGVZ12PluggableUSBvE3obj
                0x2007107c        0x4 C:\Users\ryuya\AppData\Local\Temp\VMicroBuilds\MCP3208P\arduino_due_x_dbg/core.a(PluggableUSB.cpp.o)
 .bss._dwTickCount
                0x20071080        0x4 C:\Users\ryuya\AppData\Local\arduino15\packages\arduino\hardware\sam\1.6.9\variants\arduino_due_x/libsam_sam3x8e_gcc_rel.a(timetick.o)
 .bss.ul_recv_fifo_ptr
                0x20071084       0x28 C:\Users\ryuya\AppData\Local\arduino15\packages\arduino\hardware\sam\1.6.9\variants\arduino_due_x/libsam_sam3x8e_gcc_rel.a(uotghs_device.o)
 .bss.ul_send_fifo_ptr
                0x200710ac       0x28 C:\Users\ryuya\AppData\Local\arduino15\packages\arduino\hardware\sam\1.6.9\variants\arduino_due_x/libsam_sam3x8e_gcc_rel.a(uotghs_device.o)
 .bss.__malloc_max_total_mem
                0x200710d4        0x4 c:/users/ryuya/appdata/local/arduino15/packages/arduino/tools/arm-none-eabi-gcc/4.8.3-2014q1/bin/../lib/gcc/arm-none-eabi/4.8.3/../../../../arm-none-eabi/lib/armv7-m\libg.a(lib_a-mallocr.o)
                0x200710d4                __malloc_max_total_mem
 .bss.__malloc_max_sbrked_mem
                0x200710d8        0x4 c:/users/ryuya/appdata/local/arduino15/packages/arduino/tools/arm-none-eabi-gcc/4.8.3-2014q1/bin/../lib/gcc/arm-none-eabi/4.8.3/../../../../arm-none-eabi/lib/armv7-m\libg.a(lib_a-mallocr.o)
                0x200710d8                __malloc_max_sbrked_mem
 .bss.__malloc_top_pad
                0x200710dc        0x4 c:/users/ryuya/appdata/local/arduino15/packages/arduino/tools/arm-none-eabi-gcc/4.8.3-2014q1/bin/../lib/gcc/arm-none-eabi/4.8.3/../../../../arm-none-eabi/lib/armv7-m\libg.a(lib_a-mallocr.o)
                0x200710dc                __malloc_top_pad
 .bss.__malloc_current_mallinfo
                0x200710e0       0x28 c:/users/ryuya/appdata/local/arduino15/packages/arduino/tools/arm-none-eabi-gcc/4.8.3-2014q1/bin/../lib/gcc/arm-none-eabi/4.8.3/../../../../arm-none-eabi/lib/armv7-m\libg.a(lib_a-mallocr.o)
                0x200710e0                __malloc_current_mallinfo
 *(COMMON)
 COMMON         0x20071108        0x4 c:/users/ryuya/appdata/local/arduino15/packages/arduino/tools/arm-none-eabi-gcc/4.8.3-2014q1/bin/../lib/gcc/arm-none-eabi/4.8.3/../../../../arm-none-eabi/lib/armv7-m\libg.a(lib_a-reent.o)
                0x20071108                errno
                0x2007110c                . = ALIGN (0x4)
                0x2007110c                _ebss = .
                0x2007110c                _ezero = .
                0x2007110c                . = ALIGN (0x4)
                0x2007110c                _end = .

.stack_dummy    0x2007110c        0x0
 *(.stack*)
                0x20088000                __StackTop = (ORIGIN (ram) + 0x18000)
                0x20088000                __StackLimit = (__StackTop - SIZEOF (.stack_dummy))
                0x20088000                PROVIDE (_sstack, __StackLimit)
                0x20088000                PROVIDE (_estack, __StackTop)
OUTPUT(C:\Users\ryuya\AppData\Local\Temp\VMicroBuilds\MCP3208P\arduino_due_x_dbg/MCP3208P.ino.elf elf32-littlearm)

.ARM.attributes
                0x00000000       0x29
 .ARM.attributes
                0x00000000       0x1d c:/users/ryuya/appdata/local/arduino15/packages/arduino/tools/arm-none-eabi-gcc/4.8.3-2014q1/bin/../lib/gcc/arm-none-eabi/4.8.3/armv7-m/crti.o
 .ARM.attributes
                0x0000001d       0x2d c:/users/ryuya/appdata/local/arduino15/packages/arduino/tools/arm-none-eabi-gcc/4.8.3-2014q1/bin/../lib/gcc/arm-none-eabi/4.8.3/armv7-m/crtbegin.o
 .ARM.attributes
                0x0000004a       0x33 C:\Users\ryuya\AppData\Local\Temp\VMicroBuilds\MCP3208P\arduino_due_x_dbg\MCP3208P.cpp.o
 .ARM.attributes
                0x0000007d       0x33 C:\Users\ryuya\AppData\Local\Temp\VMicroBuilds\MCP3208P\arduino_due_x_dbg\variant\variant.cpp.o
 .ARM.attributes
                0x000000b0       0x33 C:\Users\ryuya\AppData\Local\arduino15\packages\arduino\hardware\sam\1.6.9\variants\arduino_due_x/libsam_sam3x8e_gcc_rel.a(pio.o)
 .ARM.attributes
                0x000000e3       0x33 C:\Users\ryuya\AppData\Local\arduino15\packages\arduino\hardware\sam\1.6.9\variants\arduino_due_x/libsam_sam3x8e_gcc_rel.a(pmc.o)
 .ARM.attributes
                0x00000116       0x33 C:\Users\ryuya\AppData\Local\arduino15\packages\arduino\hardware\sam\1.6.9\variants\arduino_due_x/libsam_sam3x8e_gcc_rel.a(system_sam3xa.o)
 .ARM.attributes
                0x00000149       0x33 C:\Users\ryuya\AppData\Local\arduino15\packages\arduino\hardware\sam\1.6.9\variants\arduino_due_x/libsam_sam3x8e_gcc_rel.a(startup_sam3xa.o)
 .ARM.attributes
                0x0000017c       0x33 C:\Users\ryuya\AppData\Local\arduino15\packages\arduino\hardware\sam\1.6.9\variants\arduino_due_x/libsam_sam3x8e_gcc_rel.a(adc.o)
 .ARM.attributes
                0x000001af       0x33 C:\Users\ryuya\AppData\Local\arduino15\packages\arduino\hardware\sam\1.6.9\variants\arduino_due_x/libsam_sam3x8e_gcc_rel.a(uotghs.o)
 .ARM.attributes
                0x000001e2       0x33 C:\Users\ryuya\AppData\Local\Temp\VMicroBuilds\MCP3208P\arduino_due_x_dbg/core.a(cortex_handlers.c.o)
 .ARM.attributes
                0x00000215       0x33 C:\Users\ryuya\AppData\Local\Temp\VMicroBuilds\MCP3208P\arduino_due_x_dbg/core.a(hooks.c.o)
 .ARM.attributes
                0x00000248       0x33 C:\Users\ryuya\AppData\Local\Temp\VMicroBuilds\MCP3208P\arduino_due_x_dbg/core.a(syscalls_sam3.c.o)
 .ARM.attributes
                0x0000027b       0x33 C:\Users\ryuya\AppData\Local\Temp\VMicroBuilds\MCP3208P\arduino_due_x_dbg/core.a(wiring.c.o)
 .ARM.attributes
                0x000002ae       0x33 C:\Users\ryuya\AppData\Local\Temp\VMicroBuilds\MCP3208P\arduino_due_x_dbg/core.a(wiring_analog.c.o)
 .ARM.attributes
                0x000002e1       0x33 C:\Users\ryuya\AppData\Local\Temp\VMicroBuilds\MCP3208P\arduino_due_x_dbg/core.a(wiring_digital.c.o)
 .ARM.attributes
                0x00000314       0x33 C:\Users\ryuya\AppData\Local\Temp\VMicroBuilds\MCP3208P\arduino_due_x_dbg/core.a(main.cpp.o)
 .ARM.attributes
                0x00000347       0x33 C:\Users\ryuya\AppData\Local\Temp\VMicroBuilds\MCP3208P\arduino_due_x_dbg/core.a(Print.cpp.o)
 .ARM.attributes
                0x0000037a       0x33 C:\Users\ryuya\AppData\Local\Temp\VMicroBuilds\MCP3208P\arduino_due_x_dbg/core.a(Reset.cpp.o)
 .ARM.attributes
                0x000003ad       0x33 C:\Users\ryuya\AppData\Local\Temp\VMicroBuilds\MCP3208P\arduino_due_x_dbg/core.a(RingBuffer.cpp.o)
 .ARM.attributes
                0x000003e0       0x33 C:\Users\ryuya\AppData\Local\Temp\VMicroBuilds\MCP3208P\arduino_due_x_dbg/core.a(UARTClass.cpp.o)
 .ARM.attributes
                0x00000413       0x33 C:\Users\ryuya\AppData\Local\Temp\VMicroBuilds\MCP3208P\arduino_due_x_dbg/core.a(USARTClass.cpp.o)
 .ARM.attributes
                0x00000446       0x33 C:\Users\ryuya\AppData\Local\Temp\VMicroBuilds\MCP3208P\arduino_due_x_dbg/core.a(watchdog.cpp.o)
 .ARM.attributes
                0x00000479       0x33 C:\Users\ryuya\AppData\Local\Temp\VMicroBuilds\MCP3208P\arduino_due_x_dbg/core.a(USBCore.cpp.o)
 .ARM.attributes
                0x000004ac       0x33 C:\Users\ryuya\AppData\Local\Temp\VMicroBuilds\MCP3208P\arduino_due_x_dbg/core.a(CDC.cpp.o)
 .ARM.attributes
                0x000004df       0x33 C:\Users\ryuya\AppData\Local\Temp\VMicroBuilds\MCP3208P\arduino_due_x_dbg/core.a(PluggableUSB.cpp.o)
 .ARM.attributes
                0x00000512       0x33 C:\Users\ryuya\AppData\Local\arduino15\packages\arduino\hardware\sam\1.6.9\variants\arduino_due_x/libsam_sam3x8e_gcc_rel.a(timetick.o)
 .ARM.attributes
                0x00000545       0x33 C:\Users\ryuya\AppData\Local\arduino15\packages\arduino\hardware\sam\1.6.9\variants\arduino_due_x/libsam_sam3x8e_gcc_rel.a(wdt.o)
 .ARM.attributes
                0x00000578       0x33 C:\Users\ryuya\AppData\Local\arduino15\packages\arduino\hardware\sam\1.6.9\variants\arduino_due_x/libsam_sam3x8e_gcc_rel.a(interrupt_sam_nvic.o)
 .ARM.attributes
                0x000005ab       0x33 C:\Users\ryuya\AppData\Local\arduino15\packages\arduino\hardware\sam\1.6.9\variants\arduino_due_x/libsam_sam3x8e_gcc_rel.a(uotghs_device.o)
 .ARM.attributes
                0x000005de       0x2d c:/users/ryuya/appdata/local/arduino15/packages/arduino/tools/arm-none-eabi-gcc/4.8.3-2014q1/bin/../lib/gcc/arm-none-eabi/4.8.3/../../../../arm-none-eabi/lib/armv7-m\libg.a(lib_a-impure.o)
 .ARM.attributes
                0x0000060b       0x2d c:/users/ryuya/appdata/local/arduino15/packages/arduino/tools/arm-none-eabi-gcc/4.8.3-2014q1/bin/../lib/gcc/arm-none-eabi/4.8.3/../../../../arm-none-eabi/lib/armv7-m\libg.a(lib_a-init.o)
 .ARM.attributes
                0x00000638       0x2d c:/users/ryuya/appdata/local/arduino15/packages/arduino/tools/arm-none-eabi-gcc/4.8.3-2014q1/bin/../lib/gcc/arm-none-eabi/4.8.3/../../../../arm-none-eabi/lib/armv7-m\libg.a(lib_a-iprintf.o)
 .ARM.attributes
                0x00000665       0x2d c:/users/ryuya/appdata/local/arduino15/packages/arduino/tools/arm-none-eabi-gcc/4.8.3-2014q1/bin/../lib/gcc/arm-none-eabi/4.8.3/../../../../arm-none-eabi/lib/armv7-m\libg.a(lib_a-memset.o)
 .ARM.attributes
                0x00000692       0x2d c:/users/ryuya/appdata/local/arduino15/packages/arduino/tools/arm-none-eabi-gcc/4.8.3-2014q1/bin/../lib/gcc/arm-none-eabi/4.8.3/../../../../arm-none-eabi/lib/armv7-m\libg.a(lib_a-strlen.o)
 .ARM.attributes
                0x000006bf       0x2d c:/users/ryuya/appdata/local/arduino15/packages/arduino/tools/arm-none-eabi-gcc/4.8.3-2014q1/bin/../lib/gcc/arm-none-eabi/4.8.3/../../../../arm-none-eabi/lib/armv7-m\libg.a(lib_a-syskill.o)
 .ARM.attributes
                0x000006ec       0x2d c:/users/ryuya/appdata/local/arduino15/packages/arduino/tools/arm-none-eabi-gcc/4.8.3-2014q1/bin/../lib/gcc/arm-none-eabi/4.8.3/../../../../arm-none-eabi/lib/armv7-m\libg.a(lib_a-vfiprintf.o)
 .ARM.attributes
                0x00000719       0x2d c:/users/ryuya/appdata/local/arduino15/packages/arduino/tools/arm-none-eabi-gcc/4.8.3-2014q1/bin/../lib/gcc/arm-none-eabi/4.8.3/../../../../arm-none-eabi/lib/armv7-m\libg.a(lib_a-wsetup.o)
 .ARM.attributes
                0x00000746       0x2d c:/users/ryuya/appdata/local/arduino15/packages/arduino/tools/arm-none-eabi-gcc/4.8.3-2014q1/bin/../lib/gcc/arm-none-eabi/4.8.3/../../../../arm-none-eabi/lib/armv7-m\libg.a(lib_a-__call_atexit.o)
 .ARM.attributes
                0x00000773       0x2d c:/users/ryuya/appdata/local/arduino15/packages/arduino/tools/arm-none-eabi-gcc/4.8.3-2014q1/bin/../lib/gcc/arm-none-eabi/4.8.3/../../../../arm-none-eabi/lib/armv7-m\libg.a(lib_a-atexit.o)
 .ARM.attributes
                0x000007a0       0x2d c:/users/ryuya/appdata/local/arduino15/packages/arduino/tools/arm-none-eabi-gcc/4.8.3-2014q1/bin/../lib/gcc/arm-none-eabi/4.8.3/../../../../arm-none-eabi/lib/armv7-m\libg.a(lib_a-fflush.o)
 .ARM.attributes
                0x000007cd       0x2d c:/users/ryuya/appdata/local/arduino15/packages/arduino/tools/arm-none-eabi-gcc/4.8.3-2014q1/bin/../lib/gcc/arm-none-eabi/4.8.3/../../../../arm-none-eabi/lib/armv7-m\libg.a(lib_a-findfp.o)
 .ARM.attributes
                0x000007fa       0x2d c:/users/ryuya/appdata/local/arduino15/packages/arduino/tools/arm-none-eabi-gcc/4.8.3-2014q1/bin/../lib/gcc/arm-none-eabi/4.8.3/../../../../arm-none-eabi/lib/armv7-m\libg.a(lib_a-fini.o)
 .ARM.attributes
                0x00000827       0x2d c:/users/ryuya/appdata/local/arduino15/packages/arduino/tools/arm-none-eabi-gcc/4.8.3-2014q1/bin/../lib/gcc/arm-none-eabi/4.8.3/../../../../arm-none-eabi/lib/armv7-m\libg.a(lib_a-fputwc.o)
 .ARM.attributes
                0x00000854       0x2d c:/users/ryuya/appdata/local/arduino15/packages/arduino/tools/arm-none-eabi-gcc/4.8.3-2014q1/bin/../lib/gcc/arm-none-eabi/4.8.3/../../../../arm-none-eabi/lib/armv7-m\libg.a(lib_a-freer.o)
 .ARM.attributes
                0x00000881       0x2d c:/users/ryuya/appdata/local/arduino15/packages/arduino/tools/arm-none-eabi-gcc/4.8.3-2014q1/bin/../lib/gcc/arm-none-eabi/4.8.3/../../../../arm-none-eabi/lib/armv7-m\libg.a(lib_a-fvwrite.o)
 .ARM.attributes
                0x000008ae       0x2d c:/users/ryuya/appdata/local/arduino15/packages/arduino/tools/arm-none-eabi-gcc/4.8.3-2014q1/bin/../lib/gcc/arm-none-eabi/4.8.3/../../../../arm-none-eabi/lib/armv7-m\libg.a(lib_a-fwalk.o)
 .ARM.attributes
                0x000008db       0x2d c:/users/ryuya/appdata/local/arduino15/packages/arduino/tools/arm-none-eabi-gcc/4.8.3-2014q1/bin/../lib/gcc/arm-none-eabi/4.8.3/../../../../arm-none-eabi/lib/armv7-m\libg.a(lib_a-locale.o)
 .ARM.attributes
                0x00000908       0x2d c:/users/ryuya/appdata/local/arduino15/packages/arduino/tools/arm-none-eabi-gcc/4.8.3-2014q1/bin/../lib/gcc/arm-none-eabi/4.8.3/../../../../arm-none-eabi/lib/armv7-m\libg.a(lib_a-makebuf.o)
 .ARM.attributes
                0x00000935       0x2d c:/users/ryuya/appdata/local/arduino15/packages/arduino/tools/arm-none-eabi-gcc/4.8.3-2014q1/bin/../lib/gcc/arm-none-eabi/4.8.3/../../../../arm-none-eabi/lib/armv7-m\libg.a(lib_a-mallocr.o)
 .ARM.attributes
                0x00000962       0x2d c:/users/ryuya/appdata/local/arduino15/packages/arduino/tools/arm-none-eabi-gcc/4.8.3-2014q1/bin/../lib/gcc/arm-none-eabi/4.8.3/../../../../arm-none-eabi/lib/armv7-m\libg.a(lib_a-memchr-stub.o)
 .ARM.attributes
                0x0000098f       0x1b c:/users/ryuya/appdata/local/arduino15/packages/arduino/tools/arm-none-eabi-gcc/4.8.3-2014q1/bin/../lib/gcc/arm-none-eabi/4.8.3/../../../../arm-none-eabi/lib/armv7-m\libg.a(lib_a-memcpy.o)
 .ARM.attributes
                0x000009aa       0x2d c:/users/ryuya/appdata/local/arduino15/packages/arduino/tools/arm-none-eabi-gcc/4.8.3-2014q1/bin/../lib/gcc/arm-none-eabi/4.8.3/../../../../arm-none-eabi/lib/armv7-m\libg.a(lib_a-memmove.o)
 .ARM.attributes
                0x000009d7       0x2d c:/users/ryuya/appdata/local/arduino15/packages/arduino/tools/arm-none-eabi-gcc/4.8.3-2014q1/bin/../lib/gcc/arm-none-eabi/4.8.3/../../../../arm-none-eabi/lib/armv7-m\libg.a(lib_a-mlock.o)
 .ARM.attributes
                0x00000a04       0x2d c:/users/ryuya/appdata/local/arduino15/packages/arduino/tools/arm-none-eabi-gcc/4.8.3-2014q1/bin/../lib/gcc/arm-none-eabi/4.8.3/../../../../arm-none-eabi/lib/armv7-m\libg.a(lib_a-reallocr.o)
 .ARM.attributes
                0x00000a31       0x2d c:/users/ryuya/appdata/local/arduino15/packages/arduino/tools/arm-none-eabi-gcc/4.8.3-2014q1/bin/../lib/gcc/arm-none-eabi/4.8.3/../../../../arm-none-eabi/lib/armv7-m\libg.a(lib_a-sbrkr.o)
 .ARM.attributes
                0x00000a5e       0x2d c:/users/ryuya/appdata/local/arduino15/packages/arduino/tools/arm-none-eabi-gcc/4.8.3-2014q1/bin/../lib/gcc/arm-none-eabi/4.8.3/../../../../arm-none-eabi/lib/armv7-m\libg.a(lib_a-signalr.o)
 .ARM.attributes
                0x00000a8b       0x2d c:/users/ryuya/appdata/local/arduino15/packages/arduino/tools/arm-none-eabi-gcc/4.8.3-2014q1/bin/../lib/gcc/arm-none-eabi/4.8.3/../../../../arm-none-eabi/lib/armv7-m\libg.a(lib_a-stdio.o)
 .ARM.attributes
                0x00000ab8       0x2d c:/users/ryuya/appdata/local/arduino15/packages/arduino/tools/arm-none-eabi-gcc/4.8.3-2014q1/bin/../lib/gcc/arm-none-eabi/4.8.3/../../../../arm-none-eabi/lib/armv7-m\libg.a(lib_a-wbuf.o)
 .ARM.attributes
                0x00000ae5       0x2d c:/users/ryuya/appdata/local/arduino15/packages/arduino/tools/arm-none-eabi-gcc/4.8.3-2014q1/bin/../lib/gcc/arm-none-eabi/4.8.3/../../../../arm-none-eabi/lib/armv7-m\libg.a(lib_a-wcrtomb.o)
 .ARM.attributes
                0x00000b12       0x2d c:/users/ryuya/appdata/local/arduino15/packages/arduino/tools/arm-none-eabi-gcc/4.8.3-2014q1/bin/../lib/gcc/arm-none-eabi/4.8.3/../../../../arm-none-eabi/lib/armv7-m\libg.a(lib_a-wctomb_r.o)
 .ARM.attributes
                0x00000b3f       0x2d c:/users/ryuya/appdata/local/arduino15/packages/arduino/tools/arm-none-eabi-gcc/4.8.3-2014q1/bin/../lib/gcc/arm-none-eabi/4.8.3/../../../../arm-none-eabi/lib/armv7-m\libg.a(lib_a-writer.o)
 .ARM.attributes
                0x00000b6c       0x2d c:/users/ryuya/appdata/local/arduino15/packages/arduino/tools/arm-none-eabi-gcc/4.8.3-2014q1/bin/../lib/gcc/arm-none-eabi/4.8.3/../../../../arm-none-eabi/lib/armv7-m\libg.a(lib_a-__atexit.o)
 .ARM.attributes
                0x00000b99       0x2d c:/users/ryuya/appdata/local/arduino15/packages/arduino/tools/arm-none-eabi-gcc/4.8.3-2014q1/bin/../lib/gcc/arm-none-eabi/4.8.3/../../../../arm-none-eabi/lib/armv7-m\libg.a(lib_a-closer.o)
 .ARM.attributes
                0x00000bc6       0x2d c:/users/ryuya/appdata/local/arduino15/packages/arduino/tools/arm-none-eabi-gcc/4.8.3-2014q1/bin/../lib/gcc/arm-none-eabi/4.8.3/../../../../arm-none-eabi/lib/armv7-m\libg.a(lib_a-fclose.o)
 .ARM.attributes
                0x00000bf3       0x2d c:/users/ryuya/appdata/local/arduino15/packages/arduino/tools/arm-none-eabi-gcc/4.8.3-2014q1/bin/../lib/gcc/arm-none-eabi/4.8.3/../../../../arm-none-eabi/lib/armv7-m\libg.a(lib_a-fstatr.o)
 .ARM.attributes
                0x00000c20       0x2d c:/users/ryuya/appdata/local/arduino15/packages/arduino/tools/arm-none-eabi-gcc/4.8.3-2014q1/bin/../lib/gcc/arm-none-eabi/4.8.3/../../../../arm-none-eabi/lib/armv7-m\libg.a(lib_a-isattyr.o)
 .ARM.attributes
                0x00000c4d       0x2d c:/users/ryuya/appdata/local/arduino15/packages/arduino/tools/arm-none-eabi-gcc/4.8.3-2014q1/bin/../lib/gcc/arm-none-eabi/4.8.3/../../../../arm-none-eabi/lib/armv7-m\libg.a(lib_a-lseekr.o)
 .ARM.attributes
                0x00000c7a       0x2d c:/users/ryuya/appdata/local/arduino15/packages/arduino/tools/arm-none-eabi-gcc/4.8.3-2014q1/bin/../lib/gcc/arm-none-eabi/4.8.3/../../../../arm-none-eabi/lib/armv7-m\libg.a(lib_a-readr.o)
 .ARM.attributes
                0x00000ca7       0x2d c:/users/ryuya/appdata/local/arduino15/packages/arduino/tools/arm-none-eabi-gcc/4.8.3-2014q1/bin/../lib/gcc/arm-none-eabi/4.8.3/../../../../arm-none-eabi/lib/armv7-m\libg.a(lib_a-reent.o)
 .ARM.attributes
                0x00000cd4       0x1d c:/users/ryuya/appdata/local/arduino15/packages/arduino/tools/arm-none-eabi-gcc/4.8.3-2014q1/bin/../lib/gcc/arm-none-eabi/4.8.3/armv7-m\libgcc.a(_aeabi_uldivmod.o)
 .ARM.attributes
                0x00000cf1       0x2d c:/users/ryuya/appdata/local/arduino15/packages/arduino/tools/arm-none-eabi-gcc/4.8.3-2014q1/bin/../lib/gcc/arm-none-eabi/4.8.3/armv7-m\libgcc.a(bpabi.o)
 .ARM.attributes
                0x00000d1e       0x1d c:/users/ryuya/appdata/local/arduino15/packages/arduino/tools/arm-none-eabi-gcc/4.8.3-2014q1/bin/../lib/gcc/arm-none-eabi/4.8.3/armv7-m\libgcc.a(_dvmd_tls.o)
 .ARM.attributes
                0x00000d3b       0x2d c:/users/ryuya/appdata/local/arduino15/packages/arduino/tools/arm-none-eabi-gcc/4.8.3-2014q1/bin/../lib/gcc/arm-none-eabi/4.8.3/armv7-m\libgcc.a(_divdi3.o)
 .ARM.attributes